<html>
<body>
<pre>
<h1>µVision Build Log</h1>
<h2>Tool Versions:</h2>
IDE-Version: ¦ÌVision V5.35.0.0
Copyright (C) 2021 ARM Ltd and ARM Germany GmbH. All rights reserved.
License Information: shihao zhu, zbdx, LIC=WHYH9-45B28-BSWYX-H3F1P-WWZZG-8S273
 
Tool Versions:
Toolchain:       MDK-ARM Plus  Version: 5.35.0.2
Toolchain Path:  D:\keil5\ARM\ARMCC\Bin
C Compiler:      Armcc.exe V5.06 update 7 (build 960)
Assembler:       Armasm.exe V5.06 update 7 (build 960)
Linker/Locator:  ArmLink.exe V5.06 update 7 (build 960)
Library Manager: ArmAr.exe V5.06 update 7 (build 960)
Hex Converter:   FromElf.exe V5.06 update 7 (build 960)
CPU DLL:         SARMCM3.DLL V5.35.0.2
Dialog DLL:      DCM.DLL V1.17.3.0
Target DLL:      STLink\ST-LINKIII-KEIL_SWO.dll V3.0.9.0
Dialog DLL:      TCM.DLL V1.53.0.0
 
<h2>Project:</h2>
D:\stm32\school creat STM32\butter-debug-module\Button-Debug-Medule\MDK-ARM\butter-debug-module.uvprojx
Project File Date:  10/21/2024

<h2>Output:</h2>
*** Using Compiler 'V5.06 update 7 (build 960)', folder: 'D:\keil5\ARM\ARMCC\Bin'
Rebuild target 'butter-debug-module'
assembling startup_stm32f103xb.s...
compiling usb.c...
compiling i2c.c...
compiling usart.c...
compiling tim.c...
compiling crc.c...
compiling gpio.c...
compiling spi.c...
compiling dma.c...
compiling stm32f1xx_it.c...
compiling freertos.c...
compiling main.c...
compiling stm32f1xx_hal_crc.c...
compiling stm32f1xx_hal_timebase_tim.c...
compiling stm32f1xx_hal_pwr.c...
compiling stm32f1xx_hal_gpio_ex.c...
compiling stm32f1xx_hal_msp.c...
compiling stm32f1xx_hal.c...
compiling stm32f1xx_hal_gpio.c...
compiling stm32f1xx_hal_rcc_ex.c...
compiling stm32f1xx_hal_dma.c...
compiling stm32f1xx_hal_cortex.c...
compiling stm32f1xx_hal_rcc.c...
compiling stm32f1xx_hal_pcd_ex.c...
compiling stm32f1xx_hal_exti.c...
compiling stm32f1xx_hal_flash.c...
compiling stm32f1xx_hal_flash_ex.c...
compiling stm32f1xx_hal_pcd.c...
compiling multi_button.c...
compiling stm32f1xx_hal_spi.c...
compiling stm32f1xx_hal_tim_ex.c...
compiling stm32f1xx_ll_usb.c...
compiling stm32f1xx_hal_uart.c...
compiling stm32f1xx_hal_i2c.c...
compiling stm32f1xx_hal_tim.c...
compiling system_stm32f1xx.c...
compiling KEY.c...
compiling croutine.c...
compiling Buzzer.c...
compiling OLED_Function.c...
compiling self_def_message.c...
compiling ring_buffer.c...
compiling bsp_iic.c...
compiling OLED_IIC_Config.c...
compiling bsp_spi.c...
compiling bsp_usart.c...
compiling list.c...
compiling button_motor.c...
compiling event_groups.c...
compiling stream_buffer.c...
compiling queue.c...
compiling timers.c...
compiling tasks.c...
compiling elog_port.c...
compiling elog.c...
compiling heap_4.c...
compiling elog_utils.c...
compiling cmsis_os.c...
compiling port.c...
linking...
Program Size: Code=29084 RO-data=868 RW-data=224 ZI-data=10232  
FromELF: creating hex file...
"butter-debug-module\butter-debug-module.axf" - 0 Error(s), 0 Warning(s).

<h2>Software Packages used:</h2>

Package Vendor: ARM
                http://www.keil.com/pack/ARM.CMSIS.5.8.0.pack
                ARM.CMSIS.5.8.0
                CMSIS (Common Microcontroller Software Interface Standard)
   * Component: CORE Version: 5.5.0

Package Vendor: Keil
                https://www.keil.com/pack/Keil.STM32F1xx_DFP.2.4.1.pack
                Keil.STM32F1xx_DFP.2.4.1
                STMicroelectronics STM32F1 Series Device Support, Drivers and Examples

<h2>Collection of Component include folders:</h2>
  .\RTE\_butter-debug-module
  D:\keil5\Arm\Packs\ARM\CMSIS\5.8.0\CMSIS\Core\Include
  D:\keil5\Arm\Packs\Keil\STM32F1xx_DFP\2.4.1\Device\Include

<h2>Collection of Component Files used:</h2>

   * Component: ARM::CMSIS:CORE:5.5.0
      Include file:  CMSIS\Core\Include\tz_context.h
Build Time Elapsed:  00:00:08
</pre>
</body>
</html>
