Component: ARM Compiler 5.06 update 7 (build 960) Tool: armlink [4d3601]

==============================================================================

Section Cross References

    startup_stm32f103xb.o(RESET) refers to startup_stm32f103xb.o(STACK) for __initial_sp
    startup_stm32f103xb.o(RESET) refers to startup_stm32f103xb.o(.text) for Reset_Handler
    startup_stm32f103xb.o(RESET) refers to stm32f1xx_it.o(i.NMI_Handler) for NMI_Handler
    startup_stm32f103xb.o(RESET) refers to stm32f1xx_it.o(i.HardFault_Handler) for HardFault_Handler
    startup_stm32f103xb.o(RESET) refers to stm32f1xx_it.o(i.MemManage_Handler) for MemManage_Handler
    startup_stm32f103xb.o(RESET) refers to stm32f1xx_it.o(i.BusFault_Handler) for BusFault_Handler
    startup_stm32f103xb.o(RESET) refers to stm32f1xx_it.o(i.UsageFault_Handler) for UsageFault_Handler
    startup_stm32f103xb.o(RESET) refers to port.o(.emb_text) for SVC_Handler
    startup_stm32f103xb.o(RESET) refers to stm32f1xx_it.o(i.DebugMon_Handler) for DebugMon_Handler
    startup_stm32f103xb.o(RESET) refers to port.o(i.SysTick_Handler) for SysTick_Handler
    startup_stm32f103xb.o(RESET) refers to stm32f1xx_it.o(i.DMA1_Channel4_IRQHandler) for DMA1_Channel4_IRQHandler
    startup_stm32f103xb.o(RESET) refers to stm32f1xx_it.o(i.DMA1_Channel5_IRQHandler) for DMA1_Channel5_IRQHandler
    startup_stm32f103xb.o(RESET) refers to stm32f1xx_it.o(i.DMA1_Channel6_IRQHandler) for DMA1_Channel6_IRQHandler
    startup_stm32f103xb.o(RESET) refers to stm32f1xx_it.o(i.DMA1_Channel7_IRQHandler) for DMA1_Channel7_IRQHandler
    startup_stm32f103xb.o(RESET) refers to stm32f1xx_it.o(i.TIM1_UP_IRQHandler) for TIM1_UP_IRQHandler
    startup_stm32f103xb.o(RESET) refers to stm32f1xx_it.o(i.TIM2_IRQHandler) for TIM2_IRQHandler
    startup_stm32f103xb.o(RESET) refers to stm32f1xx_it.o(i.TIM3_IRQHandler) for TIM3_IRQHandler
    startup_stm32f103xb.o(RESET) refers to stm32f1xx_it.o(i.USART1_IRQHandler) for USART1_IRQHandler
    startup_stm32f103xb.o(RESET) refers to stm32f1xx_it.o(i.USART2_IRQHandler) for USART2_IRQHandler
    startup_stm32f103xb.o(.text) refers to system_stm32f1xx.o(i.SystemInit) for SystemInit
    startup_stm32f103xb.o(.text) refers to entry.o(.ARM.Collect$$$$00000000) for __main
    main.o(i.HAL_TIM_PeriodElapsedCallback) refers to stm32f1xx_hal.o(i.HAL_IncTick) for HAL_IncTick
    main.o(i.SystemClock_Config) refers to memseta.o(.text) for __aeabi_memclr4
    main.o(i.SystemClock_Config) refers to stm32f1xx_hal_rcc.o(i.HAL_RCC_OscConfig) for HAL_RCC_OscConfig
    main.o(i.SystemClock_Config) refers to stm32f1xx_hal_rcc.o(i.HAL_RCC_ClockConfig) for HAL_RCC_ClockConfig
    main.o(i.fgetc) refers to stm32f1xx_hal_uart.o(i.HAL_UART_Receive) for HAL_UART_Receive
    main.o(i.fgetc) refers to usart.o(.bss) for huart1
    main.o(i.fputc) refers to stm32f1xx_hal_uart.o(i.HAL_UART_Transmit) for HAL_UART_Transmit
    main.o(i.fputc) refers to usart.o(.bss) for huart1
    main.o(i.main) refers to stm32f1xx_hal.o(i.HAL_Init) for HAL_Init
    main.o(i.main) refers to main.o(i.SystemClock_Config) for SystemClock_Config
    main.o(i.main) refers to gpio.o(i.MX_GPIO_Init) for MX_GPIO_Init
    main.o(i.main) refers to dma.o(i.MX_DMA_Init) for MX_DMA_Init
    main.o(i.main) refers to i2c.o(i.MX_I2C1_Init) for MX_I2C1_Init
    main.o(i.main) refers to i2c.o(i.MX_I2C2_Init) for MX_I2C2_Init
    main.o(i.main) refers to spi.o(i.MX_SPI1_Init) for MX_SPI1_Init
    main.o(i.main) refers to spi.o(i.MX_SPI2_Init) for MX_SPI2_Init
    main.o(i.main) refers to tim.o(i.MX_TIM2_Init) for MX_TIM2_Init
    main.o(i.main) refers to tim.o(i.MX_TIM3_Init) for MX_TIM3_Init
    main.o(i.main) refers to usart.o(i.MX_USART1_UART_Init) for MX_USART1_UART_Init
    main.o(i.main) refers to usart.o(i.MX_USART2_UART_Init) for MX_USART2_UART_Init
    main.o(i.main) refers to crc.o(i.MX_CRC_Init) for MX_CRC_Init
    main.o(i.main) refers to button_motor.o(i.Buttonmotorinit) for Buttonmotorinit
    main.o(i.main) refers to freertos.o(i.MX_FREERTOS_Init) for MX_FREERTOS_Init
    main.o(i.main) refers to cmsis_os.o(i.osKernelStart) for osKernelStart
    main.o(shellCommand) refers to main.o(.constdata) for shellCmdvarInt
    main.o(shellCommand) refers to main.o(.data) for varInt
    main.o(shellCommand) refers to main.o(.constdata) for shellDescvarInt
    main.o(shellCommand) refers to main.o(.constdata) for shellCmdvarStr
    main.o(shellCommand) refers to main.o(.data) for str
    main.o(shellCommand) refers to main.o(.constdata) for shellDescvarStr
    gpio.o(i.MX_GPIO_Init) refers to stm32f1xx_hal_gpio.o(i.HAL_GPIO_WritePin) for HAL_GPIO_WritePin
    gpio.o(i.MX_GPIO_Init) refers to stm32f1xx_hal_gpio.o(i.HAL_GPIO_Init) for HAL_GPIO_Init
    freertos.o(i.MX_FREERTOS_Init) refers to cmsis_os.o(i.osMessageCreate) for osMessageCreate
    freertos.o(i.MX_FREERTOS_Init) refers to memcpya.o(.text) for __aeabi_memcpy4
[...]
    MemManage_Handler                        0x08004339   Thumb Code     2  stm32f1xx_it.o(i.MemManage_Handler)
    NMI_Handler                              0x0800433b   Thumb Code     2  stm32f1xx_it.o(i.NMI_Handler)
    OLED_CLS                                 0x0800433d   Thumb Code    52  oled_iic_config.o(i.OLED_CLS)
    OLED_Init                                0x08004371   Thumb Code   194  oled_iic_config.o(i.OLED_Init)
    OLED_RefreshRAM                          0x08004449   Thumb Code    62  oled_iic_config.o(i.OLED_RefreshRAM)
    OLED_SetPixel                            0x0800448d   Thumb Code    56  oled_iic_config.o(i.OLED_SetPixel)
    OLED_ShowStr                             0x080044c9   Thumb Code   302  oled_function.o(i.OLED_ShowStr)
    OLED_task                                0x08004601   Thumb Code     8  button_motor.o(i.OLED_task)
    ReadOneByteFromRingBuffer                0x08004609   Thumb Code    42  ring_buffer.o(i.ReadOneByteFromRingBuffer)
    ReadRingBuffer                           0x08004633   Thumb Code    30  ring_buffer.o(i.ReadRingBuffer)
    RingBufferinit                           0x08004651   Thumb Code    12  ring_buffer.o(i.RingBufferinit)
    Set_PID                                  0x0800465d   Thumb Code    18  button_motor.o(i.Set_PID)
    ShellInit                                0x08004685   Thumb Code    64  shell_port.o(i.ShellInit)
    StartDefaultTask                         0x080046e9   Thumb Code     8  freertos.o(i.StartDefaultTask)
    SysTick_Handler                          0x080046f1   Thumb Code    38  port.o(i.SysTick_Handler)
    SystemClock_Config                       0x0800471d   Thumb Code    94  main.o(i.SystemClock_Config)
    SystemInit                               0x0800477b   Thumb Code     2  system_stm32f1xx.o(i.SystemInit)
    TIM1_UP_IRQHandler                       0x0800477d   Thumb Code     6  stm32f1xx_it.o(i.TIM1_UP_IRQHandler)
    TIM2_IRQHandler                          0x08004789   Thumb Code     6  stm32f1xx_it.o(i.TIM2_IRQHandler)
    TIM3_IRQHandler                          0x08004795   Thumb Code     6  stm32f1xx_it.o(i.TIM3_IRQHandler)
    TIM_Base_SetConfig                       0x080047a1   Thumb Code   108  stm32f1xx_hal_tim.o(i.TIM_Base_SetConfig)
    TIM_CCxChannelCmd                        0x08004819   Thumb Code    26  stm32f1xx_hal_tim.o(i.TIM_CCxChannelCmd)
    TIM_ETR_SetConfig                        0x08004833   Thumb Code    20  stm32f1xx_hal_tim.o(i.TIM_ETR_SetConfig)
    TIM_OC2_SetConfig                        0x080048a9   Thumb Code    84  stm32f1xx_hal_tim.o(i.TIM_OC2_SetConfig)
    UART_Receive_IT_enable                   0x08004c59   Thumb Code    58  bsp_usart.o(i.UART_Receive_IT_enable)
    UART_Start_Receive_DMA                   0x08004d4d   Thumb Code   130  stm32f1xx_hal_uart.o(i.UART_Start_Receive_DMA)
    USART1_IRQHandler                        0x08004e51   Thumb Code    20  stm32f1xx_it.o(i.USART1_IRQHandler)
    USART2_IRQHandler                        0x08004e6d   Thumb Code    20  stm32f1xx_it.o(i.USART2_IRQHandler)
    UartSend                                 0x08004e89   Thumb Code    34  bsp_usart.o(i.UartSend)
    Uart_Idle_rcDMA                          0x08004ead   Thumb Code    24  bsp_usart.o(i.Uart_Idle_rcDMA)
    UsageFault_Handler                       0x08004ecd   Thumb Code     2  stm32f1xx_it.o(i.UsageFault_Handler)
    User_rx_Callback                         0x08004ed1   Thumb Code    54  button_motor.o(i.User_rx_Callback)
    WriteCmd                                 0x08004f0d   Thumb Code     8  oled_iic_config.o(i.WriteCmd)
    WriteDat                                 0x08004f15   Thumb Code     8  oled_iic_config.o(i.WriteDat)
    WriteOneByteToRingBuffer                 0x08004f1d   Thumb Code    40  ring_buffer.o(i.WriteOneByteToRingBuffer)
    WriteRingBuffer                          0x08004f45   Thumb Code    30  ring_buffer.o(i.WriteRingBuffer)
    __0printf                                0x08004f65   Thumb Code    22  printfa.o(i.__0printf)
    __1printf                                0x08004f65   Thumb Code     0  printfa.o(i.__0printf)
    __2printf                                0x08004f65   Thumb Code     0  printfa.o(i.__0printf)
    __c89printf                              0x08004f65   Thumb Code     0  printfa.o(i.__0printf)
    printf                                   0x08004f65   Thumb Code     0  printfa.o(i.__0printf)
    __0snprintf                              0x08004f85   Thumb Code    48  printfa.o(i.__0snprintf)
    __1snprintf                              0x08004f85   Thumb Code     0  printfa.o(i.__0snprintf)
    __2snprintf                              0x08004f85   Thumb Code     0  printfa.o(i.__0snprintf)
    __c89snprintf                            0x08004f85   Thumb Code     0  printfa.o(i.__0snprintf)
    snprintf                                 0x08004f85   Thumb Code     0  printfa.o(i.__0snprintf)
    __0vsnprintf                             0x08004fb9   Thumb Code    46  printfa.o(i.__0vsnprintf)
    __1vsnprintf                             0x08004fb9   Thumb Code     0  printfa.o(i.__0vsnprintf)
    __2vsnprintf                             0x08004fb9   Thumb Code     0  printfa.o(i.__0vsnprintf)
    __c89vsnprintf                           0x08004fb9   Thumb Code     0  printfa.o(i.__0vsnprintf)
    vsnprintf                                0x08004fb9   Thumb Code     0  printfa.o(i.__0vsnprintf)
    __scatterload_copy                       0x0800500d   Thumb Code    14  handlers.o(i.__scatterload_copy)
    __scatterload_null                       0x0800501b   Thumb Code     2  handlers.o(i.__scatterload_null)
    __scatterload_zeroinit                   0x0800501d   Thumb Code    14  handlers.o(i.__scatterload_zeroinit)
    bsp_iic_init                             0x080058cd   Thumb Code    58  bsp_iic.o(i.bsp_iic_init)
    bsp_usart_init                           0x08005907   Thumb Code     6  bsp_usart.o(i.bsp_usart_init)
    button1_callback                         0x0800590d   Thumb Code    58  button_motor.o(i.button1_callback)
    button2_callback                         0x0800594d   Thumb Code    58  button_motor.o(i.button2_callback)
    button3_callback                         0x0800598d   Thumb Code    58  button_motor.o(i.button3_callback)
    button4_callback                         0x080059cd   Thumb Code    60  button_motor.o(i.button4_callback)
    button5_callback                         0x08005a0d   Thumb Code    60  button_motor.o(i.button5_callback)
    button6_callback                         0x08005a4d   Thumb Code    60  button_motor.o(i.button6_callback)
    button_attach                            0x08005a8d   Thumb Code     8  multi_button.o(i.button_attach)
    button_init                              0x08005c49   Thumb Code    50  multi_button.o(i.button_init)
    button_start                             0x08005c7d   Thumb Code    32  multi_button.o(i.button_start)
    button_task                              0x08005ca1   Thumb Code    22  button_motor.o(i.button_task)
    button_ticks                             0x08005cb9   Thumb Code    22  multi_button.o(i.button_ticks)
    buzzer_task                              0x08005cd5   Thumb Code   156  button_motor.o(i.buzzer_task)
    easylogger_init                          0x08005dcd   Thumb Code    68  elog_port.o(i.easylogger_init)
    elog_get_filter_tag_lvl                  0x08005e11   Thumb Code   130  elog.o(i.elog_get_filter_tag_lvl)
    elog_init                                0x08005efd   Thumb Code   100  elog.o(i.elog_init)
    elog_output                              0x08005f65   Thumb Code   756  elog.o(i.elog_output)
    elog_output_lock                         0x080062f9   Thumb Code    28  elog.o(i.elog_output_lock)
    elog_output_lock_enabled                 0x08006319   Thumb Code    40  elog.o(i.elog_output_lock_enabled)
    elog_output_unlock                       0x08006345   Thumb Code    28  elog.o(i.elog_output_unlock)
    elog_port_get_p_info                     0x08006365   Thumb Code     4  elog_port.o(i.elog_port_get_p_info)
    elog_port_get_t_info                     0x0800636d   Thumb Code    26  elog_port.o(i.elog_port_get_t_info)
    elog_port_get_time                       0x0800638d   Thumb Code    46  elog_port.o(i.elog_port_get_time)
    elog_port_init                           0x080063c9   Thumb Code    28  elog_port.o(i.elog_port_init)
    elog_port_output                         0x08006401   Thumb Code     8  elog_port.o(i.elog_port_output)
    elog_port_output_lock                    0x08006411   Thumb Code    18  elog_port.o(i.elog_port_output_lock)
    elog_port_output_unlock                  0x08006429   Thumb Code    20  elog_port.o(i.elog_port_output_unlock)
    elog_set_filter_lvl                      0x08006441   Thumb Code    64  elog.o(i.elog_set_filter_lvl)
    elog_set_fmt                             0x080064f1   Thumb Code    72  elog.o(i.elog_set_fmt)
    elog_set_text_color_enabled              0x080065a9   Thumb Code     8  elog.o(i.elog_set_text_color_enabled)
    elog_start                               0x080065b5   Thumb Code    42  elog.o(i.elog_start)
    elog_strcpy                              0x0800663d   Thumb Code   146  elog_utils.o(i.elog_strcpy)
    fputc                                    0x0800672d   Thumb Code    20  main.o(i.fputc)
    frameInstance_init                       0x08006745   Thumb Code    56  self_def_message.o(i.frameInstance_init)
    frame_buf                                0x0800678d   Thumb Code    78  self_def_message.o(i.frame_buf)
    get_button_event                         0x080067e5   Thumb Code     6  multi_button.o(i.get_button_event)
    led1_task                                0x080068dd   Thumb Code    44  button_motor.o(i.led1_task)
    led2_task                                0x0800694d   Thumb Code    46  button_motor.o(i.led2_task)
    led3_task                                0x08006989   Thumb Code    40  button_motor.o(i.led3_task)
    main                                     0x080069f5   Thumb Code    66  main.o(i.main)
    osDelay                                  0x08006a43   Thumb Code    14  cmsis_os.o(i.osDelay)
    osKernelStart                            0x08006a51   Thumb Code    10  cmsis_os.o(i.osKernelStart)
    osMessageCreate                          0x08006a5b   Thumb Code    38  cmsis_os.o(i.osMessageCreate)
    osThreadCreate                           0x08006a81   Thumb Code    84  cmsis_os.o(i.osThreadCreate)
    osThreadResume                           0x08006ad5   Thumb Code    46  cmsis_os.o(i.osThreadResume)
    osThreadSuspend                          0x08006b09   Thumb Code    10  cmsis_os.o(i.osThreadSuspend)
    pcTaskGetName                            0x08006b15   Thumb Code    28  tasks.o(i.pcTaskGetName)
    pvPortMalloc                             0x08007021   Thumb Code   216  heap_4.o(i.pvPortMalloc)
    pvTaskIncrementMutexHeldCount            0x080070fd   Thumb Code    18  tasks.o(i.pvTaskIncrementMutexHeldCount)
    pxPortInitialiseStack                    0x08007115   Thumb Code    32  port.o(i.pxPortInitialiseStack)
    read_button1_GPIO                        0x08007139   Thumb Code    10  key.o(i.read_button1_GPIO)
    read_button2_GPIO                        0x08007149   Thumb Code     8  key.o(i.read_button2_GPIO)
    read_button3_GPIO                        0x08007155   Thumb Code     8  key.o(i.read_button3_GPIO)
    read_button4_GPIO                        0x08007161   Thumb Code     8  key.o(i.read_button4_GPIO)
    read_button5_GPIO                        0x0800716d   Thumb Code     8  key.o(i.read_button5_GPIO)
    read_button6_GPIO                        0x08007179   Thumb Code     8  key.o(i.read_button6_GPIO)
    shellBackspace                           0x08007185   Thumb Code     6  shell.o(i.shellBackspace)
    shellCheckPermission                     0x0800718b   Thumb Code    48  shell.o(i.shellCheckPermission)
    shellClear                               0x080071bd   Thumb Code    24  shell.o(i.shellClear)
    shellClearCommandLine                    0x080071d9   Thumb Code    48  shell.o(i.shellClearCommandLine)
    shellCmds                                0x08007209   Thumb Code    20  shell.o(i.shellCmds)
    shellDelete                              0x0800721d   Thumb Code     8  shell.o(i.shellDelete)
    shellDeleteByte                          0x08007225   Thumb Code   214  shell.o(i.shellDeleteByte)
    shellDeleteCommandLine                   0x080072fd   Thumb Code    24  shell.o(i.shellDeleteCommandLine)
    shellDown                                0x08007319   Thumb Code     8  shell.o(i.shellDown)
    shellEnter                               0x08007321   Thumb Code    20  shell.o(i.shellEnter)
    shellExec                                0x08007335   Thumb Code   150  shell.o(i.shellExec)
    shellExtParsePara                        0x0800752f   Thumb Code   184  shell_ext.o(i.shellExtParsePara)
    shellExtRun                              0x080075e7   Thumb Code   206  shell_ext.o(i.shellExtRun)
    shellGetCurrent                          0x080076f1   Thumb Code    36  shell.o(i.shellGetCurrent)
    shellGetVarValue                         0x08007719   Thumb Code    62  shell.o(i.shellGetVarValue)
    shellHandler                             0x08007759   Thumb Code   214  shell.o(i.shellHandler)
    shellHelp                                0x08007835   Thumb Code    40  shell.o(i.shellHelp)
    shellInit                                0x0800795d   Thumb Code   140  shell.o(i.shellInit)
    shellInsertByte                          0x080079fd   Thumb Code   230  shell.o(i.shellInsertByte)
    shellKeys                                0x08007ae9   Thumb Code    20  shell.o(i.shellKeys)
    shellLeft                                0x08007afd   Thumb Code    32  shell.o(i.shellLeft)
    shellListCommand                         0x08007b1d   Thumb Code    72  shell.o(i.shellListCommand)
    shellListItem                            0x08007b69   Thumb Code   228  shell.o(i.shellListItem)
    shellListKey                             0x08007c5d   Thumb Code    76  shell.o(i.shellListKey)
    shellListUser                            0x08007cad   Thumb Code    76  shell.o(i.shellListUser)
    shellListVar                             0x08007cfd   Thumb Code    74  shell.o(i.shellListVar)
    shellNormalInput                         0x08007d4d   Thumb Code    16  shell.o(i.shellNormalInput)
    shellRight                               0x08007d5d   Thumb Code    32  shell.o(i.shellRight)
    shellRunCommand                          0x08007d7d   Thumb Code   186  shell.o(i.shellRunCommand)
    shellSeekCommand                         0x08007e39   Thumb Code   110  shell.o(i.shellSeekCommand)
    shellSetUser                             0x08007ea9   Thumb Code    90  shell.o(i.shellSetUser)
    shellSetVar                              0x08007f09   Thumb Code    82  shell.o(i.shellSetVar)
    shellSetVarValue                         0x08007f61   Thumb Code   108  shell.o(i.shellSetVarValue)
    shellSplit                               0x08008081   Thumb Code   232  shell.o(i.shellSplit)
    shellTab                                 0x080081a9   Thumb Code   248  shell.o(i.shellTab)
    shellTask                                0x080082a5   Thumb Code    36  shell.o(i.shellTask)
    shellToDec                               0x080082c9   Thumb Code    76  shell.o(i.shellToDec)
    shellToHex                               0x08008315   Thumb Code    42  shell.o(i.shellToHex)
    shellUp                                  0x0800833f   Thumb Code     6  shell.o(i.shellUp)
    shellUsers                               0x08008345   Thumb Code    20  shell.o(i.shellUsers)
    shellVars                                0x08008359   Thumb Code    20  shell.o(i.shellVars)
    shellWriteString                         0x080084a1   Thumb Code    36  shell.o(i.shellWriteString)
    userShellLock                            0x080084c5   Thumb Code    18  shell_port.o(i.userShellLock)
    userShellRead                            0x080084dd   Thumb Code    26  shell_port.o(i.userShellRead)
    userShellUnlock                          0x080084fd   Thumb Code    20  shell_port.o(i.userShellUnlock)
    userShellWrite                           0x08008515   Thumb Code    22  shell_port.o(i.userShellWrite)
    uxListRemove                             0x08008531   Thumb Code    38  list.o(i.uxListRemove)
    vApplicationGetIdleTaskMemory            0x08008559   Thumb Code    16  freertos.o(i.vApplicationGetIdleTaskMemory)
    vListInitialise                          0x0800856d   Thumb Code    22  list.o(i.vListInitialise)
    vListInitialiseItem                      0x08008583   Thumb Code     6  list.o(i.vListInitialiseItem)
    vListInsert                              0x08008589   Thumb Code    48  list.o(i.vListInsert)
    vListInsertEnd                           0x080085b9   Thumb Code    24  list.o(i.vListInsertEnd)
    vPortEnterCritical                       0x080085d1   Thumb Code    54  port.o(i.vPortEnterCritical)
    vPortExitCritical                        0x08008611   Thumb Code    34  port.o(i.vPortExitCritical)
    vPortFree                                0x08008639   Thumb Code    94  heap_4.o(i.vPortFree)
    vPortSetupTimerInterrupt                 0x0800869d   Thumb Code    32  port.o(i.vPortSetupTimerInterrupt)
    vPortValidateInterruptPriority           0x080086c1   Thumb Code    74  port.o(i.vPortValidateInterruptPriority)
    vTaskDelay                               0x08008715   Thumb Code    66  tasks.o(i.vTaskDelay)
    vTaskDelayUntil                          0x08008761   Thumb Code   132  tasks.o(i.vTaskDelayUntil)
    vTaskInternalSetTimeOutState             0x080087ed   Thumb Code    12  tasks.o(i.vTaskInternalSetTimeOutState)
    vTaskMissedYield                         0x080087fd   Thumb Code     8  tasks.o(i.vTaskMissedYield)
    vTaskPlaceOnEventList                    0x08008809   Thumb Code    44  tasks.o(i.vTaskPlaceOnEventList)
    vTaskPriorityDisinheritAfterTimeout      0x08008839   Thumb Code   152  tasks.o(i.vTaskPriorityDisinheritAfterTimeout)
    vTaskResume                              0x080088d9   Thumb Code   112  tasks.o(i.vTaskResume)
    vTaskStartScheduler                      0x08008955   Thumb Code    90  tasks.o(i.vTaskStartScheduler)
    vTaskSuspend                             0x080089c1   Thumb Code   170  tasks.o(i.vTaskSuspend)
    vTaskSuspendAll                          0x08008a7d   Thumb Code    10  tasks.o(i.vTaskSuspendAll)
    vTaskSwitchContext                       0x08008a8d   Thumb Code    82  tasks.o(i.vTaskSwitchContext)
    xPortStartScheduler                      0x08008ae9   Thumb Code   154  port.o(i.xPortStartScheduler)
    xQueueCreateMutex                        0x08008b91   Thumb Code    22  queue.o(i.xQueueCreateMutex)
    xQueueGenericCreate                      0x08008ba7   Thumb Code    66  queue.o(i.xQueueGenericCreate)
    xQueueGenericCreateStatic                0x08008be9   Thumb Code   102  queue.o(i.xQueueGenericCreateStatic)
    xQueueGenericReset                       0x08008c51   Thumb Code   132  queue.o(i.xQueueGenericReset)
    xQueueGenericSend                        0x08008cd9   Thumb Code   346  queue.o(i.xQueueGenericSend)
    xQueueGenericSendFromISR                 0x08008e39   Thumb Code   190  queue.o(i.xQueueGenericSendFromISR)
    xQueueReceive                            0x08008ef9   Thumb Code   308  queue.o(i.xQueueReceive)
    xQueueSemaphoreTake                      0x08009031   Thumb Code   372  queue.o(i.xQueueSemaphoreTake)
    xTaskCheckForTimeOut                     0x080091a9   Thumb Code   112  tasks.o(i.xTaskCheckForTimeOut)
    xTaskCreate                              0x0800921d   Thumb Code    90  tasks.o(i.xTaskCreate)
    xTaskCreateStatic                        0x08009277   Thumb Code    86  tasks.o(i.xTaskCreateStatic)
    xTaskGetCurrentTaskHandle                0x080092cd   Thumb Code     6  tasks.o(i.xTaskGetCurrentTaskHandle)
    xTaskGetSchedulerState                   0x080092d9   Thumb Code    22  tasks.o(i.xTaskGetSchedulerState)
    xTaskGetTickCount                        0x080092f5   Thumb Code     6  tasks.o(i.xTaskGetTickCount)
    xTaskIncrementTick                       0x08009301   Thumb Code   194  tasks.o(i.xTaskIncrementTick)
    xTaskPriorityDisinherit                  0x080093cd   Thumb Code   144  tasks.o(i.xTaskPriorityDisinherit)
    xTaskPriorityInherit                     0x08009465   Thumb Code   130  tasks.o(i.xTaskPriorityInherit)
    xTaskRemoveFromEventList                 0x080094f1   Thumb Code   106  tasks.o(i.xTaskRemoveFromEventList)
    xTaskResumeAll                           0x08009569   Thumb Code   182  tasks.o(i.xTaskResumeAll)
    xTaskResumeFromISR                       0x0800962d   Thumb Code   126  tasks.o(i.xTaskResumeFromISR)
    shellCmdvarInt                           0x080096b8   Data           7  main.o(.constdata)
    shellDescvarInt                          0x080096bf   Data           5  main.o(.constdata)
    shellCmdvarStr                           0x080096c4   Data           7  main.o(.constdata)
    shellDescvarStr                          0x080096cb   Data           5  main.o(.constdata)
    AHBPrescTable                            0x080097b6   Data          16  system_stm32f1xx.o(.constdata)
    APBPrescTable                            0x080097c6   Data           8  system_stm32f1xx.o(.constdata)
    shellCmdsetpid                           0x080097ce   Data           7  button_motor.o(.constdata)
    shellDescsetpid                          0x080097d5   Data           7  button_motor.o(.constdata)
    shellCmdDefaultUser                      0x08009901   Data           7  shell.o(.constdata)
    shellPasswordDefaultUser                 0x08009908   Data           1  shell.o(.constdata)
    shellDesDefaultUser                      0x08009909   Data          13  shell.o(.constdata)
    shellCmdsetVar                           0x08009916   Data           7  shell.o(.constdata)
    shellDescsetVar                          0x0800991d   Data           8  shell.o(.constdata)
    shellDesc0x1B5B4100                      0x08009925   Data           3  shell.o(.constdata)
    shellDesc0x1B5B4200                      0x08009928   Data           5  shell.o(.constdata)
    shellDesc0x1B5B4300                      0x0800992d   Data           6  shell.o(.constdata)
    shellDesc0x1B5B4400                      0x08009933   Data           5  shell.o(.constdata)
    shellDesc0x09000000                      0x08009938   Data           4  shell.o(.constdata)
    shellDesc0x08000000                      0x0800993c   Data          10  shell.o(.constdata)
    shellDesc0x7F000000                      0x08009946   Data          10  shell.o(.constdata)
    shellDesc0x1B5B337E                      0x08009950   Data           7  shell.o(.constdata)
    shellDesc0x0A000000                      0x08009957   Data           6  shell.o(.constdata)
    shellDesc0x0D000000                      0x0800995d   Data           6  shell.o(.constdata)
    shellCmdhelp                             0x08009963   Data           5  shell.o(.constdata)
    shellDeschelp                            0x08009968   Data          30  shell.o(.constdata)
    shellCmdusers                            0x08009986   Data           6  shell.o(.constdata)
    shellDescusers                           0x0800998c   Data          14  shell.o(.constdata)
    shellCmdcmds                             0x0800999a   Data           5  shell.o(.constdata)
    shellDesccmds                            0x0800999f   Data          13  shell.o(.constdata)
    shellCmdvars                             0x080099ac   Data           5  shell.o(.constdata)
    shellDescvars                            0x080099b1   Data          13  shell.o(.constdata)
    shellCmdkeys                             0x080099be   Data           5  shell.o(.constdata)
    shellDesckeys                            0x080099c3   Data          13  shell.o(.constdata)
    shellCmdclear                            0x080099d0   Data           6  shell.o(.constdata)
    shellDescclear                           0x080099d6   Data          14  shell.o(.constdata)
    Region$$Table$$Base                      0x08009d24   Number         0  anon$$obj.o(Region$$Table)
    Region$$Table$$Limit                     0x08009d44   Number         0  anon$$obj.o(Region$$Table)
    shellCommand$$Base                       0x08009d44   Number         0  main.o(shellCommand)
    shellVarvarInt                           0x08009d44   Data          16  main.o(shellCommand)
    shellVarvarStr                           0x08009d54   Data          16  main.o(shellCommand)
    shellCommandsetpid                       0x08009d64   Data          16  button_motor.o(shellCommand)
    shellUserDefault                         0x08009d74   Data          16  shell.o(shellCommand)
    shellCommandsetVar                       0x08009d84   Data          16  shell.o(shellCommand)
    shellKey0x1B5B4100                       0x08009d94   Data          16  shell.o(shellCommand)
    shellKey0x1B5B4200                       0x08009da4   Data          16  shell.o(shellCommand)
    shellKey0x1B5B4300                       0x08009db4   Data          16  shell.o(shellCommand)
    shellKey0x1B5B4400                       0x08009dc4   Data          16  shell.o(shellCommand)
    shellKey0x09000000                       0x08009dd4   Data          16  shell.o(shellCommand)
    shellKey0x08000000                       0x08009de4   Data          16  shell.o(shellCommand)
    shellKey0x7F000000                       0x08009df4   Data          16  shell.o(shellCommand)
    shellKey0x1B5B337E                       0x08009e04   Data          16  shell.o(shellCommand)
    shellKey0x0A000000                       0x08009e14   Data          16  shell.o(shellCommand)
    shellKey0x0D000000                       0x08009e24   Data          16  shell.o(shellCommand)
    shellCommandhelp                         0x08009e34   Data          16  shell.o(shellCommand)
    shellCommandusers                        0x08009e44   Data          16  shell.o(shellCommand)
    shellCommandcmds                         0x08009e54   Data          16  shell.o(shellCommand)
    shellCommandvars                         0x08009e64   Data          16  shell.o(shellCommand)
    shellCommandkeys                         0x08009e74   Data          16  shell.o(shellCommand)
    shellCommandclear                        0x08009e84   Data          16  shell.o(shellCommand)
    shellCommand$$Limit                      0x08009e94   Number         0  shell.o(shellCommand)
    varInt                                   0x20000000   Data           4  main.o(.data)
    str                                      0x20000004   Data          12  main.o(.data)
    defaultTaskHandle                        0x20000010   Data           4  freertos.o(.data)
    Buzzer_taskHandle                        0x20000014   Data           4  freertos.o(.data)
    Button_taskHandle                        0x20000018   Data           4  freertos.o(.data)
    LED2_taskHandle                          0x2000001c   Data           4  freertos.o(.data)
    LED3_taskHandle                          0x20000020   Data           4  freertos.o(.data)
    LED1_taskHandle                          0x20000024   Data           4  freertos.o(.data)
    OLED_TaskHandle                          0x20000028   Data           4  freertos.o(.data)
    queuekey1Handle                          0x2000002c   Data           4  freertos.o(.data)
    hcrc                                     0x20000030   Data           8  crc.o(.data)
    uwTickFreq                               0x20000038   Data           1  stm32f1xx_hal.o(.data)
    uwTickPrio                               0x2000003c   Data           4  stm32f1xx_hal.o(.data)
    uwTick                                   0x20000040   Data           4  stm32f1xx_hal.o(.data)
    SystemCoreClock                          0x20000044   Data           4  system_stm32f1xx.o(.data)
    Uart_frame                               0x2000004c   Data           8  self_def_message.o(.data)
    iic_instance                             0x20000918   Data          20  oled_iic_config.o(.data)
    pxCurrentTCB                             0x2000092c   Data           4  tasks.o(.data)
    elog_assert_hook                         0x20000994   Data           4  elog.o(.data)
    pairedChars                              0x200009cc   Data           2  shell.o(.data)
    __stdout                                 0x20000a28   Data           4  stdout.o(.data)
    hi2c1                                    0x20000c88   Data          84  i2c.o(.bss)
    hi2c2                                    0x20000cdc   Data          84  i2c.o(.bss)
    hspi1                                    0x20000d30   Data          88  spi.o(.bss)
    hspi2                                    0x20000d88   Data          88  spi.o(.bss)
    htim2                                    0x20000de0   Data          72  tim.o(.bss)
    htim3                                    0x20000e28   Data          72  tim.o(.bss)
    huart1                                   0x20000e70   Data          72  usart.o(.bss)
    huart2                                   0x20000eb8   Data          72  usart.o(.bss)
    hdma_usart1_rx                           0x20000f00   Data          68  usart.o(.bss)
    hdma_usart1_tx                           0x20000f44   Data          68  usart.o(.bss)
    hdma_usart2_rx                           0x20000f88   Data          68  usart.o(.bss)
    hdma_usart2_tx                           0x20000fcc   Data          68  usart.o(.bss)
    htim1                                    0x20001010   Data          72  stm32f1xx_hal_timebase_tim.o(.bss)
    frame1                                   0x20001058   Data         140  button_motor.o(.bss)
    Data1                                    0x200010e4   Data          18  button_motor.o(.bss)
    Ring_Buff                                0x200010f8   Data          16  button_motor.o(.bss)
    ringbuff                                 0x20001108   Data         200  button_motor.o(.bss)
    button1                                  0x200011d0   Data          44  button_motor.o(.bss)
    button2                                  0x200011fc   Data          44  button_motor.o(.bss)
    button3                                  0x20001228   Data          44  button_motor.o(.bss)
    button4                                  0x20001254   Data          44  button_motor.o(.bss)
    button5                                  0x20001280   Data          44  button_motor.o(.bss)
    button6                                  0x200012ac   Data          44  button_motor.o(.bss)
    Usart_SendBuf                            0x200012d8   Data          64  self_def_message.o(.bss)
    DataBuff                                 0x20001318   Data          64  self_def_message.o(.bss)
    ScreenBuffer                             0x20001358   Data        1024  oled_iic_config.o(.bss)
    OLED_IIC                                 0x20001758   Data          16  oled_iic_config.o(.bss)
    shell                                    0x20002e28   Data         116  shell_port.o(.bss)
    shellBuffer                              0x20002e9c   Data         512  shell_port.o(.bss)
    __initial_sp                             0x200034a0   Data           0  startup_stm32f103xb.o(STACK)



==============================================================================

Memory Map of the image

  Image Entry point : 0x080000ed

  Load Region LR_IROM1 (Base: 0x08000000, Size: 0x0000a8c0, Max: 0x00010000, ABSOLUTE, COMPRESSED[0x0000a4e0])

    Execution Region ER_IROM1 (Exec base: 0x08000000, Load base: 0x08000000, Size: 0x00009e94, Max: 0x00010000, ABSOLUTE)

    Exec Addr    Load Addr    Size         Type   Attr      Idx    E Section Name        Object

    0x08000000   0x08000000   0x000000ec   Data   RO            3    RESET               startup_stm32f103xb.o
    0x080000ec   0x080000ec   0x00000000   Code   RO         6852  * .ARM.Collect$$$$00000000  mc_w.l(entry.o)
    0x080000ec   0x080000ec   0x00000004   Code   RO         7146    .ARM.Collect$$$$00000001  mc_w.l(entry2.o)
    0x080000f0   0x080000f0   0x00000004   Code   RO         7149    .ARM.Collect$$$$00000004  mc_w.l(entry5.o)
    0x080000f4   0x080000f4   0x00000000   Code   RO         7151    .ARM.Collect$$$$00000008  mc_w.l(entry7b.o)
    0x080000f4   0x080000f4   0x00000000   Code   RO         7153    .ARM.Collect$$$$0000000A  mc_w.l(entry8b.o)
    0x080000f4   0x080000f4   0x00000008   Code   RO         7154    .ARM.Collect$$$$0000000B  mc_w.l(entry9a.o)
    0x080000fc   0x080000fc   0x00000004   Code   RO         7161    .ARM.Collect$$$$0000000E  mc_w.l(entry12b.o)
    0x08000100   0x08000100   0x00000000   Code   RO         7156    .ARM.Collect$$$$0000000F  mc_w.l(entry10a.o)
    0x08000100   0x08000100   0x00000000   Code   RO         7158    .ARM.Collect$$$$00000011  mc_w.l(entry11a.o)
    0x08000100   0x08000100   0x00000004   Code   RO         7147    .ARM.Collect$$$$00002712  mc_w.l(entry2.o)
    0x08000104   0x08000104   0x00000096   Code   RO         6051    .emb_text           port.o
    0x0800019a   0x0800019a   0x00000002   PAD
    0x0800019c   0x0800019c   0x00000024   Code   RO            4    .text               startup_stm32f103xb.o
    0x080001c0   0x080001c0   0x00000020   Code   RO         6855    .text               mc_w.l(llushr.o)
    0x080001e0   0x080001e0   0x00000024   Code   RO         6857    .text               mc_w.l(memcpya.o)
    0x08000204   0x08000204   0x00000024   Code   RO         6861    .text               mc_w.l(memseta.o)
    0x08000228   0x08000228   0x00000024   Code   RO         6863    .text               mc_w.l(strstr.o)
    0x0800024c   0x0800024c   0x0000000e   Code   RO         6867    .text               mc_w.l(strlen.o)
    0x0800025a   0x0800025a   0x0000001c   Code   RO         6869    .text               mc_w.l(strcmp.o)
    0x08000276   0x08000276   0x0000001e   Code   RO         6873    .text               mc_w.l(strncmp.o)
    0x08000294   0x08000294   0x00000064   Code   RO         7138    .text               mf_w.l(fmul.o)
    0x080002f8   0x080002f8   0x0000007c   Code   RO         7140    .text               mf_w.l(fdiv.o)
    0x08000374   0x08000374   0x00000012   Code   RO         7142    .text               mf_w.l(fflti.o)
    0x08000386   0x08000386   0x0000000a   Code   RO         7144    .text               mf_w.l(ffltui.o)
    0x08000390   0x08000390   0x0000002c   Code   RO         7163    .text               mc_w.l(uidiv.o)
    0x080003bc   0x080003bc   0x00000062   Code   RO         7165    .text               mc_w.l(uldiv.o)
    0x0800041e   0x0800041e   0x00000000   Code   RO         7167    .text               mc_w.l(iusefp.o)
    0x0800041e   0x0800041e   0x0000006e   Code   RO         7168    .text               mf_w.l(fepilogue.o)
    0x0800048c   0x0800048c   0x0000014e   Code   RO         7170    .text               mf_w.l(dadd.o)
    0x080005da   0x080005da   0x000000e4   Code   RO         7172    .text               mf_w.l(dmul.o)
    0x080006be   0x080006be   0x000000de   Code   RO         7174    .text               mf_w.l(ddiv.o)
    0x0800079c   0x0800079c   0x00000030   Code   RO         7176    .text               mf_w.l(dfixul.o)
    0x080007cc   0x080007cc   0x00000030   Code   RO         7178    .text               mf_w.l(cdrcmple.o)
    0x080007fc   0x080007fc   0x00000024   Code   RO         7180    .text               mc_w.l(init.o)
    0x08000820   0x08000820   0x0000001e   Code   RO         7182    .text               mc_w.l(llshl.o)
    0x0800083e   0x0800083e   0x00000024   Code   RO         7184    .text               mc_w.l(llsshr.o)
    0x08000862   0x08000862   0x000000ba   Code   RO         7186    .text               mf_w.l(depilogue.o)
    0x0800091c   0x0800091c   0x00000056   Code   RO         7196    .text               mc_w.l(__dczerorl2.o)
    0x08000972   0x08000972   0x00000002   Code   RO          637    i.BusFault_Handler  stm32f1xx_it.o
    0x08000974   0x08000974   0x00000080   Code   RO         4018    i.Buttonmotorinit   button_motor.o
    0x080009f4   0x080009f4   0x00000034   Code   RO         4270    i.Buzzer_SetFreq    buzzer.o
    0x08000a28   0x08000a28   0x0000000c   Code   RO         4271    i.Buzzer_off        buzzer.o
    0x08000a34   0x08000a34   0x00000012   Code   RO         4272    i.Buzzer_on         buzzer.o
    0x08000a46   0x08000a46   0x00000002   PAD
    0x08000a48   0x08000a48   0x0000000c   Code   RO          638    i.DMA1_Channel4_IRQHandler  stm32f1xx_it.o
    0x08000a54   0x08000a54   0x0000000c   Code   RO          639    i.DMA1_Channel5_IRQHandler  stm32f1xx_it.o
    0x08000a60   0x08000a60   0x0000000c   Code   RO          640    i.DMA1_Channel6_IRQHandler  stm32f1xx_it.o
    0x08000a6c   0x08000a6c   0x0000000c   Code   RO          641    i.DMA1_Channel7_IRQHandler  stm32f1xx_it.o
    0x08000a78   0x08000a78   0x0000002a   Code   RO         1288    i.DMA_SetConfig     stm32f1xx_hal_dma.o
    0x08000aa2   0x08000aa2   0x00000002   Code   RO          642    i.DebugMon_Handler  stm32f1xx_it.o
    0x08000aa4   0x08000aa4   0x00000004   Code   RO           13    i.Error_Handler     main.o
    0x08000aa8   0x08000aa8   0x00000022   Code   RO          852    i.HAL_CRC_Init      stm32f1xx_hal_crc.o
    0x08000aca   0x08000aca   0x00000002   PAD
    0x08000acc   0x08000acc   0x00000028   Code   RO          374    i.HAL_CRC_MspInit   crc.o
    0x08000af4   0x08000af4   0x00000046   Code   RO         1289    i.HAL_DMA_Abort     stm32f1xx_hal_dma.o
    0x08000b3a   0x08000b3a   0x00000002   PAD
    0x08000b3c   0x08000b3c   0x00000098   Code   RO         1290    i.HAL_DMA_Abort_IT  stm32f1xx_hal_dma.o
    0x08000bd4   0x08000bd4   0x00000154   Code   RO         1294    i.HAL_DMA_IRQHandler  stm32f1xx_hal_dma.o
    0x08000d28   0x08000d28   0x0000005c   Code   RO         1295    i.HAL_DMA_Init      stm32f1xx_hal_dma.o
    0x08000d84   0x08000d84   0x00000070   Code   RO         1299    i.HAL_DMA_Start_IT  stm32f1xx_hal_dma.o
    0x08000df4   0x08000df4   0x000001e0   Code   RO         1225    i.HAL_GPIO_Init     stm32f1xx_hal_gpio.o
    0x08000fd4   0x08000fd4   0x0000000a   Code   RO         1227    i.HAL_GPIO_ReadPin  stm32f1xx_hal_gpio.o
    0x08000fde   0x08000fde   0x00000010   Code   RO         1228    i.HAL_GPIO_TogglePin  stm32f1xx_hal_gpio.o
    0x08000fee   0x08000fee   0x0000000a   Code   RO         1229    i.HAL_GPIO_WritePin  stm32f1xx_hal_gpio.o
    0x08000ff8   0x08000ff8   0x0000000c   Code   RO          919    i.HAL_GetTick       stm32f1xx_hal.o
    0x08001004   0x08001004   0x00000002   Code   RO         1892    i.HAL_I2C_ErrorCallback  stm32f1xx_hal_i2c.o
    0x08001006   0x08001006   0x00000002   PAD
    0x08001008   0x08001008   0x00000188   Code   RO         1896    i.HAL_I2C_Init      stm32f1xx_hal_i2c.o
    0x08001190   0x08001190   0x00000002   Code   RO         1899    i.HAL_I2C_MasterRxCpltCallback  stm32f1xx_hal_i2c.o
    0x08001192   0x08001192   0x00000002   PAD
    0x08001194   0x08001194   0x00000250   Code   RO         1902    i.HAL_I2C_Master_Receive  stm32f1xx_hal_i2c.o
    0x080013e4   0x080013e4   0x00000228   Code   RO         1905    i.HAL_I2C_Master_Seq_Receive_DMA  stm32f1xx_hal_i2c.o
    0x0800160c   0x0800160c   0x00000140   Code   RO         1906    i.HAL_I2C_Master_Seq_Receive_IT  stm32f1xx_hal_i2c.o
    0x0800174c   0x0800174c   0x000001c4   Code   RO         1907    i.HAL_I2C_Master_Seq_Transmit_DMA  stm32f1xx_hal_i2c.o
    0x08001910   0x08001910   0x000000d4   Code   RO         1908    i.HAL_I2C_Master_Seq_Transmit_IT  stm32f1xx_hal_i2c.o
    0x080019e4   0x080019e4   0x0000012c   Code   RO         1909    i.HAL_I2C_Master_Transmit  stm32f1xx_hal_i2c.o
    0x08001b10   0x08001b10   0x00000002   Code   RO         1912    i.HAL_I2C_MemRxCpltCallback  stm32f1xx_hal_i2c.o
    0x08001b12   0x08001b12   0x00000002   PAD
    0x08001b14   0x08001b14   0x0000025c   Code   RO         1914    i.HAL_I2C_Mem_Read  stm32f1xx_hal_i2c.o
    0x08001d70   0x08001d70   0x00000130   Code   RO         1917    i.HAL_I2C_Mem_Write  stm32f1xx_hal_i2c.o
    0x08001ea0   0x08001ea0   0x000000a8   Code   RO          440    i.HAL_I2C_MspInit   i2c.o
    0x08001f48   0x08001f48   0x00000002   Code   RO         1922    i.HAL_I2C_SlaveRxCpltCallback  stm32f1xx_hal_i2c.o
    0x08001f4a   0x08001f4a   0x00000002   Code   RO         1923    i.HAL_I2C_SlaveTxCpltCallback  stm32f1xx_hal_i2c.o
    0x08001f4c   0x08001f4c   0x00000010   Code   RO          925    i.HAL_IncTick       stm32f1xx_hal.o
    0x08001f5c   0x08001f5c   0x00000024   Code   RO          926    i.HAL_Init          stm32f1xx_hal.o
    0x08001f80   0x08001f80   0x0000008c   Code   RO          773    i.HAL_InitTick      stm32f1xx_hal_timebase_tim.o
    0x0800200c   0x0800200c   0x00000048   Code   RO          749    i.HAL_MspInit       stm32f1xx_hal_msp.o
    0x08002054   0x08002054   0x0000001a   Code   RO         1385    i.HAL_NVIC_EnableIRQ  stm32f1xx_hal_cortex.o
    0x0800206e   0x0800206e   0x00000002   PAD
    0x08002070   0x08002070   0x00000040   Code   RO         1391    i.HAL_NVIC_SetPriority  stm32f1xx_hal_cortex.o
    0x080020b0   0x080020b0   0x00000024   Code   RO         1392    i.HAL_NVIC_SetPriorityGrouping  stm32f1xx_hal_cortex.o
    0x080020d4   0x080020d4   0x0000012c   Code   RO         1083    i.HAL_RCC_ClockConfig  stm32f1xx_hal_rcc.o
    0x08002200   0x08002200   0x00000040   Code   RO         1087    i.HAL_RCC_GetClockConfig  stm32f1xx_hal_rcc.o
    0x08002240   0x08002240   0x00000020   Code   RO         1090    i.HAL_RCC_GetPCLK1Freq  stm32f1xx_hal_rcc.o
    0x08002260   0x08002260   0x00000020   Code   RO         1091    i.HAL_RCC_GetPCLK2Freq  stm32f1xx_hal_rcc.o
    0x08002280   0x08002280   0x0000004c   Code   RO         1092    i.HAL_RCC_GetSysClockFreq  stm32f1xx_hal_rcc.o
    0x080022cc   0x080022cc   0x00000320   Code   RO         1095    i.HAL_RCC_OscConfig  stm32f1xx_hal_rcc.o
    0x080025ec   0x080025ec   0x000000b2   Code   RO         2333    i.HAL_SPI_Init      stm32f1xx_hal_spi.o
    0x0800269e   0x0800269e   0x00000002   PAD
    0x080026a0   0x080026a0   0x000000b0   Code   RO          488    i.HAL_SPI_MspInit   spi.o
    0x08002750   0x08002750   0x00000002   Code   RO         3350    i.HAL_TIMEx_BreakCallback  stm32f1xx_hal_tim_ex.o
    0x08002752   0x08002752   0x00000002   Code   RO         3351    i.HAL_TIMEx_CommutCallback  stm32f1xx_hal_tim_ex.o
    0x08002754   0x08002754   0x00000068   Code   RO         3369    i.HAL_TIMEx_MasterConfigSynchronization  stm32f1xx_hal_tim_ex.o
    0x080027bc   0x080027bc   0x0000005a   Code   RO         2646    i.HAL_TIM_Base_Init  stm32f1xx_hal_tim.o
    0x08002816   0x08002816   0x00000002   PAD
    0x08002818   0x08002818   0x00000060   Code   RO          536    i.HAL_TIM_Base_MspInit  tim.o
    0x08002878   0x08002878   0x00000058   Code   RO         2651    i.HAL_TIM_Base_Start_IT  stm32f1xx_hal_tim.o
    0x080028d0   0x080028d0   0x000000dc   Code   RO         2655    i.HAL_TIM_ConfigClockSource  stm32f1xx_hal_tim.o
    0x080029ac   0x080029ac   0x00000002   Code   RO         2680    i.HAL_TIM_IC_CaptureCallback  stm32f1xx_hal_tim.o
    0x080029ae   0x080029ae   0x00000130   Code   RO         2694    i.HAL_TIM_IRQHandler  stm32f1xx_hal_tim.o
    0x08002ade   0x08002ade   0x00000002   PAD
    0x08002ae0   0x08002ae0   0x0000004c   Code   RO          537    i.HAL_TIM_MspPostInit  tim.o
    0x08002b2c   0x08002b2c   0x00000002   Code   RO         2697    i.HAL_TIM_OC_DelayElapsedCallback  stm32f1xx_hal_tim.o
    0x08002b2e   0x08002b2e   0x000000cc   Code   RO         2718    i.HAL_TIM_PWM_ConfigChannel  stm32f1xx_hal_tim.o
    0x08002bfa   0x08002bfa   0x0000005a   Code   RO         2721    i.HAL_TIM_PWM_Init  stm32f1xx_hal_tim.o
    0x08002c54   0x08002c54   0x00000002   Code   RO         2723    i.HAL_TIM_PWM_MspInit  stm32f1xx_hal_tim.o
    0x08002c56   0x08002c56   0x00000002   Code   RO         2724    i.HAL_TIM_PWM_PulseFinishedCallback  stm32f1xx_hal_tim.o
    0x08002c58   0x08002c58   0x0000009c   Code   RO         2726    i.HAL_TIM_PWM_Start  stm32f1xx_hal_tim.o
    0x08002cf4   0x08002cf4   0x00000070   Code   RO         2729    i.HAL_TIM_PWM_Stop  stm32f1xx_hal_tim.o
    0x08002d64   0x08002d64   0x00000014   Code   RO           14    i.HAL_TIM_PeriodElapsedCallback  main.o
    0x08002d78   0x08002d78   0x00000002   Code   RO         2737    i.HAL_TIM_TriggerCallback  stm32f1xx_hal_tim.o
    0x08002d7a   0x08002d7a   0x0000004a   Code   RO         3627    i.HAL_UARTEx_ReceiveToIdle_DMA  stm32f1xx_hal_uart.o
    0x08002dc4   0x08002dc4   0x00000088   Code   RO         4019    i.HAL_UARTEx_RxEventCallback  button_motor.o
    0x08002e4c   0x08002e4c   0x00000030   Code   RO         4376    i.HAL_UART_ErrorCallback  self_def_message.o
    0x08002e7c   0x08002e7c   0x0000026c   Code   RO         3646    i.HAL_UART_IRQHandler  stm32f1xx_hal_uart.o
    0x080030e8   0x080030e8   0x00000064   Code   RO         3647    i.HAL_UART_Init     stm32f1xx_hal_uart.o
    0x0800314c   0x0800314c   0x0000018c   Code   RO          590    i.HAL_UART_MspInit  usart.o
    0x080032d8   0x080032d8   0x000000b0   Code   RO         3650    i.HAL_UART_Receive  stm32f1xx_hal_uart.o
    0x08003388   0x08003388   0x00000002   Code   RO         3653    i.HAL_UART_RxCpltCallback  stm32f1xx_hal_uart.o
    0x0800338a   0x0800338a   0x00000002   Code   RO         3654    i.HAL_UART_RxHalfCpltCallback  stm32f1xx_hal_uart.o
    0x0800338c   0x0800338c   0x000000a0   Code   RO         3655    i.HAL_UART_Transmit  stm32f1xx_hal_uart.o
    0x0800342c   0x0800342c   0x00000078   Code   RO         3656    i.HAL_UART_Transmit_DMA  stm32f1xx_hal_uart.o
    0x080034a4   0x080034a4   0x00000032   Code   RO         3657    i.HAL_UART_Transmit_IT  stm32f1xx_hal_uart.o
    0x080034d6   0x080034d6   0x00000002   Code   RO         3658    i.HAL_UART_TxCpltCallback  stm32f1xx_hal_uart.o
    0x080034d8   0x080034d8   0x00000002   Code   RO         3659    i.HAL_UART_TxHalfCpltCallback  stm32f1xx_hal_uart.o
    0x080034da   0x080034da   0x00000002   Code   RO          643    i.HardFault_Handler  stm32f1xx_it.o
    0x080034dc   0x080034dc   0x00000036   Code   RO         1935    i.I2C_DMAError      stm32f1xx_hal_i2c.o
    0x08003512   0x08003512   0x00000112   Code   RO         1936    i.I2C_DMAXferCplt   stm32f1xx_hal_i2c.o
    0x08003624   0x08003624   0x0000002e   Code   RO         1939    i.I2C_IsAcknowledgeFailed  stm32f1xx_hal_i2c.o
    0x08003652   0x08003652   0x00000002   PAD
    0x08003654   0x08003654   0x000000ec   Code   RO         1942    i.I2C_MasterRequestRead  stm32f1xx_hal_i2c.o
    0x08003740   0x08003740   0x0000009c   Code   RO         1943    i.I2C_MasterRequestWrite  stm32f1xx_hal_i2c.o
    0x080037dc   0x080037dc   0x000000fc   Code   RO         1949    i.I2C_RequestMemoryRead  stm32f1xx_hal_i2c.o
    0x080038d8   0x080038d8   0x000000a8   Code   RO         1950    i.I2C_RequestMemoryWrite  stm32f1xx_hal_i2c.o
    0x08003980   0x08003980   0x00000056   Code   RO         1954    i.I2C_WaitOnBTFFlagUntilTimeout  stm32f1xx_hal_i2c.o
    0x080039d6   0x080039d6   0x00000002   PAD
    0x080039d8   0x080039d8   0x00000090   Code   RO         1955    i.I2C_WaitOnFlagUntilTimeout  stm32f1xx_hal_i2c.o
    0x08003a68   0x08003a68   0x000000bc   Code   RO         1956    i.I2C_WaitOnMasterAddressFlagUntilTimeout  stm32f1xx_hal_i2c.o
    0x08003b24   0x08003b24   0x00000070   Code   RO         1957    i.I2C_WaitOnRXNEFlagUntilTimeout  stm32f1xx_hal_i2c.o
    0x08003b94   0x08003b94   0x00000056   Code   RO         1958    i.I2C_WaitOnTXEFlagUntilTimeout  stm32f1xx_hal_i2c.o
    0x08003bea   0x08003bea   0x00000002   PAD
    0x08003bec   0x08003bec   0x00000028   Code   RO         4472    i.I2C_WriteByte     oled_iic_config.o
    0x08003c14   0x08003c14   0x00000030   Code   RO         4579    i.IIC_AccessMem     bsp_iic.o
    0x08003c44   0x08003c44   0x00000052   Code   RO         4580    i.IIC_Receive       bsp_iic.o
    0x08003c96   0x08003c96   0x00000050   Code   RO         4581    i.IIC_Send          bsp_iic.o
    0x08003ce6   0x08003ce6   0x00000014   Code   RO         4310    i.IsRingBufferEmpty  ring_buffer.o
    0x08003cfa   0x08003cfa   0x00000020   Code   RO         4311    i.IsRingBufferFull  ring_buffer.o
    0x08003d1a   0x08003d1a   0x00000002   PAD
    0x08003d1c   0x08003d1c   0x00000180   Code   RO         4020    i.KEY_Init          button_motor.o
    0x08003e9c   0x08003e9c   0x00000024   Code   RO          375    i.MX_CRC_Init       crc.o
    0x08003ec0   0x08003ec0   0x0000005c   Code   RO          415    i.MX_DMA_Init       dma.o
    0x08003f1c   0x08003f1c   0x000000c0   Code   RO          323    i.MX_FREERTOS_Init  freertos.o
    0x08003fdc   0x08003fdc   0x000000ec   Code   RO          299    i.MX_GPIO_Init      gpio.o
    0x080040c8   0x080040c8   0x00000040   Code   RO          441    i.MX_I2C1_Init      i2c.o
    0x08004108   0x08004108   0x00000040   Code   RO          442    i.MX_I2C2_Init      i2c.o
    0x08004148   0x08004148   0x00000040   Code   RO          489    i.MX_SPI1_Init      spi.o
    0x08004188   0x08004188   0x00000040   Code   RO          490    i.MX_SPI2_Init      spi.o
    0x080041c8   0x080041c8   0x00000068   Code   RO          538    i.MX_TIM2_Init      tim.o
    0x08004230   0x08004230   0x00000098   Code   RO          539    i.MX_TIM3_Init      tim.o
    0x080042c8   0x080042c8   0x00000038   Code   RO          591    i.MX_USART1_UART_Init  usart.o
    0x08004300   0x08004300   0x00000038   Code   RO          592    i.MX_USART2_UART_Init  usart.o
    0x08004338   0x08004338   0x00000002   Code   RO          644    i.MemManage_Handler  stm32f1xx_it.o
    0x0800433a   0x0800433a   0x00000002   Code   RO          645    i.NMI_Handler       stm32f1xx_it.o
    0x0800433c   0x0800433c   0x00000034   Code   RO         4473    i.OLED_CLS          oled_iic_config.o
    0x08004370   0x08004370   0x000000d8   Code   RO         4477    i.OLED_Init         oled_iic_config.o
    0x08004448   0x08004448   0x00000044   Code   RO         4481    i.OLED_RefreshRAM   oled_iic_config.o
    0x0800448c   0x0800448c   0x0000003c   Code   RO         4482    i.OLED_SetPixel     oled_iic_config.o
    0x080044c8   0x080044c8   0x00000138   Code   RO         4427    i.OLED_ShowStr      oled_function.o
    0x08004600   0x08004600   0x00000008   Code   RO         4021    i.OLED_task         button_motor.o
    0x08004608   0x08004608   0x0000002a   Code   RO         4312    i.ReadOneByteFromRingBuffer  ring_buffer.o
    0x08004632   0x08004632   0x0000001e   Code   RO         4313    i.ReadRingBuffer    ring_buffer.o
    0x08004650   0x08004650   0x0000000c   Code   RO         4314    i.RingBufferinit    ring_buffer.o
    0x0800465c   0x0800465c   0x00000028   Code   RO         4022    i.Set_PID           button_motor.o
    0x08004684   0x08004684   0x00000064   Code   RO         6800    i.ShellInit         shell_port.o
    0x080046e8   0x080046e8   0x00000008   Code   RO          324    i.StartDefaultTask  freertos.o
    0x080046f0   0x080046f0   0x0000002c   Code   RO         6052    i.SysTick_Handler   port.o
    0x0800471c   0x0800471c   0x0000005e   Code   RO           15    i.SystemClock_Config  main.o
    0x0800477a   0x0800477a   0x00000002   Code   RO         3981    i.SystemInit        system_stm32f1xx.o
    0x0800477c   0x0800477c   0x0000000c   Code   RO          646    i.TIM1_UP_IRQHandler  stm32f1xx_it.o
    0x08004788   0x08004788   0x0000000c   Code   RO          647    i.TIM2_IRQHandler   stm32f1xx_it.o
    0x08004794   0x08004794   0x0000000c   Code   RO          648    i.TIM3_IRQHandler   stm32f1xx_it.o
    0x080047a0   0x080047a0   0x00000078   Code   RO         2739    i.TIM_Base_SetConfig  stm32f1xx_hal_tim.o
    0x08004818   0x08004818   0x0000001a   Code   RO         2740    i.TIM_CCxChannelCmd  stm32f1xx_hal_tim.o
    0x08004832   0x08004832   0x00000014   Code   RO         2750    i.TIM_ETR_SetConfig  stm32f1xx_hal_tim.o
    0x08004846   0x08004846   0x00000010   Code   RO         2751    i.TIM_ITRx_SetConfig  stm32f1xx_hal_tim.o
    0x08004856   0x08004856   0x00000002   PAD
    0x08004858   0x08004858   0x00000050   Code   RO         2752    i.TIM_OC1_SetConfig  stm32f1xx_hal_tim.o
    0x080048a8   0x080048a8   0x00000058   Code   RO         2753    i.TIM_OC2_SetConfig  stm32f1xx_hal_tim.o
    0x08004900   0x08004900   0x00000058   Code   RO         2754    i.TIM_OC3_SetConfig  stm32f1xx_hal_tim.o
    0x08004958   0x08004958   0x00000044   Code   RO         2755    i.TIM_OC4_SetConfig  stm32f1xx_hal_tim.o
    0x0800499c   0x0800499c   0x00000022   Code   RO         2757    i.TIM_TI1_ConfigInputStage  stm32f1xx_hal_tim.o
    0x080049be   0x080049be   0x00000024   Code   RO         2759    i.TIM_TI2_ConfigInputStage  stm32f1xx_hal_tim.o
    0x080049e2   0x080049e2   0x00000010   Code   RO         3660    i.UART_DMAAbortOnError  stm32f1xx_hal_uart.o
    0x080049f2   0x080049f2   0x0000004a   Code   RO         3661    i.UART_DMAError     stm32f1xx_hal_uart.o
    0x08004a3c   0x08004a3c   0x00000086   Code   RO         3662    i.UART_DMAReceiveCplt  stm32f1xx_hal_uart.o
    0x08004ac2   0x08004ac2   0x0000001e   Code   RO         3664    i.UART_DMARxHalfCplt  stm32f1xx_hal_uart.o
    0x08004ae0   0x08004ae0   0x00000042   Code   RO         3666    i.UART_DMATransmitCplt  stm32f1xx_hal_uart.o
    0x08004b22   0x08004b22   0x0000000a   Code   RO         3668    i.UART_DMATxHalfCplt  stm32f1xx_hal_uart.o
    0x08004b2c   0x08004b2c   0x0000004e   Code   RO         3670    i.UART_EndRxTransfer  stm32f1xx_hal_uart.o
    0x08004b7a   0x08004b7a   0x0000001c   Code   RO         3671    i.UART_EndTxTransfer  stm32f1xx_hal_uart.o
    0x08004b96   0x08004b96   0x000000c2   Code   RO         3672    i.UART_Receive_IT   stm32f1xx_hal_uart.o
    0x08004c58   0x08004c58   0x0000003a   Code   RO         4669    i.UART_Receive_IT_enable  bsp_usart.o
    0x08004c92   0x08004c92   0x00000002   PAD
    0x08004c94   0x08004c94   0x000000b8   Code   RO         3673    i.UART_SetConfig    stm32f1xx_hal_uart.o
    0x08004d4c   0x08004d4c   0x00000090   Code   RO         3674    i.UART_Start_Receive_DMA  stm32f1xx_hal_uart.o
    0x08004ddc   0x08004ddc   0x00000072   Code   RO         3676    i.UART_WaitOnFlagUntilTimeout  stm32f1xx_hal_uart.o
    0x08004e4e   0x08004e4e   0x00000002   PAD
    0x08004e50   0x08004e50   0x0000001c   Code   RO          649    i.USART1_IRQHandler  stm32f1xx_it.o
    0x08004e6c   0x08004e6c   0x0000001c   Code   RO          650    i.USART2_IRQHandler  stm32f1xx_it.o
    0x08004e88   0x08004e88   0x00000022   Code   RO         4671    i.UartSend          bsp_usart.o
    0x08004eaa   0x08004eaa   0x00000002   PAD
    0x08004eac   0x08004eac   0x00000020   Code   RO         4672    i.Uart_Idle_rcDMA   bsp_usart.o
    0x08004ecc   0x08004ecc   0x00000002   Code   RO          651    i.UsageFault_Handler  stm32f1xx_it.o
    0x08004ece   0x08004ece   0x00000002   PAD
    0x08004ed0   0x08004ed0   0x0000003c   Code   RO         4023    i.User_rx_Callback  button_motor.o
    0x08004f0c   0x08004f0c   0x00000008   Code   RO         4484    i.WriteCmd          oled_iic_config.o
    0x08004f14   0x08004f14   0x00000008   Code   RO         4485    i.WriteDat          oled_iic_config.o
    0x08004f1c   0x08004f1c   0x00000028   Code   RO         4315    i.WriteOneByteToRingBuffer  ring_buffer.o
    0x08004f44   0x08004f44   0x0000001e   Code   RO         4316    i.WriteRingBuffer   ring_buffer.o
    0x08004f62   0x08004f62   0x00000002   PAD
    0x08004f64   0x08004f64   0x00000020   Code   RO         7110    i.__0printf         mc_w.l(printfa.o)
    0x08004f84   0x08004f84   0x00000034   Code   RO         7111    i.__0snprintf       mc_w.l(printfa.o)
    0x08004fb8   0x08004fb8   0x00000034   Code   RO         7115    i.__0vsnprintf      mc_w.l(printfa.o)
    0x08004fec   0x08004fec   0x00000020   Code   RO         1398    i.__NVIC_SetPriority  stm32f1xx_hal_cortex.o
    0x0800500c   0x0800500c   0x0000000e   Code   RO         7190    i.__scatterload_copy  mc_w.l(handlers.o)
    0x0800501a   0x0800501a   0x00000002   Code   RO         7191    i.__scatterload_null  mc_w.l(handlers.o)
    0x0800501c   0x0800501c   0x0000000e   Code   RO         7192    i.__scatterload_zeroinit  mc_w.l(handlers.o)
    0x0800502a   0x0800502a   0x00000002   PAD
    0x0800502c   0x0800502c   0x00000184   Code   RO         7117    i._fp_digits        mc_w.l(printfa.o)
    0x080051b0   0x080051b0   0x000006b4   Code   RO         7118    i._printf_core      mc_w.l(printfa.o)
    0x08005864   0x08005864   0x00000024   Code   RO         7119    i._printf_post_padding  mc_w.l(printfa.o)
    0x08005888   0x08005888   0x0000002e   Code   RO         7120    i._printf_pre_padding  mc_w.l(printfa.o)
    0x080058b6   0x080058b6   0x00000016   Code   RO         7121    i._snputc           mc_w.l(printfa.o)
    0x080058cc   0x080058cc   0x0000003a   Code   RO         4582    i.bsp_iic_init      bsp_iic.o
    0x08005906   0x08005906   0x00000006   Code   RO         4673    i.bsp_usart_init    bsp_usart.o
    0x0800590c   0x0800590c   0x00000040   Code   RO         4024    i.button1_callback  button_motor.o
    0x0800594c   0x0800594c   0x00000040   Code   RO         4025    i.button2_callback  button_motor.o
    0x0800598c   0x0800598c   0x00000040   Code   RO         4026    i.button3_callback  button_motor.o
    0x080059cc   0x080059cc   0x00000040   Code   RO         4027    i.button4_callback  button_motor.o
    0x08005a0c   0x08005a0c   0x00000040   Code   RO         4028    i.button5_callback  button_motor.o
    0x08005a4c   0x08005a4c   0x00000040   Code   RO         4029    i.button6_callback  button_motor.o
    0x08005a8c   0x08005a8c   0x00000008   Code   RO         4215    i.button_attach     multi_button.o
    0x08005a94   0x08005a94   0x000001b4   Code   RO         4216    i.button_handler    multi_button.o
    0x08005c48   0x08005c48   0x00000032   Code   RO         4217    i.button_init       multi_button.o
    0x08005c7a   0x08005c7a   0x00000002   PAD
    0x08005c7c   0x08005c7c   0x00000024   Code   RO         4218    i.button_start      multi_button.o
    0x08005ca0   0x08005ca0   0x00000016   Code   RO         4030    i.button_task       button_motor.o
    0x08005cb6   0x08005cb6   0x00000002   PAD
    0x08005cb8   0x08005cb8   0x0000001c   Code   RO         4220    i.button_ticks      multi_button.o
    0x08005cd4   0x08005cd4   0x000000f8   Code   RO         4031    i.buzzer_task       button_motor.o
    0x08005dcc   0x08005dcc   0x00000044   Code   RO         6329    i.easylogger_init   elog_port.o
    0x08005e10   0x08005e10   0x000000ec   Code   RO         6132    i.elog_get_filter_tag_lvl  elog.o
    0x08005efc   0x08005efc   0x00000068   Code   RO         6136    i.elog_init         elog.o
    0x08005f64   0x08005f64   0x00000394   Code   RO         6137    i.elog_output       elog.o
    0x080062f8   0x080062f8   0x00000020   Code   RO         6138    i.elog_output_lock  elog.o
    0x08006318   0x08006318   0x0000002c   Code   RO         6139    i.elog_output_lock_enabled  elog.o
    0x08006344   0x08006344   0x00000020   Code   RO         6140    i.elog_output_unlock  elog.o
    0x08006364   0x08006364   0x00000008   Code   RO         6331    i.elog_port_get_p_info  elog_port.o
    0x0800636c   0x0800636c   0x00000020   Code   RO         6332    i.elog_port_get_t_info  elog_port.o
    0x0800638c   0x0800638c   0x0000003c   Code   RO         6333    i.elog_port_get_time  elog_port.o
    0x080063c8   0x080063c8   0x00000038   Code   RO         6334    i.elog_port_init    elog_port.o
    0x08006400   0x08006400   0x00000010   Code   RO         6335    i.elog_port_output  elog_port.o
    0x08006410   0x08006410   0x00000018   Code   RO         6336    i.elog_port_output_lock  elog_port.o
    0x08006428   0x08006428   0x00000018   Code   RO         6337    i.elog_port_output_unlock  elog_port.o
    0x08006440   0x08006440   0x000000b0   Code   RO         6144    i.elog_set_filter_lvl  elog.o
    0x080064f0   0x080064f0   0x000000b8   Code   RO         6147    i.elog_set_fmt      elog.o
    0x080065a8   0x080065a8   0x0000000c   Code   RO         6149    i.elog_set_text_color_enabled  elog.o
    0x080065b4   0x080065b4   0x00000088   Code   RO         6150    i.elog_start        elog.o
    0x0800663c   0x0800663c   0x000000f0   Code   RO         6306    i.elog_strcpy       elog_utils.o
    0x0800672c   0x0800672c   0x00000018   Code   RO           17    i.fputc             main.o
    0x08006744   0x08006744   0x00000048   Code   RO         4377    i.frameInstance_init  self_def_message.o
    0x0800678c   0x0800678c   0x00000058   Code   RO         4378    i.frame_buf         self_def_message.o
    0x080067e4   0x080067e4   0x00000006   Code   RO         4221    i.get_button_event  multi_button.o
    0x080067ea   0x080067ea   0x00000002   PAD
    0x080067ec   0x080067ec   0x000000c0   Code   RO         6152    i.get_fmt_enabled   elog.o
    0x080068ac   0x080068ac   0x00000012   Code   RO         6153    i.get_fmt_used_and_enabled_ptr  elog.o
    0x080068be   0x080068be   0x00000012   Code   RO         6154    i.get_fmt_used_and_enabled_u32  elog.o
    0x080068d0   0x080068d0   0x0000000c   Code   RO         5615    i.inHandlerMode     cmsis_os.o
    0x080068dc   0x080068dc   0x00000070   Code   RO         4032    i.led1_task         button_motor.o
    0x0800694c   0x0800694c   0x0000003c   Code   RO         4033    i.led2_task         button_motor.o
    0x08006988   0x08006988   0x0000006c   Code   RO         4034    i.led3_task         button_motor.o
    0x080069f4   0x080069f4   0x00000042   Code   RO           18    i.main              main.o
    0x08006a36   0x08006a36   0x0000000c   Code   RO         5617    i.makeFreeRtosPriority  cmsis_os.o
    0x08006a42   0x08006a42   0x0000000e   Code   RO         5619    i.osDelay           cmsis_os.o
    0x08006a50   0x08006a50   0x0000000a   Code   RO         5622    i.osKernelStart     cmsis_os.o
    0x08006a5a   0x08006a5a   0x00000026   Code   RO         5631    i.osMessageCreate   cmsis_os.o
    0x08006a80   0x08006a80   0x00000054   Code   RO         5656    i.osThreadCreate    cmsis_os.o
    0x08006ad4   0x08006ad4   0x00000034   Code   RO         5660    i.osThreadResume    cmsis_os.o
    0x08006b08   0x08006b08   0x0000000a   Code   RO         5663    i.osThreadSuspend   cmsis_os.o
    0x08006b12   0x08006b12   0x00000002   PAD
    0x08006b14   0x08006b14   0x00000020   Code   RO         5258    i.pcTaskGetName     tasks.o
    0x08006b34   0x08006b34   0x00000070   Code   RO         5259    i.prvAddCurrentTaskToDelayedList  tasks.o
    0x08006ba4   0x08006ba4   0x000000d0   Code   RO         5260    i.prvAddNewTaskToReadyList  tasks.o
    0x08006c74   0x08006c74   0x00000026   Code   RO         4877    i.prvCopyDataFromQueue  queue.o
    0x08006c9a   0x08006c9a   0x0000006c   Code   RO         4878    i.prvCopyDataToQueue  queue.o
    0x08006d06   0x08006d06   0x00000034   Code   RO         5261    i.prvDeleteTCB      tasks.o
    0x08006d3a   0x08006d3a   0x00000002   PAD
    0x08006d3c   0x08006d3c   0x00000048   Code   RO         5984    i.prvHeapInit       heap_4.o
    0x08006d84   0x08006d84   0x00000060   Code   RO         5262    i.prvIdleTask       tasks.o
    0x08006de4   0x08006de4   0x00000016   Code   RO         4879    i.prvInitialiseMutex  queue.o
    0x08006dfa   0x08006dfa   0x00000002   PAD
    0x08006dfc   0x08006dfc   0x00000022   Code   RO         4880    i.prvInitialiseNewQueue  queue.o
    0x08006e1e   0x08006e1e   0x00000002   PAD
    0x08006e20   0x08006e20   0x000000b0   Code   RO         5263    i.prvInitialiseNewTask  tasks.o
    0x08006ed0   0x08006ed0   0x0000004c   Code   RO         5985    i.prvInsertBlockIntoFreeList  heap_4.o
    0x08006f1c   0x08006f1c   0x0000001c   Code   RO         4881    i.prvIsQueueEmpty   queue.o
    0x08006f38   0x08006f38   0x00000020   Code   RO         5265    i.prvResetNextTaskUnblockTime  tasks.o
    0x08006f58   0x08006f58   0x00000028   Code   RO         6053    i.prvTaskExitError  port.o
    0x08006f80   0x08006f80   0x00000034   Code   RO         5266    i.prvTaskIsTaskSuspended  tasks.o
    0x08006fb4   0x08006fb4   0x0000006a   Code   RO         4882    i.prvUnlockQueue    queue.o
    0x0800701e   0x0800701e   0x00000002   PAD
    0x08007020   0x08007020   0x000000dc   Code   RO         5986    i.pvPortMalloc      heap_4.o
    0x080070fc   0x080070fc   0x00000018   Code   RO         5267    i.pvTaskIncrementMutexHeldCount  tasks.o
    0x08007114   0x08007114   0x00000024   Code   RO         6054    i.pxPortInitialiseStack  port.o
    0x08007138   0x08007138   0x00000010   Code   RO         4158    i.read_button1_GPIO  key.o
    0x08007148   0x08007148   0x0000000c   Code   RO         4159    i.read_button2_GPIO  key.o
    0x08007154   0x08007154   0x0000000c   Code   RO         4160    i.read_button3_GPIO  key.o
    0x08007160   0x08007160   0x0000000c   Code   RO         4161    i.read_button4_GPIO  key.o
    0x0800716c   0x0800716c   0x0000000c   Code   RO         4162    i.read_button5_GPIO  key.o
    0x08007178   0x08007178   0x0000000c   Code   RO         4163    i.read_button6_GPIO  key.o
    0x08007184   0x08007184   0x00000006   Code   RO         6392    i.shellBackspace    shell.o
    0x0800718a   0x0800718a   0x00000030   Code   RO         6393    i.shellCheckPermission  shell.o
    0x080071ba   0x080071ba   0x00000002   PAD
    0x080071bc   0x080071bc   0x0000001c   Code   RO         6394    i.shellClear        shell.o
    0x080071d8   0x080071d8   0x00000030   Code   RO         6395    i.shellClearCommandLine  shell.o
    0x08007208   0x08007208   0x00000014   Code   RO         6396    i.shellCmds         shell.o
    0x0800721c   0x0800721c   0x00000008   Code   RO         6397    i.shellDelete       shell.o
    0x08007224   0x08007224   0x000000d6   Code   RO         6398    i.shellDeleteByte   shell.o
    0x080072fa   0x080072fa   0x00000002   PAD
    0x080072fc   0x080072fc   0x0000001c   Code   RO         6399    i.shellDeleteCommandLine  shell.o
    0x08007318   0x08007318   0x00000008   Code   RO         6400    i.shellDown         shell.o
    0x08007320   0x08007320   0x00000014   Code   RO         6401    i.shellEnter        shell.o
    0x08007334   0x08007334   0x000000a0   Code   RO         6402    i.shellExec         shell.o
    0x080073d4   0x080073d4   0x00000046   Code   RO         6769    i.shellExtParseChar  shell_ext.o
    0x0800741a   0x0800741a   0x00000002   PAD
    0x0800741c   0x0800741c   0x00000112   Code   RO         6770    i.shellExtParseNumber  shell_ext.o
    0x0800752e   0x0800752e   0x000000b8   Code   RO         6771    i.shellExtParsePara  shell_ext.o
    0x080075e6   0x080075e6   0x000000ce   Code   RO         6772    i.shellExtRun       shell_ext.o
    0x080076b4   0x080076b4   0x00000004   Code   RO         6403    i.shellGetCommandDesc  shell.o
    0x080076b8   0x080076b8   0x00000038   Code   RO         6404    i.shellGetCommandName  shell.o
    0x080076f0   0x080076f0   0x00000028   Code   RO         6405    i.shellGetCurrent   shell.o
    0x08007718   0x08007718   0x0000003e   Code   RO         6406    i.shellGetVarValue  shell.o
    0x08007756   0x08007756   0x00000002   PAD
    0x08007758   0x08007758   0x000000dc   Code   RO         6407    i.shellHandler      shell.o
    0x08007834   0x08007834   0x00000028   Code   RO         6408    i.shellHelp         shell.o
    0x0800785c   0x0800785c   0x00000098   Code   RO         6409    i.shellHistory      shell.o
    0x080078f4   0x080078f4   0x00000068   Code   RO         6410    i.shellHistoryAdd   shell.o
    0x0800795c   0x0800795c   0x000000a0   Code   RO         6411    i.shellInit         shell.o
    0x080079fc   0x080079fc   0x000000ec   Code   RO         6412    i.shellInsertByte   shell.o
    0x08007ae8   0x08007ae8   0x00000014   Code   RO         6413    i.shellKeys         shell.o
    0x08007afc   0x08007afc   0x00000020   Code   RO         6414    i.shellLeft         shell.o
    0x08007b1c   0x08007b1c   0x0000004c   Code   RO         6416    i.shellListCommand  shell.o
    0x08007b68   0x08007b68   0x000000f4   Code   RO         6417    i.shellListItem     shell.o
    0x08007c5c   0x08007c5c   0x00000050   Code   RO         6418    i.shellListKey      shell.o
    0x08007cac   0x08007cac   0x00000050   Code   RO         6419    i.shellListUser     shell.o
    0x08007cfc   0x08007cfc   0x00000050   Code   RO         6420    i.shellListVar      shell.o
    0x08007d4c   0x08007d4c   0x00000010   Code   RO         6421    i.shellNormalInput  shell.o
    0x08007d5c   0x08007d5c   0x00000020   Code   RO         6424    i.shellRight        shell.o
    0x08007d7c   0x08007d7c   0x000000ba   Code   RO         6426    i.shellRunCommand   shell.o
    0x08007e36   0x08007e36   0x00000002   PAD
    0x08007e38   0x08007e38   0x0000006e   Code   RO         6427    i.shellSeekCommand  shell.o
    0x08007ea6   0x08007ea6   0x00000002   PAD
    0x08007ea8   0x08007ea8   0x00000060   Code   RO         6428    i.shellSetUser      shell.o
    0x08007f08   0x08007f08   0x00000058   Code   RO         6429    i.shellSetVar       shell.o
    0x08007f60   0x08007f60   0x00000070   Code   RO         6430    i.shellSetVarValue  shell.o
    0x08007fd0   0x08007fd0   0x000000b0   Code   RO         6431    i.shellShowVar      shell.o
    0x08008080   0x08008080   0x000000ec   Code   RO         6432    i.shellSplit        shell.o
    0x0800816c   0x0800816c   0x00000024   Code   RO         6433    i.shellStringCompare  shell.o
    0x08008190   0x08008190   0x00000018   Code   RO         6434    i.shellStringCopy   shell.o
    0x080081a8   0x080081a8   0x000000fc   Code   RO         6435    i.shellTab          shell.o
    0x080082a4   0x080082a4   0x00000024   Code   RO         6436    i.shellTask         shell.o
    0x080082c8   0x080082c8   0x0000004c   Code   RO         6437    i.shellToDec        shell.o
    0x08008314   0x08008314   0x0000002a   Code   RO         6438    i.shellToHex        shell.o
    0x0800833e   0x0800833e   0x00000006   Code   RO         6439    i.shellUp           shell.o
    0x08008344   0x08008344   0x00000014   Code   RO         6440    i.shellUsers        shell.o
    0x08008358   0x08008358   0x00000014   Code   RO         6441    i.shellVars         shell.o
    0x0800836c   0x0800836c   0x00000058   Code   RO         6442    i.shellWriteCommandHelp  shell.o
    0x080083c4   0x080083c4   0x0000005c   Code   RO         6443    i.shellWritePrompt  shell.o
    0x08008420   0x08008420   0x00000080   Code   RO         6444    i.shellWriteReturnValue  shell.o
    0x080084a0   0x080084a0   0x00000024   Code   RO         6445    i.shellWriteString  shell.o
    0x080084c4   0x080084c4   0x00000018   Code   RO         6801    i.userShellLock     shell_port.o
    0x080084dc   0x080084dc   0x00000020   Code   RO         6802    i.userShellRead     shell_port.o
    0x080084fc   0x080084fc   0x00000018   Code   RO         6803    i.userShellUnlock   shell_port.o
    0x08008514   0x08008514   0x0000001c   Code   RO         6804    i.userShellWrite    shell_port.o
    0x08008530   0x08008530   0x00000026   Code   RO         4837    i.uxListRemove      list.o
    0x08008556   0x08008556   0x00000002   PAD
    0x08008558   0x08008558   0x00000014   Code   RO          325    i.vApplicationGetIdleTaskMemory  freertos.o
    0x0800856c   0x0800856c   0x00000016   Code   RO         4838    i.vListInitialise   list.o
    0x08008582   0x08008582   0x00000006   Code   RO         4839    i.vListInitialiseItem  list.o
    0x08008588   0x08008588   0x00000030   Code   RO         4840    i.vListInsert       list.o
    0x080085b8   0x080085b8   0x00000018   Code   RO         4841    i.vListInsertEnd    list.o
    0x080085d0   0x080085d0   0x00000040   Code   RO         6056    i.vPortEnterCritical  port.o
    0x08008610   0x08008610   0x00000028   Code   RO         6057    i.vPortExitCritical  port.o
    0x08008638   0x08008638   0x00000064   Code   RO         5987    i.vPortFree         heap_4.o
    0x0800869c   0x0800869c   0x00000024   Code   RO         6058    i.vPortSetupTimerInterrupt  port.o
    0x080086c0   0x080086c0   0x00000054   Code   RO         6059    i.vPortValidateInterruptPriority  port.o
    0x08008714   0x08008714   0x0000004c   Code   RO         5276    i.vTaskDelay        tasks.o
    0x08008760   0x08008760   0x0000008c   Code   RO         5277    i.vTaskDelayUntil   tasks.o
    0x080087ec   0x080087ec   0x00000010   Code   RO         5281    i.vTaskInternalSetTimeOutState  tasks.o
    0x080087fc   0x080087fc   0x0000000c   Code   RO         5282    i.vTaskMissedYield  tasks.o
    0x08008808   0x08008808   0x00000030   Code   RO         5284    i.vTaskPlaceOnEventList  tasks.o
    0x08008838   0x08008838   0x000000a0   Code   RO         5286    i.vTaskPriorityDisinheritAfterTimeout  tasks.o
    0x080088d8   0x080088d8   0x0000007c   Code   RO         5289    i.vTaskResume       tasks.o
    0x08008954   0x08008954   0x0000006c   Code   RO         5292    i.vTaskStartScheduler  tasks.o
    0x080089c0   0x080089c0   0x000000bc   Code   RO         5293    i.vTaskSuspend      tasks.o
    0x08008a7c   0x08008a7c   0x00000010   Code   RO         5294    i.vTaskSuspendAll   tasks.o
    0x08008a8c   0x08008a8c   0x0000005c   Code   RO         5295    i.vTaskSwitchContext  tasks.o
    0x08008ae8   0x08008ae8   0x000000a8   Code   RO         6060    i.xPortStartScheduler  port.o
    0x08008b90   0x08008b90   0x00000016   Code   RO         4894    i.xQueueCreateMutex  queue.o
    0x08008ba6   0x08008ba6   0x00000042   Code   RO         4896    i.xQueueGenericCreate  queue.o
    0x08008be8   0x08008be8   0x00000066   Code   RO         4897    i.xQueueGenericCreateStatic  queue.o
    0x08008c4e   0x08008c4e   0x00000002   PAD
    0x08008c50   0x08008c50   0x00000088   Code   RO         4898    i.xQueueGenericReset  queue.o
    0x08008cd8   0x08008cd8   0x00000160   Code   RO         4899    i.xQueueGenericSend  queue.o
    0x08008e38   0x08008e38   0x000000be   Code   RO         4900    i.xQueueGenericSendFromISR  queue.o
    0x08008ef6   0x08008ef6   0x00000002   PAD
    0x08008ef8   0x08008ef8   0x00000138   Code   RO         4907    i.xQueueReceive     queue.o
    0x08009030   0x08009030   0x00000178   Code   RO         4909    i.xQueueSemaphoreTake  queue.o
    0x080091a8   0x080091a8   0x00000074   Code   RO         5297    i.xTaskCheckForTimeOut  tasks.o
    0x0800921c   0x0800921c   0x0000005a   Code   RO         5298    i.xTaskCreate       tasks.o
    0x08009276   0x08009276   0x00000056   Code   RO         5299    i.xTaskCreateStatic  tasks.o
    0x080092cc   0x080092cc   0x0000000c   Code   RO         5302    i.xTaskGetCurrentTaskHandle  tasks.o
    0x080092d8   0x080092d8   0x0000001c   Code   RO         5303    i.xTaskGetSchedulerState  tasks.o
    0x080092f4   0x080092f4   0x0000000c   Code   RO         5304    i.xTaskGetTickCount  tasks.o
    0x08009300   0x08009300   0x000000cc   Code   RO         5306    i.xTaskIncrementTick  tasks.o
    0x080093cc   0x080093cc   0x00000098   Code   RO         5309    i.xTaskPriorityDisinherit  tasks.o
    0x08009464   0x08009464   0x0000008c   Code   RO         5310    i.xTaskPriorityInherit  tasks.o
    0x080094f0   0x080094f0   0x00000078   Code   RO         5311    i.xTaskRemoveFromEventList  tasks.o
    0x08009568   0x08009568   0x000000c4   Code   RO         5312    i.xTaskResumeAll    tasks.o
    0x0800962c   0x0800962c   0x0000008c   Code   RO         5313    i.xTaskResumeFromISR  tasks.o
    0x080096b8   0x080096b8   0x00000007   Data   RO           19    .constdata          main.o
    0x080096bf   0x080096bf   0x00000005   Data   RO           20    .constdata          main.o
    0x080096c4   0x080096c4   0x00000007   Data   RO           21    .constdata          main.o
    0x080096cb   0x080096cb   0x00000005   Data   RO           22    .constdata          main.o
    0x080096d0   0x080096d0   0x000000d4   Data   RO          327    .constdata          freertos.o
    0x080097a4   0x080097a4   0x00000012   Data   RO         1096    .constdata          stm32f1xx_hal_rcc.o
    0x080097b6   0x080097b6   0x00000010   Data   RO         3982    .constdata          system_stm32f1xx.o
    0x080097c6   0x080097c6   0x00000008   Data   RO         3983    .constdata          system_stm32f1xx.o
    0x080097ce   0x080097ce   0x00000007   Data   RO         4036    .constdata          button_motor.o
    0x080097d5   0x080097d5   0x00000007   Data   RO         4037    .constdata          button_motor.o
    0x080097dc   0x080097dc   0x00000020   Data   RO         4038    .constdata          button_motor.o
    0x080097fc   0x080097fc   0x000000e2   Data   RO         6156    .constdata          elog.o
    0x080098de   0x080098de   0x00000023   Data   RO         6307    .constdata          elog_utils.o
    0x08009901   0x08009901   0x00000007   Data   RO         6447    .constdata          shell.o
    0x08009908   0x08009908   0x00000001   Data   RO         6448    .constdata          shell.o
    0x08009909   0x08009909   0x0000000d   Data   RO         6449    .constdata          shell.o
    0x08009916   0x08009916   0x00000007   Data   RO         6450    .constdata          shell.o
    0x0800991d   0x0800991d   0x00000008   Data   RO         6451    .constdata          shell.o
    0x08009925   0x08009925   0x00000003   Data   RO         6452    .constdata          shell.o
    0x08009928   0x08009928   0x00000005   Data   RO         6453    .constdata          shell.o
    0x0800992d   0x0800992d   0x00000006   Data   RO         6454    .constdata          shell.o
    0x08009933   0x08009933   0x00000005   Data   RO         6455    .constdata          shell.o
    0x08009938   0x08009938   0x00000004   Data   RO         6456    .constdata          shell.o
    0x0800993c   0x0800993c   0x0000000a   Data   RO         6457    .constdata          shell.o
    0x08009946   0x08009946   0x0000000a   Data   RO         6458    .constdata          shell.o
    0x08009950   0x08009950   0x00000007   Data   RO         6459    .constdata          shell.o
    0x08009957   0x08009957   0x00000006   Data   RO         6460    .constdata          shell.o
    0x0800995d   0x0800995d   0x00000006   Data   RO         6461    .constdata          shell.o
    0x08009963   0x08009963   0x00000005   Data   RO         6462    .constdata          shell.o
    0x08009968   0x08009968   0x0000001e   Data   RO         6463    .constdata          shell.o
    0x08009986   0x08009986   0x00000006   Data   RO         6464    .constdata          shell.o
    0x0800998c   0x0800998c   0x0000000e   Data   RO         6465    .constdata          shell.o
    0x0800999a   0x0800999a   0x00000005   Data   RO         6466    .constdata          shell.o
    0x0800999f   0x0800999f   0x0000000d   Data   RO         6467    .constdata          shell.o
    0x080099ac   0x080099ac   0x00000005   Data   RO         6468    .constdata          shell.o
    0x080099b1   0x080099b1   0x0000000d   Data   RO         6469    .constdata          shell.o
    0x080099be   0x080099be   0x00000005   Data   RO         6470    .constdata          shell.o
    0x080099c3   0x080099c3   0x0000000d   Data   RO         6471    .constdata          shell.o
    0x080099d0   0x080099d0   0x00000006   Data   RO         6472    .constdata          shell.o
    0x080099d6   0x080099d6   0x0000000e   Data   RO         6473    .constdata          shell.o
    0x080099e4   0x080099e4   0x00000054   Data   RO          328    .conststring        freertos.o
    0x08009a38   0x08009a38   0x00000047   Data   RO         6157    .conststring        elog.o
    0x08009a7f   0x08009a7f   0x00000001   PAD
    0x08009a80   0x08009a80   0x000002a1   Data   RO         6474    .conststring        shell.o
    0x08009d21   0x08009d21   0x00000003   PAD
    0x08009d24   0x08009d24   0x00000020   Data   RO         7188    Region$$Table       anon$$obj.o
    0x08009d44   0x08009d44   0x00000020   Data   RO           25    shellCommand        main.o
    0x08009d64   0x08009d64   0x00000010   Data   RO         4042    shellCommand        button_motor.o
    0x08009d74   0x08009d74   0x00000120   Data   RO         6476    shellCommand        shell.o


    Execution Region RW_IRAM1 (Exec base: 0x20000000, Load base: 0x08009e94, Size: 0x000034a0, Max: 0x00005000, ABSOLUTE, COMPRESSED[0x0000064c])

    Exec Addr    Load Addr    Size         Type   Attr      Idx    E Section Name        Object

    0x20000000   COMPRESSED   0x00000004   Data   RW           23    .data               main.o
    0x20000004   COMPRESSED   0x0000000c   Data   RW           24    .data               main.o
    0x20000010   COMPRESSED   0x00000020   Data   RW          329    .data               freertos.o
    0x20000030   COMPRESSED   0x00000008   Data   RW          376    .data               crc.o
    0x20000038   COMPRESSED   0x0000000c   Data   RW          933    .data               stm32f1xx_hal.o
    0x20000044   COMPRESSED   0x00000004   Data   RW         3984    .data               system_stm32f1xx.o
    0x20000048   COMPRESSED   0x00000004   Data   RW         4222    .data               multi_button.o
    0x2000004c   COMPRESSED   0x00000008   Data   RW         4380    .data               self_def_message.o
    0x20000054   COMPRESSED   0x000008c2   Data   RW         4428    .data               oled_function.o
    0x20000916   COMPRESSED   0x00000002   PAD
    0x20000918   COMPRESSED   0x00000014   Data   RW         4487    .data               oled_iic_config.o
    0x2000092c   COMPRESSED   0x0000003c   Data   RW         5315    .data               tasks.o
    0x20000968   COMPRESSED   0x00000020   Data   RW         5993    .data               heap_4.o
    0x20000988   COMPRESSED   0x0000000c   Data   RW         6061    .data               port.o
    0x20000994   COMPRESSED   0x00000034   Data   RW         6158    .data               elog.o
    0x200009c8   COMPRESSED   0x00000004   Data   RW         6339    .data               elog_port.o
    0x200009cc   COMPRESSED   0x00000058   Data   RW         6475    .data               shell.o
    0x20000a24   COMPRESSED   0x00000004   Data   RW         6806    .data               shell_port.o
    0x20000a28   COMPRESSED   0x00000004   Data   RW         7162    .data               mc_w.l(stdout.o)
    0x20000a2c        -       0x0000025c   Zero   RW          326    .bss                freertos.o
    0x20000c88        -       0x000000a8   Zero   RW          443    .bss                i2c.o
    0x20000d30        -       0x000000b0   Zero   RW          491    .bss                spi.o
    0x20000de0        -       0x00000090   Zero   RW          540    .bss                tim.o
    0x20000e70        -       0x000001a0   Zero   RW          593    .bss                usart.o
    0x20001010        -       0x00000048   Zero   RW          776    .bss                stm32f1xx_hal_timebase_tim.o
    0x20001058        -       0x00000280   Zero   RW         4035    .bss                button_motor.o
    0x200012d8        -       0x00000080   Zero   RW         4379    .bss                self_def_message.o
    0x20001358        -       0x00000410   Zero   RW         4486    .bss                oled_iic_config.o
    0x20001768        -       0x000002e4   Zero   RW         5314    .bss                tasks.o
    0x20001a4c        -       0x000011b4   Zero   RW         5992    .bss                heap_4.o
    0x20002c00        -       0x000001f8   Zero   RW         6155    .bss                elog.o
    0x20002df8        -       0x00000010   Zero   RW         6338    .bss                elog_port.o
    0x20002e08        -       0x0000001d   Zero   RW         6446    .bss                shell.o
    0x20002e25   COMPRESSED   0x00000003   PAD
    0x20002e28        -       0x00000274   Zero   RW         6805    .bss                shell_port.o
    0x2000309c   COMPRESSED   0x00000004   PAD
    0x200030a0        -       0x00000400   Zero   RW            1    STACK               startup_stm32f103xb.o


==============================================================================

Image component sizes


      Code (inc. data)   RO Data    RW Data    ZI Data      Debug   Object Name

       268          0          0          0          0       4684   bsp_iic.o
       130          8          0          0          0       3444   bsp_usart.o
      1690        368         62          0        640      26392   button_motor.o
        82         14          0          0          0       1926   buzzer.o
       232          6          0          0          0      29554   cmsis_os.o
        76         18          0          8          0       1559   crc.o
        92          4          0          0          0        814   dma.o
      2100        718        297         52        504      18357   elog.o
       288         70          0          4         16       4487   elog_port.o
       240         94         35          0          0       2753   elog_utils.o
         0          0          0          0          0      20236   event_groups.o
       220         12        296         32        604       3138   freertos.o
       236         18          0          0          0       1023   gpio.o
       468         22          0         32       4532       7435   heap_4.o
       296         48          0          0        168       2390   i2c.o
        76         26          0          0          0       3736   key.o
       138          0          0          0          0       3482   list.o
       208         10         56         16          0     490656   main.o
       564         16          0          4          0       4379   multi_button.o
       312         10          0       2242          0       2127   oled_function.o
       452         38          0         20       1040       5964   oled_iic_config.o
       662         70          0         12          0      11269   port.o
      1892         18          0          0          0      19440   queue.o
       206          0          0          0          0       5360   ring_buffer.o
       208         40          0          8        128       3911   self_def_message.o
      4182        230       1188         88         29      44895   shell.o
       734          8          0          0          0       5654   shell_ext.o
       208         58          0          4        628       3679   shell_port.o
       304         40          0          0        176       2386   spi.o
        36          8        236          0       1024        820   startup_stm32f103xb.o
        64         14          0         12          0       4734   stm32f1xx_hal.o
       158         14          0          0          0      28258   stm32f1xx_hal_cortex.o
        34          0          0          0          0       1071   stm32f1xx_hal_crc.o
       808         36          0          0          0       5098   stm32f1xx_hal_dma.o
       516         34          0          0          0       4212   stm32f1xx_hal_gpio.o
      5540        130          0          0          0      27884   stm32f1xx_hal_i2c.o
        72         10          0          0          0        902   stm32f1xx_hal_msp.o
      1304         94         18          0          0       5849   stm32f1xx_hal_rcc.o
       178          0          0          0          0       1191   stm32f1xx_hal_spi.o
      1850         60          0          0          0      17233   stm32f1xx_hal_tim.o
       108         12          0          0          0       2465   stm32f1xx_hal_tim_ex.o
       140         22          0          0         72       1471   stm32f1xx_hal_timebase_tim.o
      2380         38          0          0          0      18512   stm32f1xx_hal_uart.o
       152         58          0          0          0       6878   stm32f1xx_it.o
         2          0         24          4          0       1167   system_stm32f1xx.o
      3060        254          0         60        740      34227   tasks.o
       428         40          0          0        144       3113   tim.o
       508         40          0          0        416       2847   usart.o

    ----------------------------------------------------------------------
     33978       2828       2248       2600      10868     903062   Object Totals
         0          0         32          0          0          0   (incl. Generated)
        76          0          4          2          7          0   (incl. Padding)

    ----------------------------------------------------------------------

      Code (inc. data)   RO Data    RW Data    ZI Data      Debug   Library Member Name

        86          0          0          0          0          0   __dczerorl2.o
         0          0          0          0          0          0   entry.o
         0          0          0          0          0          0   entry10a.o
         0          0          0          0          0          0   entry11a.o
         4          0          0          0          0          0   entry12b.o
         8          4          0          0          0          0   entry2.o
         4          0          0          0          0          0   entry5.o
         0          0          0          0          0          0   entry7b.o
         0          0          0          0          0          0   entry8b.o
         8          4          0          0          0          0   entry9a.o
        30          0          0          0          0          0   handlers.o
        36          8          0          0          0         68   init.o
         0          0          0          0          0          0   iusefp.o
        30          0          0          0          0         68   llshl.o
        36          0          0          0          0         68   llsshr.o
        32          0          0          0          0         68   llushr.o
        36          0          0          0          0         68   memcpya.o
        36          0          0          0          0        108   memseta.o
      2344        100          0          0          0        700   printfa.o
         0          0          0          4          0          0   stdout.o
        28          0          0          0          0         76   strcmp.o
        14          0          0          0          0         68   strlen.o
        30          0          0          0          0         80   strncmp.o
        36          0          0          0          0         80   strstr.o
        44          0          0          0          0         80   uidiv.o
        98          0          0          0          0         92   uldiv.o
        48          0          0          0          0         68   cdrcmple.o
       334          0          0          0          0        148   dadd.o
       222          0          0          0          0        100   ddiv.o
       186          0          0          0          0        176   depilogue.o
        48          0          0          0          0         68   dfixul.o
       228          0          0          0          0         96   dmul.o
       124          0          0          0          0         88   fdiv.o
       110          0          0          0          0        168   fepilogue.o
        18          0          0          0          0         68   fflti.o
        10          0          0          0          0         68   ffltui.o
       100          0          0          0          0         76   fmul.o

    ----------------------------------------------------------------------
      4370        116          0          4          0       2748   Library Totals
         2          0          0          0          0          0   (incl. Padding)

    ----------------------------------------------------------------------

      Code (inc. data)   RO Data    RW Data    ZI Data      Debug   Library Name

      2940        116          0          4          0       1624   mc_w.l
      1428          0          0          0          0       1124   mf_w.l

    ----------------------------------------------------------------------
      4370        116          0          4          0       2748   Library Totals

    ----------------------------------------------------------------------

==============================================================================


      Code (inc. data)   RO Data    RW Data    ZI Data      Debug   

     38348       2944       2248       2604      10868     886334   Grand Totals
     38348       2944       2248       1612      10868     886334   ELF Image Totals (compressed)
     38348       2944       2248       1612          0          0   ROM Totals

==============================================================================

    Total RO  Size (Code + RO Data)                40596 (  39.64kB)
    Total RW  Size (RW Data + ZI Data)             13472 (  13.16kB)
    Total ROM Size (Code + RO Data + RW Data)      42208 (  41.22kB)

==============================================================================

