Component: ARM Compiler 5.06 update 7 (build 960) Tool: armlink [4d3601]

==============================================================================

Section Cross References

    startup_stm32f103xb.o(RESET) refers to startup_stm32f103xb.o(STACK) for __initial_sp
    startup_stm32f103xb.o(RESET) refers to startup_stm32f103xb.o(.text) for Reset_Handler
    startup_stm32f103xb.o(RESET) refers to stm32f1xx_it.o(i.NMI_Handler) for NMI_Handler
    startup_stm32f103xb.o(RESET) refers to stm32f1xx_it.o(i.HardFault_Handler) for HardFault_Handler
    startup_stm32f103xb.o(RESET) refers to stm32f1xx_it.o(i.MemManage_Handler) for MemManage_Handler
    startup_stm32f103xb.o(RESET) refers to stm32f1xx_it.o(i.BusFault_Handler) for BusFault_Handler
    startup_stm32f103xb.o(RESET) refers to stm32f1xx_it.o(i.UsageFault_Handler) for UsageFault_Handler
    startup_stm32f103xb.o(RESET) refers to stm32f1xx_it.o(i.SVC_Handler) for SVC_Handler
    startup_stm32f103xb.o(RESET) refers to stm32f1xx_it.o(i.DebugMon_Handler) for DebugMon_Handler
    startup_stm32f103xb.o(RESET) refers to stm32f1xx_it.o(i.PendSV_Handler) for PendSV_Handler
    startup_stm32f103xb.o(RESET) refers to stm32f1xx_it.o(i.SysTick_Handler) for SysTick_Handler
    startup_stm32f103xb.o(RESET) refers to stm32f1xx_it.o(i.DMA1_Channel4_IRQHandler) for DMA1_Channel4_IRQHandler
    startup_stm32f103xb.o(RESET) refers to stm32f1xx_it.o(i.DMA1_Channel5_IRQHandler) for DMA1_Channel5_IRQHandler
    startup_stm32f103xb.o(RESET) refers to stm32f1xx_it.o(i.TIM1_UP_IRQHandler) for TIM1_UP_IRQHandler
    startup_stm32f103xb.o(RESET) refers to stm32f1xx_it.o(i.TIM2_IRQHandler) for TIM2_IRQHandler
    startup_stm32f103xb.o(RESET) refers to stm32f1xx_it.o(i.TIM3_IRQHandler) for TIM3_IRQHandler
    startup_stm32f103xb.o(RESET) refers to stm32f1xx_it.o(i.USART1_IRQHandler) for USART1_IRQHandler
    startup_stm32f103xb.o(RESET) refers to stm32f1xx_it.o(i.USART2_IRQHandler) for USART2_IRQHandler
    startup_stm32f103xb.o(.text) refers to system_stm32f1xx.o(i.SystemInit) for SystemInit
    startup_stm32f103xb.o(.text) refers to entry.o(.ARM.Collect$$$$00000000) for __main
    main.o(i.HAL_TIM_PeriodElapsedCallback) refers to stm32f1xx_hal.o(i.HAL_IncTick) for HAL_IncTick
    main.o(i.SystemClock_Config) refers to memseta.o(.text) for __aeabi_memclr4
    main.o(i.SystemClock_Config) refers to stm32f1xx_hal_rcc.o(i.HAL_RCC_OscConfig) for HAL_RCC_OscConfig
    main.o(i.SystemClock_Config) refers to stm32f1xx_hal_rcc.o(i.HAL_RCC_ClockConfig) for HAL_RCC_ClockConfig
    main.o(i.SystemClock_Config) refers to stm32f1xx_hal_rcc_ex.o(i.HAL_RCCEx_PeriphCLKConfig) for HAL_RCCEx_PeriphCLKConfig
    main.o(i.main) refers to stm32f1xx_hal.o(i.HAL_Init) for HAL_Init
    main.o(i.main) refers to main.o(i.SystemClock_Config) for SystemClock_Config
    main.o(i.main) refers to gpio.o(i.MX_GPIO_Init) for MX_GPIO_Init
    main.o(i.main) refers to dma.o(i.MX_DMA_Init) for MX_DMA_Init
    main.o(i.main) refers to i2c.o(i.MX_I2C1_Init) for MX_I2C1_Init
    main.o(i.main) refers to i2c.o(i.MX_I2C2_Init) for MX_I2C2_Init
    main.o(i.main) refers to spi.o(i.MX_SPI1_Init) for MX_SPI1_Init
    main.o(i.main) refers to spi.o(i.MX_SPI2_Init) for MX_SPI2_Init
    main.o(i.main) refers to tim.o(i.MX_TIM2_Init) for MX_TIM2_Init
    main.o(i.main) refers to tim.o(i.MX_TIM3_Init) for MX_TIM3_Init
    main.o(i.main) refers to usart.o(i.MX_USART1_UART_Init) for MX_USART1_UART_Init
    main.o(i.main) refers to usart.o(i.MX_USART2_UART_Init) for MX_USART2_UART_Init
    main.o(i.main) refers to usb.o(i.MX_USB_PCD_Init) for MX_USB_PCD_Init
    main.o(i.main) refers to ring_buffer.o(i.RingBufferinit) for RingBufferinit
    main.o(i.main) refers to self_def_message.o(i.frameInstance_init) for frameInstance_init
    main.o(i.main) refers to self_def_message.o(i.frame_buf) for frame_buf
    main.o(i.main) refers to bsp_usart.o(i.Uart_Idle_rcDMA) for Uart_Idle_rcDMA
    main.o(i.main) refers to printfb.o(i.__0printf$bare) for __2printf
    main.o(i.main) refers to button_motor.o(.bss) for ringbuff
    main.o(i.main) refers to button_motor.o(.bss) for Ring_Buff
    main.o(i.main) refers to self_def_message.o(.bss) for DataBuff
    main.o(i.main) refers to usart.o(.bss) for huart1
    gpio.o(i.MX_GPIO_Init) refers to stm32f1xx_hal_gpio.o(i.HAL_GPIO_WritePin) for HAL_GPIO_WritePin
    gpio.o(i.MX_GPIO_Init) refers to stm32f1xx_hal_gpio.o(i.HAL_GPIO_Init) for HAL_GPIO_Init
    dma.o(i.MX_DMA_Init) refers to stm32f1xx_hal_cortex.o(i.HAL_NVIC_SetPriority) for HAL_NVIC_SetPriority
    dma.o(i.MX_DMA_Init) refers to stm32f1xx_hal_cortex.o(i.HAL_NVIC_EnableIRQ) for HAL_NVIC_EnableIRQ
    i2c.o(i.HAL_I2C_MspDeInit) refers to stm32f1xx_hal_gpio.o(i.HAL_GPIO_DeInit) for HAL_GPIO_DeInit
    i2c.o(i.HAL_I2C_MspInit) refers to stm32f1xx_hal_gpio.o(i.HAL_GPIO_Init) for HAL_GPIO_Init
    i2c.o(i.MX_I2C1_Init) refers to stm32f1xx_hal_i2c.o(i.HAL_I2C_Init) for HAL_I2C_Init
[...]
    Removing stm32f1xx_hal_uart.o(i.UART_DMARxAbortCallback), (44 bytes).
    Removing stm32f1xx_hal_uart.o(i.UART_DMARxOnlyAbortCallback), (22 bytes).
    Removing stm32f1xx_hal_uart.o(i.UART_DMATxAbortCallback), (44 bytes).
    Removing stm32f1xx_hal_uart.o(i.UART_DMATxOnlyAbortCallback), (20 bytes).
    Removing stm32f1xx_hal_uart.o(i.UART_Start_Receive_IT), (54 bytes).
    Removing stm32f1xx_hal_pcd.o(.rev16_text), (4 bytes).
    Removing stm32f1xx_hal_pcd.o(.revsh_text), (4 bytes).
    Removing stm32f1xx_hal_pcd.o(.rrx_text), (6 bytes).
    Removing stm32f1xx_hal_pcd.o(i.HAL_PCD_ActivateRemoteWakeup), (6 bytes).
    Removing stm32f1xx_hal_pcd.o(i.HAL_PCD_ConnectCallback), (2 bytes).
    Removing stm32f1xx_hal_pcd.o(i.HAL_PCD_DataInStageCallback), (2 bytes).
    Removing stm32f1xx_hal_pcd.o(i.HAL_PCD_DataOutStageCallback), (2 bytes).
    Removing stm32f1xx_hal_pcd.o(i.HAL_PCD_DeActivateRemoteWakeup), (6 bytes).
    Removing stm32f1xx_hal_pcd.o(i.HAL_PCD_DeInit), (38 bytes).
    Removing stm32f1xx_hal_pcd.o(i.HAL_PCD_DevConnect), (44 bytes).
    Removing stm32f1xx_hal_pcd.o(i.HAL_PCD_DevDisconnect), (44 bytes).
    Removing stm32f1xx_hal_pcd.o(i.HAL_PCD_DisconnectCallback), (2 bytes).
    Removing stm32f1xx_hal_pcd.o(i.HAL_PCD_EP_Abort), (30 bytes).
    Removing stm32f1xx_hal_pcd.o(i.HAL_PCD_EP_Close), (74 bytes).
    Removing stm32f1xx_hal_pcd.o(i.HAL_PCD_EP_ClrStall), (90 bytes).
    Removing stm32f1xx_hal_pcd.o(i.HAL_PCD_EP_DB_Receive), (230 bytes).
    Removing stm32f1xx_hal_pcd.o(i.HAL_PCD_EP_DB_Transmit), (824 bytes).
    Removing stm32f1xx_hal_pcd.o(i.HAL_PCD_EP_Flush), (52 bytes).
    Removing stm32f1xx_hal_pcd.o(i.HAL_PCD_EP_GetRxCount), (18 bytes).
    Removing stm32f1xx_hal_pcd.o(i.HAL_PCD_EP_Open), (88 bytes).
    Removing stm32f1xx_hal_pcd.o(i.HAL_PCD_EP_Receive), (46 bytes).
    Removing stm32f1xx_hal_pcd.o(i.HAL_PCD_EP_SetStall), (112 bytes).
    Removing stm32f1xx_hal_pcd.o(i.HAL_PCD_EP_Transmit), (46 bytes).
    Removing stm32f1xx_hal_pcd.o(i.HAL_PCD_GetState), (6 bytes).
    Removing stm32f1xx_hal_pcd.o(i.HAL_PCD_IRQHandler), (308 bytes).
    Removing stm32f1xx_hal_pcd.o(i.HAL_PCD_ISOINIncompleteCallback), (2 bytes).
    Removing stm32f1xx_hal_pcd.o(i.HAL_PCD_ISOOUTIncompleteCallback), (2 bytes).
    Removing stm32f1xx_hal_pcd.o(i.HAL_PCD_MspDeInit), (2 bytes).
    Removing stm32f1xx_hal_pcd.o(i.HAL_PCD_MspInit), (2 bytes).
    Removing stm32f1xx_hal_pcd.o(i.HAL_PCD_ResetCallback), (2 bytes).
    Removing stm32f1xx_hal_pcd.o(i.HAL_PCD_ResumeCallback), (2 bytes).
    Removing stm32f1xx_hal_pcd.o(i.HAL_PCD_SOFCallback), (2 bytes).
    Removing stm32f1xx_hal_pcd.o(i.HAL_PCD_SetAddress), (38 bytes).
    Removing stm32f1xx_hal_pcd.o(i.HAL_PCD_SetupStageCallback), (2 bytes).
    Removing stm32f1xx_hal_pcd.o(i.HAL_PCD_Start), (50 bytes).
    Removing stm32f1xx_hal_pcd.o(i.HAL_PCD_Stop), (50 bytes).
    Removing stm32f1xx_hal_pcd.o(i.HAL_PCD_SuspendCallback), (2 bytes).
    Removing stm32f1xx_hal_pcd.o(i.HAL_PCD_WKUP_IRQHandler), (16 bytes).
    Removing stm32f1xx_hal_pcd.o(i.PCD_EP_ISR_Handler), (934 bytes).
    Removing stm32f1xx_hal_pcd_ex.o(.rev16_text), (4 bytes).
    Removing stm32f1xx_hal_pcd_ex.o(.revsh_text), (4 bytes).
    Removing stm32f1xx_hal_pcd_ex.o(.rrx_text), (6 bytes).
    Removing stm32f1xx_hal_pcd_ex.o(i.HAL_PCDEx_BCD_Callback), (2 bytes).
    Removing stm32f1xx_hal_pcd_ex.o(i.HAL_PCDEx_LPM_Callback), (2 bytes).
    Removing stm32f1xx_hal_pcd_ex.o(i.HAL_PCDEx_PMAConfig), (60 bytes).
    Removing stm32f1xx_hal_pcd_ex.o(i.HAL_PCDEx_SetConnectionState), (2 bytes).
    Removing stm32f1xx_ll_usb.o(.rev16_text), (4 bytes).
    Removing stm32f1xx_ll_usb.o(.revsh_text), (4 bytes).
    Removing stm32f1xx_ll_usb.o(.rrx_text), (6 bytes).
    Removing stm32f1xx_ll_usb.o(i.USB_ActivateEndpoint), (668 bytes).
    Removing stm32f1xx_ll_usb.o(i.USB_ActivateRemoteWakeup), (14 bytes).
    Removing stm32f1xx_ll_usb.o(i.USB_ClearInterrupts), (2 bytes).
    Removing stm32f1xx_ll_usb.o(i.USB_DeActivateRemoteWakeup), (14 bytes).
    Removing stm32f1xx_ll_usb.o(i.USB_DeactivateEndpoint), (270 bytes).
    Removing stm32f1xx_ll_usb.o(i.USB_DevConnect), (4 bytes).
    Removing stm32f1xx_ll_usb.o(i.USB_EP0_OutStart), (4 bytes).
    Removing stm32f1xx_ll_usb.o(i.USB_EPClearStall), (120 bytes).
    Removing stm32f1xx_ll_usb.o(i.USB_EPSetStall), (50 bytes).
    Removing stm32f1xx_ll_usb.o(i.USB_EPStartXfer), (1250 bytes).
    Removing stm32f1xx_ll_usb.o(i.USB_EPStopXfer), (86 bytes).
    Removing stm32f1xx_ll_usb.o(i.USB_EnableGlobalInt), (18 bytes).
    Removing stm32f1xx_ll_usb.o(i.USB_FlushRxFifo), (4 bytes).
    Removing stm32f1xx_ll_usb.o(i.USB_FlushTxFifo), (4 bytes).
    Removing stm32f1xx_ll_usb.o(i.USB_ReadDevAllInEpInterrupt), (4 bytes).
    Removing stm32f1xx_ll_usb.o(i.USB_ReadDevAllOutEpInterrupt), (4 bytes).
    Removing stm32f1xx_ll_usb.o(i.USB_ReadDevInEPInterrupt), (4 bytes).
    Removing stm32f1xx_ll_usb.o(i.USB_ReadDevOutEPInterrupt), (4 bytes).
    Removing stm32f1xx_ll_usb.o(i.USB_ReadInterrupts), (6 bytes).
    Removing stm32f1xx_ll_usb.o(i.USB_ReadPMA), (44 bytes).
    Removing stm32f1xx_ll_usb.o(i.USB_SetDevAddress), (12 bytes).
    Removing stm32f1xx_ll_usb.o(i.USB_StopDevice), (18 bytes).
    Removing stm32f1xx_ll_usb.o(i.USB_WritePMA), (38 bytes).
    Removing system_stm32f1xx.o(.rev16_text), (4 bytes).
    Removing system_stm32f1xx.o(.revsh_text), (4 bytes).
    Removing system_stm32f1xx.o(.rrx_text), (6 bytes).
    Removing system_stm32f1xx.o(i.SystemCoreClockUpdate), (104 bytes).
    Removing button_motor.o(.rev16_text), (4 bytes).
    Removing button_motor.o(.revsh_text), (4 bytes).
    Removing button_motor.o(.rrx_text), (6 bytes).
    Removing key.o(.rev16_text), (4 bytes).
    Removing key.o(.revsh_text), (4 bytes).
    Removing key.o(.rrx_text), (6 bytes).
    Removing key.o(i.KEY_Init), (2 bytes).
    Removing key.o(i.button1_callback), (52 bytes).
    Removing key.o(i.button2_callback), (52 bytes).
    Removing key.o(i.button3_callback), (52 bytes).
    Removing key.o(i.button4_callback), (52 bytes).
    Removing key.o(i.button5_callback), (52 bytes).
    Removing key.o(i.button6_callback), (52 bytes).
    Removing key.o(i.key), (80 bytes).
    Removing key.o(i.read_button1_GPIO), (16 bytes).
    Removing key.o(i.read_button2_GPIO), (12 bytes).
    Removing key.o(i.read_button3_GPIO), (12 bytes).
    Removing key.o(i.read_button4_GPIO), (12 bytes).
    Removing key.o(i.read_button5_GPIO), (12 bytes).
    Removing key.o(i.read_button6_GPIO), (12 bytes).
    Removing key.o(.bss), (44 bytes).
    Removing key.o(.bss), (44 bytes).
    Removing key.o(.bss), (44 bytes).
    Removing key.o(.bss), (44 bytes).
    Removing key.o(.bss), (44 bytes).
    Removing key.o(.bss), (44 bytes).
    Removing key.o(.data), (1 bytes).
    Removing key.o(.data), (1 bytes).
    Removing multi_button.o(i.button_attach), (8 bytes).
    Removing multi_button.o(i.button_handler), (436 bytes).
    Removing multi_button.o(i.button_init), (50 bytes).
    Removing multi_button.o(i.button_start), (36 bytes).
    Removing multi_button.o(i.button_stop), (32 bytes).
    Removing multi_button.o(i.button_ticks), (28 bytes).
    Removing multi_button.o(i.get_button_event), (6 bytes).
    Removing multi_button.o(.data), (4 bytes).
    Removing buzzer.o(.rev16_text), (4 bytes).
    Removing buzzer.o(.revsh_text), (4 bytes).
    Removing buzzer.o(.rrx_text), (6 bytes).
    Removing buzzer.o(i.Buzzer_SetFreq), (52 bytes).
    Removing buzzer.o(i.Buzzer_off), (12 bytes).
    Removing buzzer.o(i.Buzzer_on), (26 bytes).
    Removing oled_iic_config.o(.rev16_text), (4 bytes).
    Removing oled_iic_config.o(.revsh_text), (4 bytes).
    Removing oled_iic_config.o(.rrx_text), (6 bytes).
    Removing oled_iic_config.o(i.I2C_WriteByte), (32 bytes).
    Removing oled_iic_config.o(i.OLED_CLS), (52 bytes).
    Removing oled_iic_config.o(i.OLED_ClearRAM), (40 bytes).
    Removing oled_iic_config.o(i.OLED_DisplayMode), (4 bytes).
    Removing oled_iic_config.o(i.OLED_HorizontalShift), (66 bytes).
    Removing oled_iic_config.o(i.OLED_Init), (196 bytes).
    Removing oled_iic_config.o(i.OLED_IntensityControl), (20 bytes).
    Removing oled_iic_config.o(i.OLED_OFF), (24 bytes).
    Removing oled_iic_config.o(i.OLED_ON), (24 bytes).
    Removing oled_iic_config.o(i.OLED_RefreshRAM), (68 bytes).
    Removing oled_iic_config.o(i.OLED_SetPixel), (60 bytes).
    Removing oled_iic_config.o(i.OLED_Shift), (36 bytes).
    Removing oled_iic_config.o(i.WriteCmd), (8 bytes).
    Removing oled_iic_config.o(i.WriteDat), (8 bytes).
    Removing oled_iic_config.o(.bss), (1048 bytes).
    Removing oled_function.o(.rev16_text), (4 bytes).
    Removing oled_function.o(.revsh_text), (4 bytes).
    Removing oled_function.o(.rrx_text), (6 bytes).
    Removing oled_function.o(i.OLED_ShowBMP), (102 bytes).
    Removing oled_function.o(i.OLED_ShowChinese), (320 bytes).
    Removing oled_function.o(i.OLED_ShowStr), (312 bytes).
    Removing oled_function.o(.data), (2242 bytes).
    Removing ring_buffer.o(.rev16_text), (4 bytes).
    Removing ring_buffer.o(.revsh_text), (4 bytes).
    Removing ring_buffer.o(.rrx_text), (6 bytes).
    Removing ring_buffer.o(i.GetRingBufferLength), (24 bytes).
    Removing self_def_message.o(.rev16_text), (4 bytes).
    Removing self_def_message.o(.revsh_text), (4 bytes).
    Removing self_def_message.o(.rrx_text), (6 bytes).
    Removing self_def_message.o(i.CRC16_Check), (54 bytes).
    Removing bsp_iic.o(.rev16_text), (4 bytes).
    Removing bsp_iic.o(.revsh_text), (4 bytes).
    Removing bsp_iic.o(.rrx_text), (6 bytes).
    Removing bsp_iic.o(i.HAL_I2C_MasterRxCpltCallback), (60 bytes).
    Removing bsp_iic.o(i.HAL_I2C_MemRxCpltCallback), (4 bytes).
    Removing bsp_iic.o(i.IICAccessMem), (54 bytes).
    Removing bsp_iic.o(i.IICReceive), (104 bytes).
    Removing bsp_iic.o(i.IICSend), (104 bytes).
    Removing bsp_iic.o(i.IIC_Mode_Change), (22 bytes).
    Removing bsp_iic.o(i.bsp_iic_init), (18 bytes).
    Removing bsp_iic.o(.data), (12 bytes).
    Removing bsp_spi.o(.rev16_text), (4 bytes).
    Removing bsp_spi.o(.revsh_text), (4 bytes).
    Removing bsp_spi.o(.rrx_text), (6 bytes).
    Removing bsp_spi.o(i.SPIReceive), (86 bytes).
    Removing bsp_spi.o(i.SPISetMode), (22 bytes).
    Removing bsp_spi.o(i.SPITransRecv), (102 bytes).
    Removing bsp_spi.o(i.SPITransmit), (86 bytes).
    Removing bsp_spi.o(i.bsp_spi_init), (18 bytes).
    Removing bsp_usart.o(.rev16_text), (4 bytes).
    Removing bsp_usart.o(.revsh_text), (4 bytes).
    Removing bsp_usart.o(.rrx_text), (6 bytes).
    Removing bsp_usart.o(i.UartReceive), (38 bytes).
    Removing bsp_usart.o(.bss), (64 bytes).
    Removing dadd.o(.text), (334 bytes).
    Removing dmul.o(.text), (228 bytes).
    Removing ddiv.o(.text), (222 bytes).
    Removing dfixul.o(.text), (48 bytes).
    Removing cdrcmple.o(.text), (48 bytes).
    Removing depilogue.o(.text), (186 bytes).

686 unused section(s) (total 56824 bytes) removed from the image.

==============================================================================

Image Symbol Table

    Local Symbols

    Symbol Name                              Value     Ov Type        Size  Object(Section)

    ../Core/Src/dma.c                        0x00000000   Number         0  dma.o ABSOLUTE
    ../Core/Src/gpio.c                       0x00000000   Number         0  gpio.o ABSOLUTE
    ../Core/Src/i2c.c                        0x00000000   Number         0  i2c.o ABSOLUTE
    ../Core/Src/main.c                       0x00000000   Number         0  main.o ABSOLUTE
    ../Core/Src/spi.c                        0x00000000   Number         0  spi.o ABSOLUTE
    ../Core/Src/stm32f1xx_hal_msp.c          0x00000000   Number         0  stm32f1xx_hal_msp.o ABSOLUTE
    ../Core/Src/stm32f1xx_hal_timebase_tim.c 0x00000000   Number         0  stm32f1xx_hal_timebase_tim.o ABSOLUTE
    ../Core/Src/stm32f1xx_it.c               0x00000000   Number         0  stm32f1xx_it.o ABSOLUTE
    ../Core/Src/system_stm32f1xx.c           0x00000000   Number         0  system_stm32f1xx.o ABSOLUTE
    ../Core/Src/tim.c                        0x00000000   Number         0  tim.o ABSOLUTE
    ../Core/Src/usart.c                      0x00000000   Number         0  usart.o ABSOLUTE
    ../Core/Src/usb.c                        0x00000000   Number         0  usb.o ABSOLUTE
    ../Drivers/STM32F1xx_HAL_Driver/Src/stm32f1xx_hal.c 0x00000000   Number         0  stm32f1xx_hal.o ABSOLUTE
    ../Drivers/STM32F1xx_HAL_Driver/Src/stm32f1xx_hal_cortex.c 0x00000000   Number         0  stm32f1xx_hal_cortex.o ABSOLUTE
    ../Drivers/STM32F1xx_HAL_Driver/Src/stm32f1xx_hal_dma.c 0x00000000   Number         0  stm32f1xx_hal_dma.o ABSOLUTE
    ../Drivers/STM32F1xx_HAL_Driver/Src/stm32f1xx_hal_exti.c 0x00000000   Number         0  stm32f1xx_hal_exti.o ABSOLUTE
    ../Drivers/STM32F1xx_HAL_Driver/Src/stm32f1xx_hal_flash.c 0x00000000   Number         0  stm32f1xx_hal_flash.o ABSOLUTE
    ../Drivers/STM32F1xx_HAL_Driver/Src/stm32f1xx_hal_flash_ex.c 0x00000000   Number         0  stm32f1xx_hal_flash_ex.o ABSOLUTE
    ../Drivers/STM32F1xx_HAL_Driver/Src/stm32f1xx_hal_gpio.c 0x00000000   Number         0  stm32f1xx_hal_gpio.o ABSOLUTE
    ../Drivers/STM32F1xx_HAL_Driver/Src/stm32f1xx_hal_gpio_ex.c 0x00000000   Number         0  stm32f1xx_hal_gpio_ex.o ABSOLUTE
    ../Drivers/STM32F1xx_HAL_Driver/Src/stm32f1xx_hal_i2c.c 0x00000000   Number         0  stm32f1xx_hal_i2c.o ABSOLUTE
    ../Drivers/STM32F1xx_HAL_Driver/Src/stm32f1xx_hal_pcd.c 0x00000000   Number         0  stm32f1xx_hal_pcd.o ABSOLUTE
    ../Drivers/STM32F1xx_HAL_Driver/Src/stm32f1xx_hal_pcd_ex.c 0x00000000   Number         0  stm32f1xx_hal_pcd_ex.o ABSOLUTE
    ../Drivers/STM32F1xx_HAL_Driver/Src/stm32f1xx_hal_pwr.c 0x00000000   Number         0  stm32f1xx_hal_pwr.o ABSOLUTE
    ../Drivers/STM32F1xx_HAL_Driver/Src/stm32f1xx_hal_rcc.c 0x00000000   Number         0  stm32f1xx_hal_rcc.o ABSOLUTE
    ../Drivers/STM32F1xx_HAL_Driver/Src/stm32f1xx_hal_rcc_ex.c 0x00000000   Number         0  stm32f1xx_hal_rcc_ex.o ABSOLUTE
    ../Drivers/STM32F1xx_HAL_Driver/Src/stm32f1xx_hal_spi.c 0x00000000   Number         0  stm32f1xx_hal_spi.o ABSOLUTE
    ../Drivers/STM32F1xx_HAL_Driver/Src/stm32f1xx_hal_tim.c 0x00000000   Number         0  stm32f1xx_hal_tim.o ABSOLUTE
    ../Drivers/STM32F1xx_HAL_Driver/Src/stm32f1xx_hal_tim_ex.c 0x00000000   Number         0  stm32f1xx_hal_tim_ex.o ABSOLUTE
    ../Drivers/STM32F1xx_HAL_Driver/Src/stm32f1xx_hal_uart.c 0x00000000   Number         0  stm32f1xx_hal_uart.o ABSOLUTE
    ../Drivers/STM32F1xx_HAL_Driver/Src/stm32f1xx_ll_usb.c 0x00000000   Number         0  stm32f1xx_ll_usb.o ABSOLUTE
    ../clib/microlib/division.c              0x00000000   Number         0  uidiv.o ABSOLUTE
    ../clib/microlib/division.c              0x00000000   Number         0  uldiv.o ABSOLUTE
    ../clib/microlib/init/entry.s            0x00000000   Number         0  entry11b.o ABSOLUTE
    ../clib/microlib/init/entry.s            0x00000000   Number         0  entry12b.o ABSOLUTE
    ../clib/microlib/init/entry.s            0x00000000   Number         0  entry12a.o ABSOLUTE
    ../clib/microlib/init/entry.s            0x00000000   Number         0  entry11a.o ABSOLUTE
    ../clib/microlib/init/entry.s            0x00000000   Number         0  entry10b.o ABSOLUTE
    ../clib/microlib/init/entry.s            0x00000000   Number         0  entry10a.o ABSOLUTE
    ../clib/microlib/init/entry.s            0x00000000   Number         0  entry9b.o ABSOLUTE
    ../clib/microlib/init/entry.s            0x00000000   Number         0  entry9a.o ABSOLUTE
    ../clib/microlib/init/entry.s            0x00000000   Number         0  entry8b.o ABSOLUTE
    ../clib/microlib/init/entry.s            0x00000000   Number         0  entry8a.o ABSOLUTE
    ../clib/microlib/init/entry.s            0x00000000   Number         0  entry7b.o ABSOLUTE
    ../clib/microlib/init/entry.s            0x00000000   Number         0  entry7a.o ABSOLUTE
    ../clib/microlib/init/entry.s            0x00000000   Number         0  entry5.o ABSOLUTE
    ../clib/microlib/init/entry.s            0x00000000   Number         0  entry2.o ABSOLUTE
    ../clib/microlib/init/entry.s            0x00000000   Number         0  entry.o ABSOLUTE
    ../clib/microlib/longlong.c              0x00000000   Number         0  llsshr.o ABSOLUTE
    ../clib/microlib/longlong.c              0x00000000   Number         0  llshl.o ABSOLUTE
    ../clib/microlib/longlong.c              0x00000000   Number         0  llushr.o ABSOLUTE
    ../clib/microlib/printf/printf.c         0x00000000   Number         0  printf4.o ABSOLUTE
    ../clib/microlib/printf/printf.c         0x00000000   Number         0  printf5.o ABSOLUTE
    ../clib/microlib/printf/printf.c         0x00000000   Number         0  printf6.o ABSOLUTE
    ../clib/microlib/printf/printf.c         0x00000000   Number         0  printf8.o ABSOLUTE
    ../clib/microlib/printf/printf.c         0x00000000   Number         0  printfa.o ABSOLUTE
    ../clib/microlib/printf/printf.c         0x00000000   Number         0  printf0.o ABSOLUTE
    ../clib/microlib/printf/printf.c         0x00000000   Number         0  printfb.o ABSOLUTE
    ../clib/microlib/printf/printf.c         0x00000000   Number         0  printf1.o ABSOLUTE
    ../clib/microlib/printf/printf.c         0x00000000   Number         0  printf2.o ABSOLUTE
    ../clib/microlib/printf/printf.c         0x00000000   Number         0  printf3.o ABSOLUTE
    ../clib/microlib/printf/printf.c         0x00000000   Number         0  printf7.o ABSOLUTE
    ../clib/microlib/stdio/streams.c         0x00000000   Number         0  stdout.o ABSOLUTE
    ../clib/microlib/string/memset.c         0x00000000   Number         0  memseta.o ABSOLUTE
    ../clib/microlib/stubs.s                 0x00000000   Number         0  iusefp.o ABSOLUTE
    ../fplib/microlib/fpadd.c                0x00000000   Number         0  dadd.o ABSOLUTE
    ../fplib/microlib/fpdiv.c                0x00000000   Number         0  ddiv.o ABSOLUTE
    ../fplib/microlib/fpepilogue.c           0x00000000   Number         0  depilogue.o ABSOLUTE
    ../fplib/microlib/fpfix.c                0x00000000   Number         0  dfixul.o ABSOLUTE
    ../fplib/microlib/fpmul.c                0x00000000   Number         0  dmul.o ABSOLUTE
    ..\Applications\button_motor.c           0x00000000   Number         0  button_motor.o ABSOLUTE
    ..\Core\Src\dma.c                        0x00000000   Number         0  dma.o ABSOLUTE
    ..\Core\Src\gpio.c                       0x00000000   Number         0  gpio.o ABSOLUTE
    ..\Core\Src\i2c.c                        0x00000000   Number         0  i2c.o ABSOLUTE
    ..\Core\Src\main.c                       0x00000000   Number         0  main.o ABSOLUTE
    ..\Core\Src\spi.c                        0x00000000   Number         0  spi.o ABSOLUTE
    ..\Core\Src\stm32f1xx_hal_msp.c          0x00000000   Number         0  stm32f1xx_hal_msp.o ABSOLUTE
    ..\Core\Src\stm32f1xx_hal_timebase_tim.c 0x00000000   Number         0  stm32f1xx_hal_timebase_tim.o ABSOLUTE
    ..\Core\Src\stm32f1xx_it.c               0x00000000   Number         0  stm32f1xx_it.o ABSOLUTE
    ..\Core\Src\system_stm32f1xx.c           0x00000000   Number         0  system_stm32f1xx.o ABSOLUTE
    ..\Core\Src\tim.c                        0x00000000   Number         0  tim.o ABSOLUTE
    ..\Core\Src\usart.c                      0x00000000   Number         0  usart.o ABSOLUTE
    ..\Core\Src\usb.c                        0x00000000   Number         0  usb.o ABSOLUTE
    ..\Drivers\STM32F1xx_HAL_Driver\Src\stm32f1xx_hal.c 0x00000000   Number         0  stm32f1xx_hal.o ABSOLUTE
    ..\Drivers\STM32F1xx_HAL_Driver\Src\stm32f1xx_hal_cortex.c 0x00000000   Number         0  stm32f1xx_hal_cortex.o ABSOLUTE
    ..\Drivers\STM32F1xx_HAL_Driver\Src\stm32f1xx_hal_dma.c 0x00000000   Number         0  stm32f1xx_hal_dma.o ABSOLUTE
    ..\Drivers\STM32F1xx_HAL_Driver\Src\stm32f1xx_hal_exti.c 0x00000000   Number         0  stm32f1xx_hal_exti.o ABSOLUTE
    ..\Drivers\STM32F1xx_HAL_Driver\Src\stm32f1xx_hal_flash.c 0x00000000   Number         0  stm32f1xx_hal_flash.o ABSOLUTE
    ..\Drivers\STM32F1xx_HAL_Driver\Src\stm32f1xx_hal_flash_ex.c 0x00000000   Number         0  stm32f1xx_hal_flash_ex.o ABSOLUTE
    ..\Drivers\STM32F1xx_HAL_Driver\Src\stm32f1xx_hal_gpio.c 0x00000000   Number         0  stm32f1xx_hal_gpio.o ABSOLUTE
    ..\Drivers\STM32F1xx_HAL_Driver\Src\stm32f1xx_hal_gpio_ex.c 0x00000000   Number         0  stm32f1xx_hal_gpio_ex.o ABSOLUTE
    ..\Drivers\STM32F1xx_HAL_Driver\Src\stm32f1xx_hal_i2c.c 0x00000000   Number         0  stm32f1xx_hal_i2c.o ABSOLUTE
    ..\Drivers\STM32F1xx_HAL_Driver\Src\stm32f1xx_hal_pcd.c 0x00000000   Number         0  stm32f1xx_hal_pcd.o ABSOLUTE
    ..\Drivers\STM32F1xx_HAL_Driver\Src\stm32f1xx_hal_pcd_ex.c 0x00000000   Number         0  stm32f1xx_hal_pcd_ex.o ABSOLUTE
    ..\Drivers\STM32F1xx_HAL_Driver\Src\stm32f1xx_hal_pwr.c 0x00000000   Number         0  stm32f1xx_hal_pwr.o ABSOLUTE
    ..\Drivers\STM32F1xx_HAL_Driver\Src\stm32f1xx_hal_rcc.c 0x00000000   Number         0  stm32f1xx_hal_rcc.o ABSOLUTE
    ..\Drivers\STM32F1xx_HAL_Driver\Src\stm32f1xx_hal_rcc_ex.c 0x00000000   Number         0  stm32f1xx_hal_rcc_ex.o ABSOLUTE
    ..\Drivers\STM32F1xx_HAL_Driver\Src\stm32f1xx_hal_spi.c 0x00000000   Number         0  stm32f1xx_hal_spi.o ABSOLUTE
    ..\Drivers\STM32F1xx_HAL_Driver\Src\stm32f1xx_hal_tim.c 0x00000000   Number         0  stm32f1xx_hal_tim.o ABSOLUTE
    ..\Drivers\STM32F1xx_HAL_Driver\Src\stm32f1xx_hal_tim_ex.c 0x00000000   Number         0  stm32f1xx_hal_tim_ex.o ABSOLUTE
    ..\Drivers\STM32F1xx_HAL_Driver\Src\stm32f1xx_hal_uart.c 0x00000000   Number         0  stm32f1xx_hal_uart.o ABSOLUTE
    ..\Drivers\STM32F1xx_HAL_Driver\Src\stm32f1xx_ll_usb.c 0x00000000   Number         0  stm32f1xx_ll_usb.o ABSOLUTE
    ..\Modules\Buzzer\Buzzer.c               0x00000000   Number         0  buzzer.o ABSOLUTE
    ..\Modules\KEY\KEY.c                     0x00000000   Number         0  key.o ABSOLUTE
    ..\Modules\KEY\multi_button.c            0x00000000   Number         0  multi_button.o ABSOLUTE
    ..\Modules\OLED\OLED_Function.c          0x00000000   Number         0  oled_function.o ABSOLUTE
    ..\Modules\OLED\OLED_IIC_Config.c        0x00000000   Number         0  oled_iic_config.o ABSOLUTE
    ..\Modules\Ring_buffer\ring_buffer.c     0x00000000   Number         0  ring_buffer.o ABSOLUTE
    ..\Modules\self_def_massage\self_def_message.c 0x00000000   Number         0  self_def_message.o ABSOLUTE
    ..\\Applications\\button_motor.c         0x00000000   Number         0  button_motor.o ABSOLUTE
    ..\\Modules\\Buzzer\\Buzzer.c            0x00000000   Number         0  buzzer.o ABSOLUTE
    ..\\Modules\\KEY\\KEY.c                  0x00000000   Number         0  key.o ABSOLUTE
    ..\\Modules\\OLED\\OLED_Function.c       0x00000000   Number         0  oled_function.o ABSOLUTE
    ..\\Modules\\OLED\\OLED_IIC_Config.c     0x00000000   Number         0  oled_iic_config.o ABSOLUTE
    ..\\Modules\\Ring_buffer\\ring_buffer.c  0x00000000   Number         0  ring_buffer.o ABSOLUTE
    ..\\Modules\\self_def_massage\\self_def_message.c 0x00000000   Number         0  self_def_message.o ABSOLUTE
    ..\\bsp\\bsp_iic\\bsp_iic.c              0x00000000   Number         0  bsp_iic.o ABSOLUTE
    ..\\bsp\\bsp_spi\\bsp_spi.c              0x00000000   Number         0  bsp_spi.o ABSOLUTE
    ..\\bsp\\bsp_usart\\bsp_usart.c          0x00000000   Number         0  bsp_usart.o ABSOLUTE
    ..\bsp\bsp_iic\bsp_iic.c                 0x00000000   Number         0  bsp_iic.o ABSOLUTE
    ..\bsp\bsp_spi\bsp_spi.c                 0x00000000   Number         0  bsp_spi.o ABSOLUTE
    ..\bsp\bsp_usart\bsp_usart.c             0x00000000   Number         0  bsp_usart.o ABSOLUTE
    cdrcmple.s                               0x00000000   Number         0  cdrcmple.o ABSOLUTE
    dc.s                                     0x00000000   Number         0  dc.o ABSOLUTE
    handlers.s                               0x00000000   Number         0  handlers.o ABSOLUTE
    init.s                                   0x00000000   Number         0  init.o ABSOLUTE
    startup_stm32f103xb.s                    0x00000000   Number         0  startup_stm32f103xb.o ABSOLUTE
    RESET                                    0x08000000   Section      236  startup_stm32f103xb.o(RESET)
    .ARM.Collect$$$$00000000                 0x080000ec   Section        0  entry.o(.ARM.Collect$$$$00000000)
    .ARM.Collect$$$$00000001                 0x080000ec   Section        4  entry2.o(.ARM.Collect$$$$00000001)
    .ARM.Collect$$$$00000004                 0x080000f0   Section        4  entry5.o(.ARM.Collect$$$$00000004)
    .ARM.Collect$$$$00000008                 0x080000f4   Section        0  entry7b.o(.ARM.Collect$$$$00000008)
    .ARM.Collect$$$$0000000A                 0x080000f4   Section        0  entry8b.o(.ARM.Collect$$$$0000000A)
    .ARM.Collect$$$$0000000B                 0x080000f4   Section        8  entry9a.o(.ARM.Collect$$$$0000000B)
    .ARM.Collect$$$$0000000E                 0x080000fc   Section        4  entry12b.o(.ARM.Collect$$$$0000000E)
    .ARM.Collect$$$$0000000F                 0x08000100   Section        0  entry10a.o(.ARM.Collect$$$$0000000F)
    .ARM.Collect$$$$00000011                 0x08000100   Section        0  entry11a.o(.ARM.Collect$$$$00000011)
    .ARM.Collect$$$$00002712                 0x08000100   Section        4  entry2.o(.ARM.Collect$$$$00002712)
    __lit__00000000                          0x08000100   Data           4  entry2.o(.ARM.Collect$$$$00002712)
    .text                                    0x08000104   Section       36  startup_stm32f103xb.o(.text)
    .text                                    0x08000128   Section        0  memseta.o(.text)
    .text                                    0x0800014c   Section       36  init.o(.text)
    i.BusFault_Handler                       0x08000170   Section        0  stm32f1xx_it.o(i.BusFault_Handler)
    i.DMA1_Channel4_IRQHandler               0x08000174   Section        0  stm32f1xx_it.o(i.DMA1_Channel4_IRQHandler)
    i.DMA1_Channel5_IRQHandler               0x08000180   Section        0  stm32f1xx_it.o(i.DMA1_Channel5_IRQHandler)
    i.DMA_SetConfig                          0x0800018c   Section        0  stm32f1xx_hal_dma.o(i.DMA_SetConfig)
    DMA_SetConfig                            0x0800018d   Thumb Code    42  stm32f1xx_hal_dma.o(i.DMA_SetConfig)
    i.DebugMon_Handler                       0x080001b6   Section        0  stm32f1xx_it.o(i.DebugMon_Handler)
    i.Error_Handler                          0x080001b8   Section        0  main.o(i.Error_Handler)
    i.HAL_DMA_Abort                          0x080001bc   Section        0  stm32f1xx_hal_dma.o(i.HAL_DMA_Abort)
    i.HAL_DMA_Abort_IT                       0x08000204   Section        0  stm32f1xx_hal_dma.o(i.HAL_DMA_Abort_IT)
    i.HAL_DMA_IRQHandler                     0x0800029c   Section        0  stm32f1xx_hal_dma.o(i.HAL_DMA_IRQHandler)
    i.HAL_DMA_Init                           0x080003f0   Section        0  stm32f1xx_hal_dma.o(i.HAL_DMA_Init)
    i.HAL_DMA_Start_IT                       0x0800044c   Section        0  stm32f1xx_hal_dma.o(i.HAL_DMA_Start_IT)
    i.HAL_GPIO_Init                          0x080004bc   Section        0  stm32f1xx_hal_gpio.o(i.HAL_GPIO_Init)
    i.HAL_GPIO_TogglePin                     0x0800069c   Section        0  stm32f1xx_hal_gpio.o(i.HAL_GPIO_TogglePin)
    i.HAL_GPIO_WritePin                      0x080006ac   Section        0  stm32f1xx_hal_gpio.o(i.HAL_GPIO_WritePin)
    i.HAL_GetTick                            0x080006b8   Section        0  stm32f1xx_hal.o(i.HAL_GetTick)
    i.HAL_I2C_Init                           0x080006c4   Section        0  stm32f1xx_hal_i2c.o(i.HAL_I2C_Init)
    i.HAL_I2C_MspInit                        0x0800084c   Section        0  i2c.o(i.HAL_I2C_MspInit)
    i.HAL_IncTick                            0x080008f4   Section        0  stm32f1xx_hal.o(i.HAL_IncTick)
    i.HAL_Init                               0x08000904   Section        0  stm32f1xx_hal.o(i.HAL_Init)
    i.HAL_InitTick                           0x08000928   Section        0  stm32f1xx_hal_timebase_tim.o(i.HAL_InitTick)
    i.HAL_MspInit                            0x080009b4   Section        0  stm32f1xx_hal_msp.o(i.HAL_MspInit)
    i.HAL_NVIC_EnableIRQ                     0x080009f0   Section        0  stm32f1xx_hal_cortex.o(i.HAL_NVIC_EnableIRQ)
    i.HAL_NVIC_SetPriority                   0x08000a0c   Section        0  stm32f1xx_hal_cortex.o(i.HAL_NVIC_SetPriority)
    i.HAL_NVIC_SetPriorityGrouping           0x08000a4c   Section        0  stm32f1xx_hal_cortex.o(i.HAL_NVIC_SetPriorityGrouping)
    i.HAL_PCD_Init                           0x08000a70   Section        0  stm32f1xx_hal_pcd.o(i.HAL_PCD_Init)
    i.HAL_PCD_MspInit                        0x08000b2c   Section        0  usb.o(i.HAL_PCD_MspInit)
    i.HAL_RCCEx_PeriphCLKConfig              0x08000b54   Section        0  stm32f1xx_hal_rcc_ex.o(i.HAL_RCCEx_PeriphCLKConfig)
    i.HAL_RCC_ClockConfig                    0x08000c40   Section        0  stm32f1xx_hal_rcc.o(i.HAL_RCC_ClockConfig)
    i.HAL_RCC_GetClockConfig                 0x08000d6c   Section        0  stm32f1xx_hal_rcc.o(i.HAL_RCC_GetClockConfig)
    i.HAL_RCC_GetPCLK1Freq                   0x08000dac   Section        0  stm32f1xx_hal_rcc.o(i.HAL_RCC_GetPCLK1Freq)
    i.HAL_RCC_GetPCLK2Freq                   0x08000dcc   Section        0  stm32f1xx_hal_rcc.o(i.HAL_RCC_GetPCLK2Freq)
    i.HAL_RCC_GetSysClockFreq                0x08000dec   Section        0  stm32f1xx_hal_rcc.o(i.HAL_RCC_GetSysClockFreq)
    i.HAL_RCC_OscConfig                      0x08000e38   Section        0  stm32f1xx_hal_rcc.o(i.HAL_RCC_OscConfig)
    i.HAL_SPI_Init                           0x08001158   Section        0  stm32f1xx_hal_spi.o(i.HAL_SPI_Init)
    i.HAL_SPI_MspInit                        0x0800120c   Section        0  spi.o(i.HAL_SPI_MspInit)
    i.HAL_TIMEx_BreakCallback                0x080012bc   Section        0  stm32f1xx_hal_tim_ex.o(i.HAL_TIMEx_BreakCallback)
    i.HAL_TIMEx_CommutCallback               0x080012be   Section        0  stm32f1xx_hal_tim_ex.o(i.HAL_TIMEx_CommutCallback)
    i.HAL_TIMEx_MasterConfigSynchronization  0x080012c0   Section        0  stm32f1xx_hal_tim_ex.o(i.HAL_TIMEx_MasterConfigSynchronization)
    i.HAL_TIM_Base_Init                      0x08001328   Section        0  stm32f1xx_hal_tim.o(i.HAL_TIM_Base_Init)
    i.HAL_TIM_Base_MspInit                   0x08001384   Section        0  tim.o(i.HAL_TIM_Base_MspInit)
    i.HAL_TIM_Base_Start_IT                  0x080013e4   Section        0  stm32f1xx_hal_tim.o(i.HAL_TIM_Base_Start_IT)
    i.HAL_TIM_ConfigClockSource              0x0800143c   Section        0  stm32f1xx_hal_tim.o(i.HAL_TIM_ConfigClockSource)
    i.HAL_TIM_IC_CaptureCallback             0x08001518   Section        0  stm32f1xx_hal_tim.o(i.HAL_TIM_IC_CaptureCallback)
    i.HAL_TIM_IRQHandler                     0x0800151a   Section        0  stm32f1xx_hal_tim.o(i.HAL_TIM_IRQHandler)
    i.HAL_TIM_MspPostInit                    0x0800164c   Section        0  tim.o(i.HAL_TIM_MspPostInit)
    i.HAL_TIM_OC_DelayElapsedCallback        0x08001698   Section        0  stm32f1xx_hal_tim.o(i.HAL_TIM_OC_DelayElapsedCallback)
    i.HAL_TIM_PWM_ConfigChannel              0x0800169a   Section        0  stm32f1xx_hal_tim.o(i.HAL_TIM_PWM_ConfigChannel)
    i.HAL_TIM_PWM_Init                       0x08001766   Section        0  stm32f1xx_hal_tim.o(i.HAL_TIM_PWM_Init)
    i.HAL_TIM_PWM_MspInit                    0x080017c0   Section        0  stm32f1xx_hal_tim.o(i.HAL_TIM_PWM_MspInit)
    i.HAL_TIM_PWM_PulseFinishedCallback      0x080017c2   Section        0  stm32f1xx_hal_tim.o(i.HAL_TIM_PWM_PulseFinishedCallback)
    i.HAL_TIM_PeriodElapsedCallback          0x080017c4   Section        0  main.o(i.HAL_TIM_PeriodElapsedCallback)
    i.HAL_TIM_TriggerCallback                0x080017d8   Section        0  stm32f1xx_hal_tim.o(i.HAL_TIM_TriggerCallback)
    i.HAL_UARTEx_ReceiveToIdle_DMA           0x080017da   Section        0  stm32f1xx_hal_uart.o(i.HAL_UARTEx_ReceiveToIdle_DMA)
    i.HAL_UARTEx_RxEventCallback             0x08001824   Section        0  button_motor.o(i.HAL_UARTEx_RxEventCallback)
    i.HAL_UART_ErrorCallback                 0x080018a8   Section        0  self_def_message.o(i.HAL_UART_ErrorCallback)
    i.HAL_UART_IRQHandler                    0x080018d8   Section        0  stm32f1xx_hal_uart.o(i.HAL_UART_IRQHandler)
    i.HAL_UART_Init                          0x08001b44   Section        0  stm32f1xx_hal_uart.o(i.HAL_UART_Init)
    i.HAL_UART_MspInit                       0x08001ba8   Section        0  usart.o(i.HAL_UART_MspInit)
    i.HAL_UART_RxCpltCallback                0x08001cdc   Section        0  stm32f1xx_hal_uart.o(i.HAL_UART_RxCpltCallback)
    i.HAL_UART_RxHalfCpltCallback            0x08001cde   Section        0  stm32f1xx_hal_uart.o(i.HAL_UART_RxHalfCpltCallback)
    i.HAL_UART_Transmit                      0x08001ce0   Section        0  stm32f1xx_hal_uart.o(i.HAL_UART_Transmit)
    i.HAL_UART_Transmit_DMA                  0x08001d80   Section        0  stm32f1xx_hal_uart.o(i.HAL_UART_Transmit_DMA)
    i.HAL_UART_Transmit_IT                   0x08001df8   Section        0  stm32f1xx_hal_uart.o(i.HAL_UART_Transmit_IT)
    i.HAL_UART_TxCpltCallback                0x08001e2a   Section        0  stm32f1xx_hal_uart.o(i.HAL_UART_TxCpltCallback)
    i.HAL_UART_TxHalfCpltCallback            0x08001e2c   Section        0  stm32f1xx_hal_uart.o(i.HAL_UART_TxHalfCpltCallback)
    i.HardFault_Handler                      0x08001e2e   Section        0  stm32f1xx_it.o(i.HardFault_Handler)
    i.IsRingBufferEmpty                      0x08001e30   Section        0  ring_buffer.o(i.IsRingBufferEmpty)
    i.IsRingBufferFull                       0x08001e44   Section        0  ring_buffer.o(i.IsRingBufferFull)
    i.MX_DMA_Init                            0x08001e64   Section        0  dma.o(i.MX_DMA_Init)
    i.MX_GPIO_Init                           0x08001ea0   Section        0  gpio.o(i.MX_GPIO_Init)
    i.MX_I2C1_Init                           0x08001f88   Section        0  i2c.o(i.MX_I2C1_Init)
    i.MX_I2C2_Init                           0x08001fc8   Section        0  i2c.o(i.MX_I2C2_Init)
    i.MX_SPI1_Init                           0x08002008   Section        0  spi.o(i.MX_SPI1_Init)
    i.MX_SPI2_Init                           0x08002048   Section        0  spi.o(i.MX_SPI2_Init)
    i.MX_TIM2_Init                           0x08002088   Section        0  tim.o(i.MX_TIM2_Init)
    i.MX_TIM3_Init                           0x080020ec   Section        0  tim.o(i.MX_TIM3_Init)
    i.MX_USART1_UART_Init                    0x08002184   Section        0  usart.o(i.MX_USART1_UART_Init)
    i.MX_USART2_UART_Init                    0x080021bc   Section        0  usart.o(i.MX_USART2_UART_Init)
    i.MX_USB_PCD_Init                        0x080021f4   Section        0  usb.o(i.MX_USB_PCD_Init)
    i.MemManage_Handler                      0x08002228   Section        0  stm32f1xx_it.o(i.MemManage_Handler)
    i.NMI_Handler                            0x0800222a   Section        0  stm32f1xx_it.o(i.NMI_Handler)
    i.PendSV_Handler                         0x0800222c   Section        0  stm32f1xx_it.o(i.PendSV_Handler)
    i.ReadOneByteFromRingBuffer              0x0800222e   Section        0  ring_buffer.o(i.ReadOneByteFromRingBuffer)
    i.ReadRingBuffer                         0x08002258   Section        0  ring_buffer.o(i.ReadRingBuffer)
    i.RingBufferinit                         0x08002276   Section        0  ring_buffer.o(i.RingBufferinit)
    i.SVC_Handler                            0x08002282   Section        0  stm32f1xx_it.o(i.SVC_Handler)
    i.SysTick_Handler                        0x08002284   Section        0  stm32f1xx_it.o(i.SysTick_Handler)
    i.SystemClock_Config                     0x08002286   Section        0  main.o(i.SystemClock_Config)
    i.SystemInit                             0x080022fc   Section        0  system_stm32f1xx.o(i.SystemInit)
    i.TIM1_UP_IRQHandler                     0x08002300   Section        0  stm32f1xx_it.o(i.TIM1_UP_IRQHandler)
    i.TIM2_IRQHandler                        0x0800230c   Section        0  stm32f1xx_it.o(i.TIM2_IRQHandler)
    i.TIM3_IRQHandler                        0x08002318   Section        0  stm32f1xx_it.o(i.TIM3_IRQHandler)
    i.TIM_Base_SetConfig                     0x08002324   Section        0  stm32f1xx_hal_tim.o(i.TIM_Base_SetConfig)
    i.TIM_ETR_SetConfig                      0x0800239c   Section        0  stm32f1xx_hal_tim.o(i.TIM_ETR_SetConfig)
    i.TIM_ITRx_SetConfig                     0x080023b0   Section        0  stm32f1xx_hal_tim.o(i.TIM_ITRx_SetConfig)
    TIM_ITRx_SetConfig                       0x080023b1   Thumb Code    16  stm32f1xx_hal_tim.o(i.TIM_ITRx_SetConfig)
    i.TIM_OC1_SetConfig                      0x080023c0   Section        0  stm32f1xx_hal_tim.o(i.TIM_OC1_SetConfig)
    TIM_OC1_SetConfig                        0x080023c1   Thumb Code    74  stm32f1xx_hal_tim.o(i.TIM_OC1_SetConfig)
    i.TIM_OC2_SetConfig                      0x08002410   Section        0  stm32f1xx_hal_tim.o(i.TIM_OC2_SetConfig)
    i.TIM_OC3_SetConfig                      0x08002468   Section        0  stm32f1xx_hal_tim.o(i.TIM_OC3_SetConfig)
    TIM_OC3_SetConfig                        0x08002469   Thumb Code    82  stm32f1xx_hal_tim.o(i.TIM_OC3_SetConfig)
    i.TIM_OC4_SetConfig                      0x080024c0   Section        0  stm32f1xx_hal_tim.o(i.TIM_OC4_SetConfig)
    TIM_OC4_SetConfig                        0x080024c1   Thumb Code    64  stm32f1xx_hal_tim.o(i.TIM_OC4_SetConfig)
    i.TIM_TI1_ConfigInputStage               0x08002504   Section        0  stm32f1xx_hal_tim.o(i.TIM_TI1_ConfigInputStage)
    TIM_TI1_ConfigInputStage                 0x08002505   Thumb Code    34  stm32f1xx_hal_tim.o(i.TIM_TI1_ConfigInputStage)
    i.TIM_TI2_ConfigInputStage               0x08002526   Section        0  stm32f1xx_hal_tim.o(i.TIM_TI2_ConfigInputStage)
    TIM_TI2_ConfigInputStage                 0x08002527   Thumb Code    36  stm32f1xx_hal_tim.o(i.TIM_TI2_ConfigInputStage)
    i.UART_DMAAbortOnError                   0x0800254a   Section        0  stm32f1xx_hal_uart.o(i.UART_DMAAbortOnError)
    UART_DMAAbortOnError                     0x0800254b   Thumb Code    16  stm32f1xx_hal_uart.o(i.UART_DMAAbortOnError)
    i.UART_DMAError                          0x0800255a   Section        0  stm32f1xx_hal_uart.o(i.UART_DMAError)
    UART_DMAError                            0x0800255b   Thumb Code    74  stm32f1xx_hal_uart.o(i.UART_DMAError)
    i.UART_DMAReceiveCplt                    0x080025a4   Section        0  stm32f1xx_hal_uart.o(i.UART_DMAReceiveCplt)
    UART_DMAReceiveCplt                      0x080025a5   Thumb Code   134  stm32f1xx_hal_uart.o(i.UART_DMAReceiveCplt)
    i.UART_DMARxHalfCplt                     0x0800262a   Section        0  stm32f1xx_hal_uart.o(i.UART_DMARxHalfCplt)
    UART_DMARxHalfCplt                       0x0800262b   Thumb Code    30  stm32f1xx_hal_uart.o(i.UART_DMARxHalfCplt)
    i.UART_DMATransmitCplt                   0x08002648   Section        0  stm32f1xx_hal_uart.o(i.UART_DMATransmitCplt)
    UART_DMATransmitCplt                     0x08002649   Thumb Code    66  stm32f1xx_hal_uart.o(i.UART_DMATransmitCplt)
    i.UART_DMATxHalfCplt                     0x0800268a   Section        0  stm32f1xx_hal_uart.o(i.UART_DMATxHalfCplt)
    UART_DMATxHalfCplt                       0x0800268b   Thumb Code    10  stm32f1xx_hal_uart.o(i.UART_DMATxHalfCplt)
    i.UART_EndRxTransfer                     0x08002694   Section        0  stm32f1xx_hal_uart.o(i.UART_EndRxTransfer)
    UART_EndRxTransfer                       0x08002695   Thumb Code    78  stm32f1xx_hal_uart.o(i.UART_EndRxTransfer)
    i.UART_EndTxTransfer                     0x080026e2   Section        0  stm32f1xx_hal_uart.o(i.UART_EndTxTransfer)
    UART_EndTxTransfer                       0x080026e3   Thumb Code    28  stm32f1xx_hal_uart.o(i.UART_EndTxTransfer)
    i.UART_Receive_IT                        0x080026fe   Section        0  stm32f1xx_hal_uart.o(i.UART_Receive_IT)
    UART_Receive_IT                          0x080026ff   Thumb Code   194  stm32f1xx_hal_uart.o(i.UART_Receive_IT)
    i.UART_Receive_IT_enable                 0x080027c0   Section        0  bsp_usart.o(i.UART_Receive_IT_enable)
    i.UART_SetConfig                         0x080027fc   Section        0  stm32f1xx_hal_uart.o(i.UART_SetConfig)
    UART_SetConfig                           0x080027fd   Thumb Code   178  stm32f1xx_hal_uart.o(i.UART_SetConfig)
    i.UART_Start_Receive_DMA                 0x080028b4   Section        0  stm32f1xx_hal_uart.o(i.UART_Start_Receive_DMA)
    i.UART_WaitOnFlagUntilTimeout            0x08002944   Section        0  stm32f1xx_hal_uart.o(i.UART_WaitOnFlagUntilTimeout)
    UART_WaitOnFlagUntilTimeout              0x08002945   Thumb Code   114  stm32f1xx_hal_uart.o(i.UART_WaitOnFlagUntilTimeout)
    i.USART1_IRQHandler                      0x080029b8   Section        0  stm32f1xx_it.o(i.USART1_IRQHandler)
    i.USART2_IRQHandler                      0x080029d4   Section        0  stm32f1xx_it.o(i.USART2_IRQHandler)
    i.USB_CoreInit                           0x080029e0   Section        0  stm32f1xx_ll_usb.o(i.USB_CoreInit)
    i.USB_DevDisconnect                      0x080029e4   Section        0  stm32f1xx_ll_usb.o(i.USB_DevDisconnect)
    i.USB_DevInit                            0x080029e8   Section        0  stm32f1xx_ll_usb.o(i.USB_DevInit)
    i.USB_DisableGlobalInt                   0x080029fa   Section        0  stm32f1xx_ll_usb.o(i.USB_DisableGlobalInt)
    i.USB_SetCurrentMode                     0x08002a08   Section        0  stm32f1xx_ll_usb.o(i.USB_SetCurrentMode)
    i.UartSend                               0x08002a0c   Section        0  bsp_usart.o(i.UartSend)
    i.Uart_Idle_rcDMA                        0x08002a30   Section        0  bsp_usart.o(i.Uart_Idle_rcDMA)
    i.UsageFault_Handler                     0x08002a50   Section        0  stm32f1xx_it.o(i.UsageFault_Handler)
    i.User_rx_Callback                       0x08002a54   Section        0  button_motor.o(i.User_rx_Callback)
    i.WriteOneByteToRingBuffer               0x08002aa4   Section        0  ring_buffer.o(i.WriteOneByteToRingBuffer)
    i.WriteRingBuffer                        0x08002acc   Section        0  ring_buffer.o(i.WriteRingBuffer)
    i.__0printf$bare                         0x08002aec   Section        0  printfb.o(i.__0printf$bare)
    i.__NVIC_SetPriority                     0x08002afc   Section        0  stm32f1xx_hal_cortex.o(i.__NVIC_SetPriority)
    __NVIC_SetPriority                       0x08002afd   Thumb Code    32  stm32f1xx_hal_cortex.o(i.__NVIC_SetPriority)
    i.__scatterload_copy                     0x08002b1c   Section       14  handlers.o(i.__scatterload_copy)
    i.__scatterload_null                     0x08002b2a   Section        2  handlers.o(i.__scatterload_null)
    i.__scatterload_zeroinit                 0x08002b2c   Section       14  handlers.o(i.__scatterload_zeroinit)
    i._printf_core                           0x08002b3a   Section        0  printfb.o(i._printf_core)
    _printf_core                             0x08002b3b   Thumb Code    34  printfb.o(i._printf_core)
    i.bsp_usart_init                         0x08002b5c   Section        0  bsp_usart.o(i.bsp_usart_init)
    i.fputc                                  0x08002b70   Section        0  usart.o(i.fputc)
    i.frameInstance_init                     0x08002b88   Section        0  self_def_message.o(i.frameInstance_init)
    i.frame_buf                              0x08002bd8   Section        0  self_def_message.o(i.frame_buf)
    i.main                                   0x08002c40   Section        0  main.o(i.main)
    .constdata                               0x08002cc4   Section       18  stm32f1xx_hal_rcc.o(.constdata)
    aPredivFactorTable                       0x08002cc4   Data           2  stm32f1xx_hal_rcc.o(.constdata)
    aPLLMULFactorTable                       0x08002cc6   Data          16  stm32f1xx_hal_rcc.o(.constdata)
    .constdata                               0x08002cd6   Section       16  system_stm32f1xx.o(.constdata)
    .constdata                               0x08002ce6   Section        8  system_stm32f1xx.o(.constdata)
    .data                                    0x20000000   Section       12  stm32f1xx_hal.o(.data)
    .data                                    0x2000000c   Section        4  system_stm32f1xx.o(.data)
    .data                                    0x20000010   Section        8  self_def_message.o(.data)
    .data                                    0x20000018   Section        4  stdout.o(.data)
    .bss                                     0x2000001c   Section      168  i2c.o(.bss)
    .bss                                     0x200000c4   Section      176  spi.o(.bss)
    .bss                                     0x20000174   Section      144  tim.o(.bss)
    .bss                                     0x20000204   Section      280  usart.o(.bss)
    .bss                                     0x2000031c   Section      728  usb.o(.bss)
    .bss                                     0x200005f4   Section       72  stm32f1xx_hal_timebase_tim.o(.bss)
    .bss                                     0x2000063c   Section       50  button_motor.o(.bss)
    .bss                                     0x20000670   Section       16  button_motor.o(.bss)
    .bss                                     0x20000680   Section      128  self_def_message.o(.bss)
    STACK                                    0x20000700   Section     1024  startup_stm32f103xb.o(STACK)

    Global Symbols

    Symbol Name                              Value     Ov Type        Size  Object(Section)

    BuildAttributes$$THM_ISAv4$P$D$K$B$S$PE$A:L22UL41UL21$X:L11$S22US41US21$IEEE1$IW$USESV6$~STKCKD$USESV7$~SHL$OSPACE$ROPI$EBA8$MICROLIB$REQ8$PRES8$EABIv2 0x00000000   Number         0  anon$$obj.o ABSOLUTE
    __ARM_use_no_argv                        0x00000000   Number         0  main.o ABSOLUTE
    __arm_fini_                               - Undefined Weak Reference
    __cpp_initialize__aeabi_                  - Undefined Weak Reference
    __cxa_finalize                            - Undefined Weak Reference
    __decompress                              - Undefined Weak Reference
    _clock_init                               - Undefined Weak Reference
    _microlib_exit                            - Undefined Weak Reference
    __Vectors_Size                           0x000000ec   Number         0  startup_stm32f103xb.o ABSOLUTE
    __Vectors                                0x08000000   Data           4  startup_stm32f103xb.o(RESET)
    __Vectors_End                            0x080000ec   Data           0  startup_stm32f103xb.o(RESET)
    __main                                   0x080000ed   Thumb Code     0  entry.o(.ARM.Collect$$$$00000000)
    _main_stk                                0x080000ed   Thumb Code     0  entry2.o(.ARM.Collect$$$$00000001)
    _main_scatterload                        0x080000f1   Thumb Code     0  entry5.o(.ARM.Collect$$$$00000004)
    __main_after_scatterload                 0x080000f5   Thumb Code     0  entry5.o(.ARM.Collect$$$$00000004)
    _main_clock                              0x080000f5   Thumb Code     0  entry7b.o(.ARM.Collect$$$$00000008)
    _main_cpp_init                           0x080000f5   Thumb Code     0  entry8b.o(.ARM.Collect$$$$0000000A)
    _main_init                               0x080000f5   Thumb Code     0  entry9a.o(.ARM.Collect$$$$0000000B)
    __rt_lib_shutdown_fini                   0x080000fd   Thumb Code     0  entry12b.o(.ARM.Collect$$$$0000000E)
    __rt_final_cpp                           0x08000101   Thumb Code     0  entry10a.o(.ARM.Collect$$$$0000000F)
    __rt_final_exit                          0x08000101   Thumb Code     0  entry11a.o(.ARM.Collect$$$$00000011)
    Reset_Handler                            0x08000105   Thumb Code     8  startup_stm32f103xb.o(.text)
    ADC1_2_IRQHandler                        0x0800011f   Thumb Code     0  startup_stm32f103xb.o(.text)
    CAN1_RX1_IRQHandler                      0x0800011f   Thumb Code     0  startup_stm32f103xb.o(.text)
    CAN1_SCE_IRQHandler                      0x0800011f   Thumb Code     0  startup_stm32f103xb.o(.text)
    DMA1_Channel1_IRQHandler                 0x0800011f   Thumb Code     0  startup_stm32f103xb.o(.text)
    DMA1_Channel2_IRQHandler                 0x0800011f   Thumb Code     0  startup_stm32f103xb.o(.text)
    DMA1_Channel3_IRQHandler                 0x0800011f   Thumb Code     0  startup_stm32f103xb.o(.text)
    DMA1_Channel6_IRQHandler                 0x0800011f   Thumb Code     0  startup_stm32f103xb.o(.text)
    DMA1_Channel7_IRQHandler                 0x0800011f   Thumb Code     0  startup_stm32f103xb.o(.text)
    EXTI0_IRQHandler                         0x0800011f   Thumb Code     0  startup_stm32f103xb.o(.text)
    EXTI15_10_IRQHandler                     0x0800011f   Thumb Code     0  startup_stm32f103xb.o(.text)
    EXTI1_IRQHandler                         0x0800011f   Thumb Code     0  startup_stm32f103xb.o(.text)
    EXTI2_IRQHandler                         0x0800011f   Thumb Code     0  startup_stm32f103xb.o(.text)
    EXTI3_IRQHandler                         0x0800011f   Thumb Code     0  startup_stm32f103xb.o(.text)
    EXTI4_IRQHandler                         0x0800011f   Thumb Code     0  startup_stm32f103xb.o(.text)
    EXTI9_5_IRQHandler                       0x0800011f   Thumb Code     0  startup_stm32f103xb.o(.text)
    FLASH_IRQHandler                         0x0800011f   Thumb Code     0  startup_stm32f103xb.o(.text)
    I2C1_ER_IRQHandler                       0x0800011f   Thumb Code     0  startup_stm32f103xb.o(.text)
    I2C1_EV_IRQHandler                       0x0800011f   Thumb Code     0  startup_stm32f103xb.o(.text)
    I2C2_ER_IRQHandler                       0x0800011f   Thumb Code     0  startup_stm32f103xb.o(.text)
    I2C2_EV_IRQHandler                       0x0800011f   Thumb Code     0  startup_stm32f103xb.o(.text)
    PVD_IRQHandler                           0x0800011f   Thumb Code     0  startup_stm32f103xb.o(.text)
    RCC_IRQHandler                           0x0800011f   Thumb Code     0  startup_stm32f103xb.o(.text)
    RTC_Alarm_IRQHandler                     0x0800011f   Thumb Code     0  startup_stm32f103xb.o(.text)
    RTC_IRQHandler                           0x0800011f   Thumb Code     0  startup_stm32f103xb.o(.text)
    SPI1_IRQHandler                          0x0800011f   Thumb Code     0  startup_stm32f103xb.o(.text)
    SPI2_IRQHandler                          0x0800011f   Thumb Code     0  startup_stm32f103xb.o(.text)
    TAMPER_IRQHandler                        0x0800011f   Thumb Code     0  startup_stm32f103xb.o(.text)
    TIM1_BRK_IRQHandler                      0x0800011f   Thumb Code     0  startup_stm32f103xb.o(.text)
    TIM1_CC_IRQHandler                       0x0800011f   Thumb Code     0  startup_stm32f103xb.o(.text)
    TIM1_TRG_COM_IRQHandler                  0x0800011f   Thumb Code     0  startup_stm32f103xb.o(.text)
    TIM4_IRQHandler                          0x0800011f   Thumb Code     0  startup_stm32f103xb.o(.text)
    USART3_IRQHandler                        0x0800011f   Thumb Code     0  startup_stm32f103xb.o(.text)
    USBWakeUp_IRQHandler                     0x0800011f   Thumb Code     0  startup_stm32f103xb.o(.text)
    USB_HP_CAN1_TX_IRQHandler                0x0800011f   Thumb Code     0  startup_stm32f103xb.o(.text)
    USB_LP_CAN1_RX0_IRQHandler               0x0800011f   Thumb Code     0  startup_stm32f103xb.o(.text)
    WWDG_IRQHandler                          0x0800011f   Thumb Code     0  startup_stm32f103xb.o(.text)
    __aeabi_memset                           0x08000129   Thumb Code    14  memseta.o(.text)
    __aeabi_memset4                          0x08000129   Thumb Code     0  memseta.o(.text)
    __aeabi_memset8                          0x08000129   Thumb Code     0  memseta.o(.text)
    __aeabi_memclr                           0x08000137   Thumb Code     4  memseta.o(.text)
    __aeabi_memclr4                          0x08000137   Thumb Code     0  memseta.o(.text)
    __aeabi_memclr8                          0x08000137   Thumb Code     0  memseta.o(.text)
    _memset$wrapper                          0x0800013b   Thumb Code    18  memseta.o(.text)
    __scatterload                            0x0800014d   Thumb Code    28  init.o(.text)
    __scatterload_rt2                        0x0800014d   Thumb Code     0  init.o(.text)
    BusFault_Handler                         0x08000171   Thumb Code     2  stm32f1xx_it.o(i.BusFault_Handler)
    DMA1_Channel4_IRQHandler                 0x08000175   Thumb Code     6  stm32f1xx_it.o(i.DMA1_Channel4_IRQHandler)
    DMA1_Channel5_IRQHandler                 0x08000181   Thumb Code     6  stm32f1xx_it.o(i.DMA1_Channel5_IRQHandler)
    DebugMon_Handler                         0x080001b7   Thumb Code     2  stm32f1xx_it.o(i.DebugMon_Handler)
    Error_Handler                            0x080001b9   Thumb Code     4  main.o(i.Error_Handler)
    HAL_DMA_Abort                            0x080001bd   Thumb Code    70  stm32f1xx_hal_dma.o(i.HAL_DMA_Abort)
    HAL_DMA_Abort_IT                         0x08000205   Thumb Code   148  stm32f1xx_hal_dma.o(i.HAL_DMA_Abort_IT)
    HAL_DMA_IRQHandler                       0x0800029d   Thumb Code   316  stm32f1xx_hal_dma.o(i.HAL_DMA_IRQHandler)
    HAL_DMA_Init                             0x080003f1   Thumb Code    84  stm32f1xx_hal_dma.o(i.HAL_DMA_Init)
    HAL_DMA_Start_IT                         0x0800044d   Thumb Code   112  stm32f1xx_hal_dma.o(i.HAL_DMA_Start_IT)
    HAL_GPIO_Init                            0x080004bd   Thumb Code   446  stm32f1xx_hal_gpio.o(i.HAL_GPIO_Init)
    HAL_GPIO_TogglePin                       0x0800069d   Thumb Code    16  stm32f1xx_hal_gpio.o(i.HAL_GPIO_TogglePin)
    HAL_GPIO_WritePin                        0x080006ad   Thumb Code    10  stm32f1xx_hal_gpio.o(i.HAL_GPIO_WritePin)
    HAL_GetTick                              0x080006b9   Thumb Code     6  stm32f1xx_hal.o(i.HAL_GetTick)
    HAL_I2C_Init                             0x080006c5   Thumb Code   376  stm32f1xx_hal_i2c.o(i.HAL_I2C_Init)
    HAL_I2C_MspInit                          0x0800084d   Thumb Code   148  i2c.o(i.HAL_I2C_MspInit)
    HAL_IncTick                              0x080008f5   Thumb Code    12  stm32f1xx_hal.o(i.HAL_IncTick)
    HAL_Init                                 0x08000905   Thumb Code    32  stm32f1xx_hal.o(i.HAL_Init)
    HAL_InitTick                             0x08000929   Thumb Code   118  stm32f1xx_hal_timebase_tim.o(i.HAL_InitTick)
    HAL_MspInit                              0x080009b5   Thumb Code    52  stm32f1xx_hal_msp.o(i.HAL_MspInit)
    HAL_NVIC_EnableIRQ                       0x080009f1   Thumb Code    26  stm32f1xx_hal_cortex.o(i.HAL_NVIC_EnableIRQ)
    HAL_NVIC_SetPriority                     0x08000a0d   Thumb Code    60  stm32f1xx_hal_cortex.o(i.HAL_NVIC_SetPriority)
    HAL_NVIC_SetPriorityGrouping             0x08000a4d   Thumb Code    26  stm32f1xx_hal_cortex.o(i.HAL_NVIC_SetPriorityGrouping)
    HAL_PCD_Init                             0x08000a71   Thumb Code   186  stm32f1xx_hal_pcd.o(i.HAL_PCD_Init)
    HAL_PCD_MspInit                          0x08000b2d   Thumb Code    30  usb.o(i.HAL_PCD_MspInit)
    HAL_RCCEx_PeriphCLKConfig                0x08000b55   Thumb Code   224  stm32f1xx_hal_rcc_ex.o(i.HAL_RCCEx_PeriphCLKConfig)
    HAL_RCC_ClockConfig                      0x08000c41   Thumb Code   280  stm32f1xx_hal_rcc.o(i.HAL_RCC_ClockConfig)
    HAL_RCC_GetClockConfig                   0x08000d6d   Thumb Code    54  stm32f1xx_hal_rcc.o(i.HAL_RCC_GetClockConfig)
    HAL_RCC_GetPCLK1Freq                     0x08000dad   Thumb Code    20  stm32f1xx_hal_rcc.o(i.HAL_RCC_GetPCLK1Freq)
    HAL_RCC_GetPCLK2Freq                     0x08000dcd   Thumb Code    20  stm32f1xx_hal_rcc.o(i.HAL_RCC_GetPCLK2Freq)
    HAL_RCC_GetSysClockFreq                  0x08000ded   Thumb Code    58  stm32f1xx_hal_rcc.o(i.HAL_RCC_GetSysClockFreq)
    HAL_RCC_OscConfig                        0x08000e39   Thumb Code   778  stm32f1xx_hal_rcc.o(i.HAL_RCC_OscConfig)
    HAL_SPI_Init                             0x08001159   Thumb Code   178  stm32f1xx_hal_spi.o(i.HAL_SPI_Init)
    HAL_SPI_MspInit                          0x0800120d   Thumb Code   154  spi.o(i.HAL_SPI_MspInit)
    HAL_TIMEx_BreakCallback                  0x080012bd   Thumb Code     2  stm32f1xx_hal_tim_ex.o(i.HAL_TIMEx_BreakCallback)
    HAL_TIMEx_CommutCallback                 0x080012bf   Thumb Code     2  stm32f1xx_hal_tim_ex.o(i.HAL_TIMEx_CommutCallback)
    HAL_TIMEx_MasterConfigSynchronization    0x080012c1   Thumb Code    92  stm32f1xx_hal_tim_ex.o(i.HAL_TIMEx_MasterConfigSynchronization)
    HAL_TIM_Base_Init                        0x08001329   Thumb Code    90  stm32f1xx_hal_tim.o(i.HAL_TIM_Base_Init)
    HAL_TIM_Base_MspInit                     0x08001385   Thumb Code    86  tim.o(i.HAL_TIM_Base_MspInit)
    HAL_TIM_Base_Start_IT                    0x080013e5   Thumb Code    76  stm32f1xx_hal_tim.o(i.HAL_TIM_Base_Start_IT)
    HAL_TIM_ConfigClockSource                0x0800143d   Thumb Code   220  stm32f1xx_hal_tim.o(i.HAL_TIM_ConfigClockSource)
    HAL_TIM_IC_CaptureCallback               0x08001519   Thumb Code     2  stm32f1xx_hal_tim.o(i.HAL_TIM_IC_CaptureCallback)
    HAL_TIM_IRQHandler                       0x0800151b   Thumb Code   304  stm32f1xx_hal_tim.o(i.HAL_TIM_IRQHandler)
    HAL_TIM_MspPostInit                      0x0800164d   Thumb Code    62  tim.o(i.HAL_TIM_MspPostInit)
    HAL_TIM_OC_DelayElapsedCallback          0x08001699   Thumb Code     2  stm32f1xx_hal_tim.o(i.HAL_TIM_OC_DelayElapsedCallback)
    HAL_TIM_PWM_ConfigChannel                0x0800169b   Thumb Code   204  stm32f1xx_hal_tim.o(i.HAL_TIM_PWM_ConfigChannel)
    HAL_TIM_PWM_Init                         0x08001767   Thumb Code    90  stm32f1xx_hal_tim.o(i.HAL_TIM_PWM_Init)
    HAL_TIM_PWM_MspInit                      0x080017c1   Thumb Code     2  stm32f1xx_hal_tim.o(i.HAL_TIM_PWM_MspInit)
    HAL_TIM_PWM_PulseFinishedCallback        0x080017c3   Thumb Code     2  stm32f1xx_hal_tim.o(i.HAL_TIM_PWM_PulseFinishedCallback)
    HAL_TIM_PeriodElapsedCallback            0x080017c5   Thumb Code    14  main.o(i.HAL_TIM_PeriodElapsedCallback)
    HAL_TIM_TriggerCallback                  0x080017d9   Thumb Code     2  stm32f1xx_hal_tim.o(i.HAL_TIM_TriggerCallback)
    HAL_UARTEx_ReceiveToIdle_DMA             0x080017db   Thumb Code    74  stm32f1xx_hal_uart.o(i.HAL_UARTEx_ReceiveToIdle_DMA)
    HAL_UARTEx_RxEventCallback               0x08001825   Thumb Code   120  button_motor.o(i.HAL_UARTEx_RxEventCallback)
    HAL_UART_ErrorCallback                   0x080018a9   Thumb Code    34  self_def_message.o(i.HAL_UART_ErrorCallback)
    HAL_UART_IRQHandler                      0x080018d9   Thumb Code   616  stm32f1xx_hal_uart.o(i.HAL_UART_IRQHandler)
    HAL_UART_Init                            0x08001b45   Thumb Code   100  stm32f1xx_hal_uart.o(i.HAL_UART_Init)
    HAL_UART_MspInit                         0x08001ba9   Thumb Code   282  usart.o(i.HAL_UART_MspInit)
    HAL_UART_RxCpltCallback                  0x08001cdd   Thumb Code     2  stm32f1xx_hal_uart.o(i.HAL_UART_RxCpltCallback)
    HAL_UART_RxHalfCpltCallback              0x08001cdf   Thumb Code     2  stm32f1xx_hal_uart.o(i.HAL_UART_RxHalfCpltCallback)
    HAL_UART_Transmit                        0x08001ce1   Thumb Code   160  stm32f1xx_hal_uart.o(i.HAL_UART_Transmit)
    HAL_UART_Transmit_DMA                    0x08001d81   Thumb Code   106  stm32f1xx_hal_uart.o(i.HAL_UART_Transmit_DMA)
    HAL_UART_Transmit_IT                     0x08001df9   Thumb Code    50  stm32f1xx_hal_uart.o(i.HAL_UART_Transmit_IT)
    HAL_UART_TxCpltCallback                  0x08001e2b   Thumb Code     2  stm32f1xx_hal_uart.o(i.HAL_UART_TxCpltCallback)
    HAL_UART_TxHalfCpltCallback              0x08001e2d   Thumb Code     2  stm32f1xx_hal_uart.o(i.HAL_UART_TxHalfCpltCallback)
    HardFault_Handler                        0x08001e2f   Thumb Code     2  stm32f1xx_it.o(i.HardFault_Handler)
    IsRingBufferEmpty                        0x08001e31   Thumb Code    20  ring_buffer.o(i.IsRingBufferEmpty)
    IsRingBufferFull                         0x08001e45   Thumb Code    32  ring_buffer.o(i.IsRingBufferFull)
    MX_DMA_Init                              0x08001e65   Thumb Code    56  dma.o(i.MX_DMA_Init)
    MX_GPIO_Init                             0x08001ea1   Thumb Code   216  gpio.o(i.MX_GPIO_Init)
    MX_I2C1_Init                             0x08001f89   Thumb Code    50  i2c.o(i.MX_I2C1_Init)
    MX_I2C2_Init                             0x08001fc9   Thumb Code    50  i2c.o(i.MX_I2C2_Init)
    MX_SPI1_Init                             0x08002009   Thumb Code    54  spi.o(i.MX_SPI1_Init)
    MX_SPI2_Init                             0x08002049   Thumb Code    56  spi.o(i.MX_SPI2_Init)
    MX_TIM2_Init                             0x08002089   Thumb Code    96  tim.o(i.MX_TIM2_Init)
    MX_TIM3_Init                             0x080020ed   Thumb Code   142  tim.o(i.MX_TIM3_Init)
    MX_USART1_UART_Init                      0x08002185   Thumb Code    48  usart.o(i.MX_USART1_UART_Init)
    MX_USART2_UART_Init                      0x080021bd   Thumb Code    48  usart.o(i.MX_USART2_UART_Init)
    MX_USB_PCD_Init                          0x080021f5   Thumb Code    42  usb.o(i.MX_USB_PCD_Init)
    MemManage_Handler                        0x08002229   Thumb Code     2  stm32f1xx_it.o(i.MemManage_Handler)
    NMI_Handler                              0x0800222b   Thumb Code     2  stm32f1xx_it.o(i.NMI_Handler)
    PendSV_Handler                           0x0800222d   Thumb Code     2  stm32f1xx_it.o(i.PendSV_Handler)
    ReadOneByteFromRingBuffer                0x0800222f   Thumb Code    42  ring_buffer.o(i.ReadOneByteFromRingBuffer)
    ReadRingBuffer                           0x08002259   Thumb Code    30  ring_buffer.o(i.ReadRingBuffer)
    RingBufferinit                           0x08002277   Thumb Code    12  ring_buffer.o(i.RingBufferinit)
    SVC_Handler                              0x08002283   Thumb Code     2  stm32f1xx_it.o(i.SVC_Handler)
    SysTick_Handler                          0x08002285   Thumb Code     2  stm32f1xx_it.o(i.SysTick_Handler)
    SystemClock_Config                       0x08002287   Thumb Code   118  main.o(i.SystemClock_Config)
    SystemInit                               0x080022fd   Thumb Code     2  system_stm32f1xx.o(i.SystemInit)
    TIM1_UP_IRQHandler                       0x08002301   Thumb Code     6  stm32f1xx_it.o(i.TIM1_UP_IRQHandler)
    TIM2_IRQHandler                          0x0800230d   Thumb Code     6  stm32f1xx_it.o(i.TIM2_IRQHandler)
    TIM3_IRQHandler                          0x08002319   Thumb Code     6  stm32f1xx_it.o(i.TIM3_IRQHandler)
    TIM_Base_SetConfig                       0x08002325   Thumb Code   108  stm32f1xx_hal_tim.o(i.TIM_Base_SetConfig)
    TIM_ETR_SetConfig                        0x0800239d   Thumb Code    20  stm32f1xx_hal_tim.o(i.TIM_ETR_SetConfig)
    TIM_OC2_SetConfig                        0x08002411   Thumb Code    84  stm32f1xx_hal_tim.o(i.TIM_OC2_SetConfig)
    UART_Receive_IT_enable                   0x080027c1   Thumb Code    58  bsp_usart.o(i.UART_Receive_IT_enable)
    UART_Start_Receive_DMA                   0x080028b5   Thumb Code   130  stm32f1xx_hal_uart.o(i.UART_Start_Receive_DMA)
    USART1_IRQHandler                        0x080029b9   Thumb Code    20  stm32f1xx_it.o(i.USART1_IRQHandler)
    USART2_IRQHandler                        0x080029d5   Thumb Code     6  stm32f1xx_it.o(i.USART2_IRQHandler)
    USB_CoreInit                             0x080029e1   Thumb Code     4  stm32f1xx_ll_usb.o(i.USB_CoreInit)
    USB_DevDisconnect                        0x080029e5   Thumb Code     4  stm32f1xx_ll_usb.o(i.USB_DevDisconnect)
    USB_DevInit                              0x080029e9   Thumb Code    18  stm32f1xx_ll_usb.o(i.USB_DevInit)
    USB_DisableGlobalInt                     0x080029fb   Thumb Code    14  stm32f1xx_ll_usb.o(i.USB_DisableGlobalInt)
    USB_SetCurrentMode                       0x08002a09   Thumb Code     4  stm32f1xx_ll_usb.o(i.USB_SetCurrentMode)
    UartSend                                 0x08002a0d   Thumb Code    34  bsp_usart.o(i.UartSend)
    Uart_Idle_rcDMA                          0x08002a31   Thumb Code    24  bsp_usart.o(i.Uart_Idle_rcDMA)
    UsageFault_Handler                       0x08002a51   Thumb Code     2  stm32f1xx_it.o(i.UsageFault_Handler)
    User_rx_Callback                         0x08002a55   Thumb Code    56  button_motor.o(i.User_rx_Callback)
    WriteOneByteToRingBuffer                 0x08002aa5   Thumb Code    40  ring_buffer.o(i.WriteOneByteToRingBuffer)
    WriteRingBuffer                          0x08002acd   Thumb Code    30  ring_buffer.o(i.WriteRingBuffer)
    __0printf$bare                           0x08002aed   Thumb Code     8  printfb.o(i.__0printf$bare)
    __1printf$bare                           0x08002aed   Thumb Code     0  printfb.o(i.__0printf$bare)
    __2printf                                0x08002aed   Thumb Code     0  printfb.o(i.__0printf$bare)
    __scatterload_copy                       0x08002b1d   Thumb Code    14  handlers.o(i.__scatterload_copy)
    __scatterload_null                       0x08002b2b   Thumb Code     2  handlers.o(i.__scatterload_null)
    __scatterload_zeroinit                   0x08002b2d   Thumb Code    14  handlers.o(i.__scatterload_zeroinit)
    bsp_usart_init                           0x08002b5d   Thumb Code    18  bsp_usart.o(i.bsp_usart_init)
    fputc                                    0x08002b71   Thumb Code    20  usart.o(i.fputc)
    frameInstance_init                       0x08002b89   Thumb Code    62  self_def_message.o(i.frameInstance_init)
    frame_buf                                0x08002bd9   Thumb Code    84  self_def_message.o(i.frame_buf)
    main                                     0x08002c41   Thumb Code   104  main.o(i.main)
    AHBPrescTable                            0x08002cd6   Data          16  system_stm32f1xx.o(.constdata)
    APBPrescTable                            0x08002ce6   Data           8  system_stm32f1xx.o(.constdata)
    Region$$Table$$Base                      0x08002cf0   Number         0  anon$$obj.o(Region$$Table)
    Region$$Table$$Limit                     0x08002d10   Number         0  anon$$obj.o(Region$$Table)
    uwTickFreq                               0x20000000   Data           1  stm32f1xx_hal.o(.data)
    uwTickPrio                               0x20000004   Data           4  stm32f1xx_hal.o(.data)
    uwTick                                   0x20000008   Data           4  stm32f1xx_hal.o(.data)
    SystemCoreClock                          0x2000000c   Data           4  system_stm32f1xx.o(.data)
    Uart_frame                               0x20000010   Data           8  self_def_message.o(.data)
    __stdout                                 0x20000018   Data           4  stdout.o(.data)
    hi2c1                                    0x2000001c   Data          84  i2c.o(.bss)
    hi2c2                                    0x20000070   Data          84  i2c.o(.bss)
    hspi1                                    0x200000c4   Data          88  spi.o(.bss)
    hspi2                                    0x2000011c   Data          88  spi.o(.bss)
    htim2                                    0x20000174   Data          72  tim.o(.bss)
    htim3                                    0x200001bc   Data          72  tim.o(.bss)
    huart1                                   0x20000204   Data          72  usart.o(.bss)
    huart2                                   0x2000024c   Data          72  usart.o(.bss)
    hdma_usart1_rx                           0x20000294   Data          68  usart.o(.bss)
    hdma_usart1_tx                           0x200002d8   Data          68  usart.o(.bss)
    hpcd_USB_FS                              0x2000031c   Data         728  usb.o(.bss)
    htim1                                    0x200005f4   Data          72  stm32f1xx_hal_timebase_tim.o(.bss)
    ringbuff                                 0x2000063c   Data          50  button_motor.o(.bss)
    Ring_Buff                                0x20000670   Data          16  button_motor.o(.bss)
    Usart_SendBuf                            0x20000680   Data          64  self_def_message.o(.bss)
    DataBuff                                 0x200006c0   Data          64  self_def_message.o(.bss)
    __initial_sp                             0x20000b00   Data           0  startup_stm32f103xb.o(STACK)



==============================================================================

Memory Map of the image

  Image Entry point : 0x080000ed

  Load Region LR_IROM1 (Base: 0x08000000, Size: 0x00002d2c, Max: 0x00010000, ABSOLUTE)

    Execution Region ER_IROM1 (Exec base: 0x08000000, Load base: 0x08000000, Size: 0x00002d10, Max: 0x00010000, ABSOLUTE)

    Exec Addr    Load Addr    Size         Type   Attr      Idx    E Section Name        Object

    0x08000000   0x08000000   0x000000ec   Data   RO            3    RESET               startup_stm32f103xb.o
    0x080000ec   0x080000ec   0x00000000   Code   RO         4997  * .ARM.Collect$$$$00000000  mc_w.l(entry.o)
    0x080000ec   0x080000ec   0x00000004   Code   RO         5264    .ARM.Collect$$$$00000001  mc_w.l(entry2.o)
    0x080000f0   0x080000f0   0x00000004   Code   RO         5267    .ARM.Collect$$$$00000004  mc_w.l(entry5.o)
    0x080000f4   0x080000f4   0x00000000   Code   RO         5269    .ARM.Collect$$$$00000008  mc_w.l(entry7b.o)
    0x080000f4   0x080000f4   0x00000000   Code   RO         5271    .ARM.Collect$$$$0000000A  mc_w.l(entry8b.o)
    0x080000f4   0x080000f4   0x00000008   Code   RO         5272    .ARM.Collect$$$$0000000B  mc_w.l(entry9a.o)
    0x080000fc   0x080000fc   0x00000004   Code   RO         5279    .ARM.Collect$$$$0000000E  mc_w.l(entry12b.o)
    0x08000100   0x08000100   0x00000000   Code   RO         5274    .ARM.Collect$$$$0000000F  mc_w.l(entry10a.o)
    0x08000100   0x08000100   0x00000000   Code   RO         5276    .ARM.Collect$$$$00000011  mc_w.l(entry11a.o)
    0x08000100   0x08000100   0x00000004   Code   RO         5265    .ARM.Collect$$$$00002712  mc_w.l(entry2.o)
    0x08000104   0x08000104   0x00000024   Code   RO            4    .text               startup_stm32f103xb.o
    0x08000128   0x08000128   0x00000024   Code   RO         5002    .text               mc_w.l(memseta.o)
    0x0800014c   0x0800014c   0x00000024   Code   RO         5296    .text               mc_w.l(init.o)
    0x08000170   0x08000170   0x00000002   Code   RO          519    i.BusFault_Handler  stm32f1xx_it.o
    0x08000172   0x08000172   0x00000002   PAD
    0x08000174   0x08000174   0x0000000c   Code   RO          520    i.DMA1_Channel4_IRQHandler  stm32f1xx_it.o
    0x08000180   0x08000180   0x0000000c   Code   RO          521    i.DMA1_Channel5_IRQHandler  stm32f1xx_it.o
    0x0800018c   0x0800018c   0x0000002a   Code   RO         1556    i.DMA_SetConfig     stm32f1xx_hal_dma.o
    0x080001b6   0x080001b6   0x00000002   Code   RO          522    i.DebugMon_Handler  stm32f1xx_it.o
    0x080001b8   0x080001b8   0x00000004   Code   RO           13    i.Error_Handler     main.o
    0x080001bc   0x080001bc   0x00000046   Code   RO         1557    i.HAL_DMA_Abort     stm32f1xx_hal_dma.o
    0x08000202   0x08000202   0x00000002   PAD
    0x08000204   0x08000204   0x00000098   Code   RO         1558    i.HAL_DMA_Abort_IT  stm32f1xx_hal_dma.o
    0x0800029c   0x0800029c   0x00000154   Code   RO         1562    i.HAL_DMA_IRQHandler  stm32f1xx_hal_dma.o
    0x080003f0   0x080003f0   0x0000005c   Code   RO         1563    i.HAL_DMA_Init      stm32f1xx_hal_dma.o
    0x0800044c   0x0800044c   0x00000070   Code   RO         1567    i.HAL_DMA_Start_IT  stm32f1xx_hal_dma.o
    0x080004bc   0x080004bc   0x000001e0   Code   RO         1493    i.HAL_GPIO_Init     stm32f1xx_hal_gpio.o
    0x0800069c   0x0800069c   0x00000010   Code   RO         1496    i.HAL_GPIO_TogglePin  stm32f1xx_hal_gpio.o
    0x080006ac   0x080006ac   0x0000000a   Code   RO         1497    i.HAL_GPIO_WritePin  stm32f1xx_hal_gpio.o
    0x080006b6   0x080006b6   0x00000002   PAD
    0x080006b8   0x080006b8   0x0000000c   Code   RO         1187    i.HAL_GetTick       stm32f1xx_hal.o
    0x080006c4   0x080006c4   0x00000188   Code   RO          750    i.HAL_I2C_Init      stm32f1xx_hal_i2c.o
    0x0800084c   0x0800084c   0x000000a8   Code   RO          268    i.HAL_I2C_MspInit   i2c.o
    0x080008f4   0x080008f4   0x00000010   Code   RO         1193    i.HAL_IncTick       stm32f1xx_hal.o
    0x08000904   0x08000904   0x00000024   Code   RO         1194    i.HAL_Init          stm32f1xx_hal.o
    0x08000928   0x08000928   0x0000008c   Code   RO          664    i.HAL_InitTick      stm32f1xx_hal_timebase_tim.o
    0x080009b4   0x080009b4   0x0000003c   Code   RO          640    i.HAL_MspInit       stm32f1xx_hal_msp.o
    0x080009f0   0x080009f0   0x0000001a   Code   RO         1653    i.HAL_NVIC_EnableIRQ  stm32f1xx_hal_cortex.o
    0x08000a0a   0x08000a0a   0x00000002   PAD
    0x08000a0c   0x08000a0c   0x00000040   Code   RO         1659    i.HAL_NVIC_SetPriority  stm32f1xx_hal_cortex.o
    0x08000a4c   0x08000a4c   0x00000024   Code   RO         1660    i.HAL_NVIC_SetPriorityGrouping  stm32f1xx_hal_cortex.o
    0x08000a70   0x08000a70   0x000000ba   Code   RO         3835    i.HAL_PCD_Init      stm32f1xx_hal_pcd.o
    0x08000b2a   0x08000b2a   0x00000002   PAD
    0x08000b2c   0x08000b2c   0x00000028   Code   RO          478    i.HAL_PCD_MspInit   usb.o
    0x08000b54   0x08000b54   0x000000ec   Code   RO         1455    i.HAL_RCCEx_PeriphCLKConfig  stm32f1xx_hal_rcc_ex.o
    0x08000c40   0x08000c40   0x0000012c   Code   RO         1351    i.HAL_RCC_ClockConfig  stm32f1xx_hal_rcc.o
    0x08000d6c   0x08000d6c   0x00000040   Code   RO         1355    i.HAL_RCC_GetClockConfig  stm32f1xx_hal_rcc.o
    0x08000dac   0x08000dac   0x00000020   Code   RO         1358    i.HAL_RCC_GetPCLK1Freq  stm32f1xx_hal_rcc.o
    0x08000dcc   0x08000dcc   0x00000020   Code   RO         1359    i.HAL_RCC_GetPCLK2Freq  stm32f1xx_hal_rcc.o
    0x08000dec   0x08000dec   0x0000004c   Code   RO         1360    i.HAL_RCC_GetSysClockFreq  stm32f1xx_hal_rcc.o
    0x08000e38   0x08000e38   0x00000320   Code   RO         1363    i.HAL_RCC_OscConfig  stm32f1xx_hal_rcc.o
    0x08001158   0x08001158   0x000000b2   Code   RO         2164    i.HAL_SPI_Init      stm32f1xx_hal_spi.o
    0x0800120a   0x0800120a   0x00000002   PAD
    0x0800120c   0x0800120c   0x000000b0   Code   RO          316    i.HAL_SPI_MspInit   spi.o
    0x080012bc   0x080012bc   0x00000002   Code   RO         3181    i.HAL_TIMEx_BreakCallback  stm32f1xx_hal_tim_ex.o
    0x080012be   0x080012be   0x00000002   Code   RO         3182    i.HAL_TIMEx_CommutCallback  stm32f1xx_hal_tim_ex.o
    0x080012c0   0x080012c0   0x00000068   Code   RO         3200    i.HAL_TIMEx_MasterConfigSynchronization  stm32f1xx_hal_tim_ex.o
    0x08001328   0x08001328   0x0000005a   Code   RO         2477    i.HAL_TIM_Base_Init  stm32f1xx_hal_tim.o
    0x08001382   0x08001382   0x00000002   PAD
    0x08001384   0x08001384   0x00000060   Code   RO          364    i.HAL_TIM_Base_MspInit  tim.o
    0x080013e4   0x080013e4   0x00000058   Code   RO         2482    i.HAL_TIM_Base_Start_IT  stm32f1xx_hal_tim.o
    0x0800143c   0x0800143c   0x000000dc   Code   RO         2486    i.HAL_TIM_ConfigClockSource  stm32f1xx_hal_tim.o
    0x08001518   0x08001518   0x00000002   Code   RO         2511    i.HAL_TIM_IC_CaptureCallback  stm32f1xx_hal_tim.o
    0x0800151a   0x0800151a   0x00000130   Code   RO         2525    i.HAL_TIM_IRQHandler  stm32f1xx_hal_tim.o
    0x0800164a   0x0800164a   0x00000002   PAD
    0x0800164c   0x0800164c   0x0000004c   Code   RO          365    i.HAL_TIM_MspPostInit  tim.o
    0x08001698   0x08001698   0x00000002   Code   RO         2528    i.HAL_TIM_OC_DelayElapsedCallback  stm32f1xx_hal_tim.o
    0x0800169a   0x0800169a   0x000000cc   Code   RO         2549    i.HAL_TIM_PWM_ConfigChannel  stm32f1xx_hal_tim.o
    0x08001766   0x08001766   0x0000005a   Code   RO         2552    i.HAL_TIM_PWM_Init  stm32f1xx_hal_tim.o
    0x080017c0   0x080017c0   0x00000002   Code   RO         2554    i.HAL_TIM_PWM_MspInit  stm32f1xx_hal_tim.o
    0x080017c2   0x080017c2   0x00000002   Code   RO         2555    i.HAL_TIM_PWM_PulseFinishedCallback  stm32f1xx_hal_tim.o
    0x080017c4   0x080017c4   0x00000014   Code   RO           14    i.HAL_TIM_PeriodElapsedCallback  main.o
    0x080017d8   0x080017d8   0x00000002   Code   RO         2568    i.HAL_TIM_TriggerCallback  stm32f1xx_hal_tim.o
    0x080017da   0x080017da   0x0000004a   Code   RO         3458    i.HAL_UARTEx_ReceiveToIdle_DMA  stm32f1xx_hal_uart.o
    0x08001824   0x08001824   0x00000084   Code   RO         4314    i.HAL_UARTEx_RxEventCallback  button_motor.o
    0x080018a8   0x080018a8   0x00000030   Code   RO         4781    i.HAL_UART_ErrorCallback  self_def_message.o
    0x080018d8   0x080018d8   0x0000026c   Code   RO         3477    i.HAL_UART_IRQHandler  stm32f1xx_hal_uart.o
    0x08001b44   0x08001b44   0x00000064   Code   RO         3478    i.HAL_UART_Init     stm32f1xx_hal_uart.o
    0x08001ba8   0x08001ba8   0x00000134   Code   RO          418    i.HAL_UART_MspInit  usart.o
    0x08001cdc   0x08001cdc   0x00000002   Code   RO         3484    i.HAL_UART_RxCpltCallback  stm32f1xx_hal_uart.o
    0x08001cde   0x08001cde   0x00000002   Code   RO         3485    i.HAL_UART_RxHalfCpltCallback  stm32f1xx_hal_uart.o
    0x08001ce0   0x08001ce0   0x000000a0   Code   RO         3486    i.HAL_UART_Transmit  stm32f1xx_hal_uart.o
    0x08001d80   0x08001d80   0x00000078   Code   RO         3487    i.HAL_UART_Transmit_DMA  stm32f1xx_hal_uart.o
    0x08001df8   0x08001df8   0x00000032   Code   RO         3488    i.HAL_UART_Transmit_IT  stm32f1xx_hal_uart.o
    0x08001e2a   0x08001e2a   0x00000002   Code   RO         3489    i.HAL_UART_TxCpltCallback  stm32f1xx_hal_uart.o
    0x08001e2c   0x08001e2c   0x00000002   Code   RO         3490    i.HAL_UART_TxHalfCpltCallback  stm32f1xx_hal_uart.o
    0x08001e2e   0x08001e2e   0x00000002   Code   RO          523    i.HardFault_Handler  stm32f1xx_it.o
    0x08001e30   0x08001e30   0x00000014   Code   RO         4715    i.IsRingBufferEmpty  ring_buffer.o
    0x08001e44   0x08001e44   0x00000020   Code   RO         4716    i.IsRingBufferFull  ring_buffer.o
    0x08001e64   0x08001e64   0x0000003c   Code   RO          243    i.MX_DMA_Init       dma.o
    0x08001ea0   0x08001ea0   0x000000e8   Code   RO          219    i.MX_GPIO_Init      gpio.o
    0x08001f88   0x08001f88   0x00000040   Code   RO          269    i.MX_I2C1_Init      i2c.o
    0x08001fc8   0x08001fc8   0x00000040   Code   RO          270    i.MX_I2C2_Init      i2c.o
    0x08002008   0x08002008   0x00000040   Code   RO          317    i.MX_SPI1_Init      spi.o
    0x08002048   0x08002048   0x00000040   Code   RO          318    i.MX_SPI2_Init      spi.o
    0x08002088   0x08002088   0x00000064   Code   RO          366    i.MX_TIM2_Init      tim.o
    0x080020ec   0x080020ec   0x00000098   Code   RO          367    i.MX_TIM3_Init      tim.o
    0x08002184   0x08002184   0x00000038   Code   RO          419    i.MX_USART1_UART_Init  usart.o
    0x080021bc   0x080021bc   0x00000038   Code   RO          420    i.MX_USART2_UART_Init  usart.o
    0x080021f4   0x080021f4   0x00000034   Code   RO          479    i.MX_USB_PCD_Init   usb.o
    0x08002228   0x08002228   0x00000002   Code   RO          524    i.MemManage_Handler  stm32f1xx_it.o
    0x0800222a   0x0800222a   0x00000002   Code   RO          525    i.NMI_Handler       stm32f1xx_it.o
    0x0800222c   0x0800222c   0x00000002   Code   RO          526    i.PendSV_Handler    stm32f1xx_it.o
    0x0800222e   0x0800222e   0x0000002a   Code   RO         4717    i.ReadOneByteFromRingBuffer  ring_buffer.o
    0x08002258   0x08002258   0x0000001e   Code   RO         4718    i.ReadRingBuffer    ring_buffer.o
    0x08002276   0x08002276   0x0000000c   Code   RO         4719    i.RingBufferinit    ring_buffer.o
    0x08002282   0x08002282   0x00000002   Code   RO          527    i.SVC_Handler       stm32f1xx_it.o
    0x08002284   0x08002284   0x00000002   Code   RO          528    i.SysTick_Handler   stm32f1xx_it.o
    0x08002286   0x08002286   0x00000076   Code   RO           15    i.SystemClock_Config  main.o
    0x080022fc   0x080022fc   0x00000002   Code   RO         4277    i.SystemInit        system_stm32f1xx.o
    0x080022fe   0x080022fe   0x00000002   PAD
    0x08002300   0x08002300   0x0000000c   Code   RO          529    i.TIM1_UP_IRQHandler  stm32f1xx_it.o
    0x0800230c   0x0800230c   0x0000000c   Code   RO          530    i.TIM2_IRQHandler   stm32f1xx_it.o
    0x08002318   0x08002318   0x0000000c   Code   RO          531    i.TIM3_IRQHandler   stm32f1xx_it.o
    0x08002324   0x08002324   0x00000078   Code   RO         2570    i.TIM_Base_SetConfig  stm32f1xx_hal_tim.o
    0x0800239c   0x0800239c   0x00000014   Code   RO         2581    i.TIM_ETR_SetConfig  stm32f1xx_hal_tim.o
    0x080023b0   0x080023b0   0x00000010   Code   RO         2582    i.TIM_ITRx_SetConfig  stm32f1xx_hal_tim.o
    0x080023c0   0x080023c0   0x00000050   Code   RO         2583    i.TIM_OC1_SetConfig  stm32f1xx_hal_tim.o
    0x08002410   0x08002410   0x00000058   Code   RO         2584    i.TIM_OC2_SetConfig  stm32f1xx_hal_tim.o
    0x08002468   0x08002468   0x00000058   Code   RO         2585    i.TIM_OC3_SetConfig  stm32f1xx_hal_tim.o
    0x080024c0   0x080024c0   0x00000044   Code   RO         2586    i.TIM_OC4_SetConfig  stm32f1xx_hal_tim.o
    0x08002504   0x08002504   0x00000022   Code   RO         2588    i.TIM_TI1_ConfigInputStage  stm32f1xx_hal_tim.o
    0x08002526   0x08002526   0x00000024   Code   RO         2590    i.TIM_TI2_ConfigInputStage  stm32f1xx_hal_tim.o
    0x0800254a   0x0800254a   0x00000010   Code   RO         3491    i.UART_DMAAbortOnError  stm32f1xx_hal_uart.o
    0x0800255a   0x0800255a   0x0000004a   Code   RO         3492    i.UART_DMAError     stm32f1xx_hal_uart.o
    0x080025a4   0x080025a4   0x00000086   Code   RO         3493    i.UART_DMAReceiveCplt  stm32f1xx_hal_uart.o
    0x0800262a   0x0800262a   0x0000001e   Code   RO         3495    i.UART_DMARxHalfCplt  stm32f1xx_hal_uart.o
    0x08002648   0x08002648   0x00000042   Code   RO         3497    i.UART_DMATransmitCplt  stm32f1xx_hal_uart.o
    0x0800268a   0x0800268a   0x0000000a   Code   RO         3499    i.UART_DMATxHalfCplt  stm32f1xx_hal_uart.o
    0x08002694   0x08002694   0x0000004e   Code   RO         3501    i.UART_EndRxTransfer  stm32f1xx_hal_uart.o
    0x080026e2   0x080026e2   0x0000001c   Code   RO         3502    i.UART_EndTxTransfer  stm32f1xx_hal_uart.o
    0x080026fe   0x080026fe   0x000000c2   Code   RO         3503    i.UART_Receive_IT   stm32f1xx_hal_uart.o
    0x080027c0   0x080027c0   0x0000003a   Code   RO         4945    i.UART_Receive_IT_enable  bsp_usart.o
    0x080027fa   0x080027fa   0x00000002   PAD
    0x080027fc   0x080027fc   0x000000b8   Code   RO         3504    i.UART_SetConfig    stm32f1xx_hal_uart.o
    0x080028b4   0x080028b4   0x00000090   Code   RO         3505    i.UART_Start_Receive_DMA  stm32f1xx_hal_uart.o
    0x08002944   0x08002944   0x00000072   Code   RO         3507    i.UART_WaitOnFlagUntilTimeout  stm32f1xx_hal_uart.o
    0x080029b6   0x080029b6   0x00000002   PAD
    0x080029b8   0x080029b8   0x0000001c   Code   RO          532    i.USART1_IRQHandler  stm32f1xx_it.o
    0x080029d4   0x080029d4   0x0000000c   Code   RO          533    i.USART2_IRQHandler  stm32f1xx_it.o
    0x080029e0   0x080029e0   0x00000004   Code   RO         4093    i.USB_CoreInit      stm32f1xx_ll_usb.o
    0x080029e4   0x080029e4   0x00000004   Code   RO         4097    i.USB_DevDisconnect  stm32f1xx_ll_usb.o
    0x080029e8   0x080029e8   0x00000012   Code   RO         4098    i.USB_DevInit       stm32f1xx_ll_usb.o
    0x080029fa   0x080029fa   0x0000000e   Code   RO         4099    i.USB_DisableGlobalInt  stm32f1xx_ll_usb.o
    0x08002a08   0x08002a08   0x00000004   Code   RO         4114    i.USB_SetCurrentMode  stm32f1xx_ll_usb.o
    0x08002a0c   0x08002a0c   0x00000022   Code   RO         4947    i.UartSend          bsp_usart.o
    0x08002a2e   0x08002a2e   0x00000002   PAD
    0x08002a30   0x08002a30   0x00000020   Code   RO         4948    i.Uart_Idle_rcDMA   bsp_usart.o
    0x08002a50   0x08002a50   0x00000002   Code   RO          534    i.UsageFault_Handler  stm32f1xx_it.o
    0x08002a52   0x08002a52   0x00000002   PAD
    0x08002a54   0x08002a54   0x00000050   Code   RO         4315    i.User_rx_Callback  button_motor.o
    0x08002aa4   0x08002aa4   0x00000028   Code   RO         4720    i.WriteOneByteToRingBuffer  ring_buffer.o
    0x08002acc   0x08002acc   0x0000001e   Code   RO         4721    i.WriteRingBuffer   ring_buffer.o
    0x08002aea   0x08002aea   0x00000002   PAD
    0x08002aec   0x08002aec   0x00000010   Code   RO         5005    i.__0printf$bare    mc_w.l(printfb.o)
    0x08002afc   0x08002afc   0x00000020   Code   RO         1666    i.__NVIC_SetPriority  stm32f1xx_hal_cortex.o
    0x08002b1c   0x08002b1c   0x0000000e   Code   RO         5306    i.__scatterload_copy  mc_w.l(handlers.o)
    0x08002b2a   0x08002b2a   0x00000002   Code   RO         5307    i.__scatterload_null  mc_w.l(handlers.o)
    0x08002b2c   0x08002b2c   0x0000000e   Code   RO         5308    i.__scatterload_zeroinit  mc_w.l(handlers.o)
    0x08002b3a   0x08002b3a   0x00000022   Code   RO         5012    i._printf_core      mc_w.l(printfb.o)
    0x08002b5c   0x08002b5c   0x00000012   Code   RO         4949    i.bsp_usart_init    bsp_usart.o
    0x08002b6e   0x08002b6e   0x00000002   PAD
    0x08002b70   0x08002b70   0x00000018   Code   RO          422    i.fputc             usart.o
    0x08002b88   0x08002b88   0x00000050   Code   RO         4782    i.frameInstance_init  self_def_message.o
    0x08002bd8   0x08002bd8   0x00000068   Code   RO         4783    i.frame_buf         self_def_message.o
    0x08002c40   0x08002c40   0x00000084   Code   RO           16    i.main              main.o
    0x08002cc4   0x08002cc4   0x00000012   Data   RO         1364    .constdata          stm32f1xx_hal_rcc.o
    0x08002cd6   0x08002cd6   0x00000010   Data   RO         4278    .constdata          system_stm32f1xx.o
    0x08002ce6   0x08002ce6   0x00000008   Data   RO         4279    .constdata          system_stm32f1xx.o
    0x08002cee   0x08002cee   0x00000002   PAD
    0x08002cf0   0x08002cf0   0x00000020   Data   RO         5304    Region$$Table       anon$$obj.o


    Execution Region RW_IRAM1 (Exec base: 0x20000000, Load base: 0x08002d10, Size: 0x00000b00, Max: 0x00005000, ABSOLUTE)

    Exec Addr    Load Addr    Size         Type   Attr      Idx    E Section Name        Object

    0x20000000   0x08002d10   0x0000000c   Data   RW         1201    .data               stm32f1xx_hal.o
    0x2000000c   0x08002d1c   0x00000004   Data   RW         4280    .data               system_stm32f1xx.o
    0x20000010   0x08002d20   0x00000008   Data   RW         4785    .data               self_def_message.o
    0x20000018   0x08002d28   0x00000004   Data   RW         5280    .data               mc_w.l(stdout.o)
    0x2000001c        -       0x000000a8   Zero   RW          271    .bss                i2c.o
    0x200000c4        -       0x000000b0   Zero   RW          319    .bss                spi.o
    0x20000174        -       0x00000090   Zero   RW          368    .bss                tim.o
    0x20000204        -       0x00000118   Zero   RW          423    .bss                usart.o
    0x2000031c        -       0x000002d8   Zero   RW          480    .bss                usb.o
    0x200005f4        -       0x00000048   Zero   RW          667    .bss                stm32f1xx_hal_timebase_tim.o
    0x2000063c        -       0x00000032   Zero   RW         4316    .bss                button_motor.o
    0x2000066e   0x08002d2c   0x00000002   PAD
    0x20000670        -       0x00000010   Zero   RW         4317    .bss                button_motor.o
    0x20000680        -       0x00000080   Zero   RW         4784    .bss                self_def_message.o
    0x20000700        -       0x00000400   Zero   RW            1    STACK               startup_stm32f103xb.o


==============================================================================

Image component sizes


      Code (inc. data)   RO Data    RW Data    ZI Data      Debug   Object Name

       142          8          0          0          0       3532   bsp_usart.o
       212         36          0          0         66       2508   button_motor.o
        60          4          0          0          0        798   dma.o
       232         16          0          0          0       1019   gpio.o
       296         48          0          0        168       2390   i2c.o
       274         34          0          0          0     461352   main.o
       206          0          0          0          0       5360   ring_buffer.o
       232         52          0          8        128       3850   self_def_message.o
       304         40          0          0        176       2386   spi.o
        36          8        236          0       1024        820   startup_stm32f103xb.o
        64         14          0         12          0       4734   stm32f1xx_hal.o
       158         14          0          0          0      28258   stm32f1xx_hal_cortex.o
       808         36          0          0          0       5098   stm32f1xx_hal_dma.o
       506         34          0          0          0       3569   stm32f1xx_hal_gpio.o
       392         16          0          0          0       3239   stm32f1xx_hal_i2c.o
        60          8          0          0          0        902   stm32f1xx_hal_msp.o
       186          0          0          0          0       1488   stm32f1xx_hal_pcd.o
      1304         94         18          0          0       5849   stm32f1xx_hal_rcc.o
       236         12          0          0          0       1412   stm32f1xx_hal_rcc_ex.o
       178          0          0          0          0       1191   stm32f1xx_hal_spi.o
      1556         44          0          0          0      15058   stm32f1xx_hal_tim.o
       108         12          0          0          0       2465   stm32f1xx_hal_tim_ex.o
       140         22          0          0         72       1471   stm32f1xx_hal_timebase_tim.o
      2204         38          0          0          0      17385   stm32f1xx_hal_uart.o
       118         44          0          0          0       7233   stm32f1xx_it.o
        44          0          0          0          0       3424   stm32f1xx_ll_usb.o
         2          0         24          4          0       1167   system_stm32f1xx.o
       424         38          0          0        144       3113   tim.o
       444         46          0          0        280       3185   usart.o
        92         20          0          0        728       1590   usb.o

    ----------------------------------------------------------------------
     11048        738        312         24       2788     595846   Object Totals
         0          0         32          0          0          0   (incl. Generated)
        30          0          2          0          2          0   (incl. Padding)

    ----------------------------------------------------------------------

      Code (inc. data)   RO Data    RW Data    ZI Data      Debug   Library Member Name

         0          0          0          0          0          0   entry.o
         0          0          0          0          0          0   entry10a.o
         0          0          0          0          0          0   entry11a.o
         4          0          0          0          0          0   entry12b.o
         8          4          0          0          0          0   entry2.o
         4          0          0          0          0          0   entry5.o
         0          0          0          0          0          0   entry7b.o
         0          0          0          0          0          0   entry8b.o
         8          4          0          0          0          0   entry9a.o
        30          0          0          0          0          0   handlers.o
        36          8          0          0          0         68   init.o
        36          0          0          0          0        108   memseta.o
        50          8          0          0          0        152   printfb.o
         0          0          0          4          0          0   stdout.o

    ----------------------------------------------------------------------
       176         24          0          4          0        328   Library Totals
         0          0          0          0          0          0   (incl. Padding)

    ----------------------------------------------------------------------

      Code (inc. data)   RO Data    RW Data    ZI Data      Debug   Library Name

       176         24          0          4          0        328   mc_w.l

    ----------------------------------------------------------------------
       176         24          0          4          0        328   Library Totals

    ----------------------------------------------------------------------

==============================================================================


      Code (inc. data)   RO Data    RW Data    ZI Data      Debug   

     11224        762        312         28       2788     589618   Grand Totals
     11224        762        312         28       2788     589618   ELF Image Totals
     11224        762        312         28          0          0   ROM Totals

==============================================================================

    Total RO  Size (Code + RO Data)                11536 (  11.27kB)
    Total RW  Size (RW Data + ZI Data)              2816 (   2.75kB)
    Total ROM Size (Code + RO Data + RW Data)      11564 (  11.29kB)

==============================================================================

