Component: ARM Compiler 5.06 update 7 (build 960) Tool: armlink [4d3601]

==============================================================================

Section Cross References

    startup_stm32f427xx.o(RESET) refers to startup_stm32f427xx.o(STACK) for __initial_sp
    startup_stm32f427xx.o(RESET) refers to startup_stm32f427xx.o(.text) for Reset_Handler
    startup_stm32f427xx.o(RESET) refers to stm32f4xx_it.o(i.NMI_Handler) for NMI_Handler
    startup_stm32f427xx.o(RESET) refers to stm32f4xx_it.o(i.HardFault_Handler) for HardFault_Handler
    startup_stm32f427xx.o(RESET) refers to stm32f4xx_it.o(i.MemManage_Handler) for MemManage_Handler
    startup_stm32f427xx.o(RESET) refers to stm32f4xx_it.o(i.BusFault_Handler) for BusFault_Handler
    startup_stm32f427xx.o(RESET) refers to stm32f4xx_it.o(i.UsageFault_Handler) for UsageFault_Handler
    startup_stm32f427xx.o(RESET) refers to port.o(.emb_text) for SVC_Handler
    startup_stm32f427xx.o(RESET) refers to stm32f4xx_it.o(i.DebugMon_Handler) for DebugMon_Handler
    startup_stm32f427xx.o(RESET) refers to cmsis_os2.o(i.SysTick_Handler) for SysTick_Handler
    startup_stm32f427xx.o(RESET) refers to stm32f4xx_it.o(i.DMA1_Stream1_IRQHandler) for DMA1_Stream1_IRQHandler
    startup_stm32f427xx.o(RESET) refers to stm32f4xx_it.o(i.DMA1_Stream3_IRQHandler) for DMA1_Stream3_IRQHandler
    startup_stm32f427xx.o(RESET) refers to stm32f4xx_it.o(i.TIM1_UP_TIM10_IRQHandler) for TIM1_UP_TIM10_IRQHandler
    startup_stm32f427xx.o(RESET) refers to stm32f4xx_it.o(i.DMA2_Stream1_IRQHandler) for DMA2_Stream1_IRQHandler
    startup_stm32f427xx.o(RESET) refers to stm32f4xx_it.o(i.DMA2_Stream6_IRQHandler) for DMA2_Stream6_IRQHandler
    startup_stm32f427xx.o(RESET) refers to stm32f4xx_it.o(i.USART6_IRQHandler) for USART6_IRQHandler
    startup_stm32f427xx.o(RESET) refers to stm32f4xx_it.o(i.UART7_IRQHandler) for UART7_IRQHandler
    startup_stm32f427xx.o(.text) refers to system_stm32f4xx.o(i.SystemInit) for SystemInit
    startup_stm32f427xx.o(.text) refers to entry.o(.ARM.Collect$$$$00000000) for __main
    main.o(i.HAL_TIM_PeriodElapsedCallback) refers to stm32f4xx_hal.o(i.HAL_IncTick) for HAL_IncTick
    main.o(i.SystemClock_Config) refers to memseta.o(.text) for __aeabi_memclr4
    main.o(i.SystemClock_Config) refers to stm32f4xx_hal_rcc.o(i.HAL_RCC_OscConfig) for HAL_RCC_OscConfig
    main.o(i.SystemClock_Config) refers to stm32f4xx_hal_pwr_ex.o(i.HAL_PWREx_EnableOverDrive) for HAL_PWREx_EnableOverDrive
    main.o(i.SystemClock_Config) refers to stm32f4xx_hal_rcc.o(i.HAL_RCC_ClockConfig) for HAL_RCC_ClockConfig
    main.o(i.main) refers to stm32f4xx_hal.o(i.HAL_Init) for HAL_Init
    main.o(i.main) refers to main.o(i.SystemClock_Config) for SystemClock_Config
    main.o(i.main) refers to gpio.o(i.MX_GPIO_Init) for MX_GPIO_Init
    main.o(i.main) refers to dma.o(i.MX_DMA_Init) for MX_DMA_Init
    main.o(i.main) refers to tim.o(i.MX_TIM2_Init) for MX_TIM2_Init
    main.o(i.main) refers to usart.o(i.MX_USART6_UART_Init) for MX_USART6_UART_Init
    main.o(i.main) refers to usart.o(i.MX_UART7_Init) for MX_UART7_Init
    main.o(i.main) refers to button_motor.o(i.Buttonmotorinit) for Buttonmotorinit
    main.o(i.main) refers to cmsis_os2.o(i.osKernelInitialize) for osKernelInitialize
    main.o(i.main) refers to freertos.o(i.MX_FREERTOS_Init) for MX_FREERTOS_Init
    main.o(i.main) refers to cmsis_os2.o(i.osKernelStart) for osKernelStart
    gpio.o(i.MX_GPIO_Init) refers to memseta.o(.text) for __aeabi_memclr4
    gpio.o(i.MX_GPIO_Init) refers to stm32f4xx_hal_gpio.o(i.HAL_GPIO_Init) for HAL_GPIO_Init
    freertos.o(i.MX_FREERTOS_Init) refers to cmsis_os2.o(i.osMessageQueueNew) for osMessageQueueNew
    freertos.o(i.MX_FREERTOS_Init) refers to cmsis_os2.o(i.osThreadNew) for osThreadNew
    freertos.o(i.MX_FREERTOS_Init) refers to cmsis_os2.o(i.osEventFlagsNew) for osEventFlagsNew
    freertos.o(i.MX_FREERTOS_Init) refers to freertos.o(.constdata) for .constdata
    freertos.o(i.MX_FREERTOS_Init) refers to freertos.o(.data) for .data
    freertos.o(i.MX_FREERTOS_Init) refers to freertos.o(i.StartDefaultTask) for StartDefaultTask
    freertos.o(i.MX_FREERTOS_Init) refers to button_motor.o(i.button_task) for button_task
    freertos.o(i.MX_FREERTOS_Init) refers to button_motor.o(i.buzzer_task) for buzzer_task
    freertos.o(i.MX_FREERTOS_Init) refers to button_motor.o(i.led1_task) for led1_task
    freertos.o(i.MX_FREERTOS_Init) refers to button_motor.o(i.led2_task) for led2_task
    freertos.o(i.MX_FREERTOS_Init) refers to button_motor.o(i.led3_task) for led3_task
    freertos.o(i.StartDefaultTask) refers to cmsis_os2.o(i.osDelay) for osDelay
    freertos.o(.constdata) refers to freertos.o(.conststring) for .conststring
    dma.o(i.MX_DMA_Init) refers to stm32f4xx_hal_cortex.o(i.HAL_NVIC_SetPriority) for HAL_NVIC_SetPriority
    dma.o(i.MX_DMA_Init) refers to stm32f4xx_hal_cortex.o(i.HAL_NVIC_EnableIRQ) for HAL_NVIC_EnableIRQ
[...]
    i.osThreadNew                            0x08003008   Section        0  cmsis_os2.o(i.osThreadNew)
    i.osThreadResume                         0x08003092   Section        0  cmsis_os2.o(i.osThreadResume)
    i.osThreadSuspend                        0x080030b2   Section        0  cmsis_os2.o(i.osThreadSuspend)
    i.prvAddCurrentTaskToDelayedList         0x080030d4   Section        0  tasks.o(i.prvAddCurrentTaskToDelayedList)
    prvAddCurrentTaskToDelayedList           0x080030d5   Thumb Code    84  tasks.o(i.prvAddCurrentTaskToDelayedList)
    i.prvAddNewTaskToReadyList               0x08003130   Section        0  tasks.o(i.prvAddNewTaskToReadyList)
    prvAddNewTaskToReadyList                 0x08003131   Thumb Code   190  tasks.o(i.prvAddNewTaskToReadyList)
    i.prvCheckForValidListAndQueue           0x08003200   Section        0  timers.o(i.prvCheckForValidListAndQueue)
    prvCheckForValidListAndQueue             0x08003201   Thumb Code    72  timers.o(i.prvCheckForValidListAndQueue)
    i.prvCopyDataFromQueue                   0x08003258   Section        0  queue.o(i.prvCopyDataFromQueue)
    prvCopyDataFromQueue                     0x08003259   Thumb Code    38  queue.o(i.prvCopyDataFromQueue)
    i.prvCopyDataToQueue                     0x0800327e   Section        0  queue.o(i.prvCopyDataToQueue)
    prvCopyDataToQueue                       0x0800327f   Thumb Code   108  queue.o(i.prvCopyDataToQueue)
    i.prvDeleteTCB                           0x080032ea   Section        0  tasks.o(i.prvDeleteTCB)
    prvDeleteTCB                             0x080032eb   Thumb Code    52  tasks.o(i.prvDeleteTCB)
    i.prvHeapInit                            0x08003320   Section        0  heap_4.o(i.prvHeapInit)
    prvHeapInit                              0x08003321   Thumb Code    66  heap_4.o(i.prvHeapInit)
    i.prvIdleTask                            0x0800336c   Section        0  tasks.o(i.prvIdleTask)
    prvIdleTask                              0x0800336d   Thumb Code    82  tasks.o(i.prvIdleTask)
    i.prvInitialiseNewQueue                  0x080033cc   Section        0  queue.o(i.prvInitialiseNewQueue)
    prvInitialiseNewQueue                    0x080033cd   Thumb Code    34  queue.o(i.prvInitialiseNewQueue)
    i.prvInitialiseNewTask                   0x080033f0   Section        0  tasks.o(i.prvInitialiseNewTask)
    prvInitialiseNewTask                     0x080033f1   Thumb Code   176  tasks.o(i.prvInitialiseNewTask)
    i.prvInsertBlockIntoFreeList             0x080034a0   Section        0  heap_4.o(i.prvInsertBlockIntoFreeList)
    prvInsertBlockIntoFreeList               0x080034a1   Thumb Code    72  heap_4.o(i.prvInsertBlockIntoFreeList)
    i.prvInsertTimerInActiveList             0x080034ec   Section        0  timers.o(i.prvInsertTimerInActiveList)
    prvInsertTimerInActiveList               0x080034ed   Thumb Code    52  timers.o(i.prvInsertTimerInActiveList)
    i.prvIsQueueEmpty                        0x08003524   Section        0  queue.o(i.prvIsQueueEmpty)
    prvIsQueueEmpty                          0x08003525   Thumb Code    28  queue.o(i.prvIsQueueEmpty)
    i.prvProcessReceivedCommands             0x08003540   Section        0  timers.o(i.prvProcessReceivedCommands)
    prvProcessReceivedCommands               0x08003541   Thumb Code   248  timers.o(i.prvProcessReceivedCommands)
    i.prvProcessTimerOrBlockTask             0x0800363c   Section        0  timers.o(i.prvProcessTimerOrBlockTask)
    prvProcessTimerOrBlockTask               0x0800363d   Thumb Code   182  timers.o(i.prvProcessTimerOrBlockTask)
    i.prvResetNextTaskUnblockTime            0x080036fc   Section        0  tasks.o(i.prvResetNextTaskUnblockTime)
    prvResetNextTaskUnblockTime              0x080036fd   Thumb Code    26  tasks.o(i.prvResetNextTaskUnblockTime)
    i.prvSampleTimeNow                       0x0800371c   Section        0  timers.o(i.prvSampleTimeNow)
    prvSampleTimeNow                         0x0800371d   Thumb Code    36  timers.o(i.prvSampleTimeNow)
    i.prvSwitchTimerLists                    0x08003744   Section        0  timers.o(i.prvSwitchTimerLists)
    prvSwitchTimerLists                      0x08003745   Thumb Code   104  timers.o(i.prvSwitchTimerLists)
    i.prvTaskExitError                       0x080037b0   Section        0  port.o(i.prvTaskExitError)
    prvTaskExitError                         0x080037b1   Thumb Code    36  port.o(i.prvTaskExitError)
    i.prvTaskIsTaskSuspended                 0x080037d8   Section        0  tasks.o(i.prvTaskIsTaskSuspended)
    prvTaskIsTaskSuspended                   0x080037d9   Thumb Code    48  tasks.o(i.prvTaskIsTaskSuspended)
    i.prvTestWaitCondition                   0x0800380c   Section        0  event_groups.o(i.prvTestWaitCondition)
    prvTestWaitCondition                     0x0800380d   Thumb Code    20  event_groups.o(i.prvTestWaitCondition)
    i.prvTimerTask                           0x08003820   Section        0  timers.o(i.prvTimerTask)
    prvTimerTask                             0x08003821   Thumb Code    32  timers.o(i.prvTimerTask)
    i.prvUnlockQueue                         0x08003844   Section        0  queue.o(i.prvUnlockQueue)
    prvUnlockQueue                           0x08003845   Thumb Code   106  queue.o(i.prvUnlockQueue)
    i.pvPortMalloc                           0x080038b0   Section        0  heap_4.o(i.pvPortMalloc)
    i.pxPortInitialiseStack                  0x0800398c   Section        0  port.o(i.pxPortInitialiseStack)
    i.uxListRemove                           0x080039b8   Section        0  list.o(i.uxListRemove)
    i.uxTaskResetEventItemValue              0x080039e0   Section        0  tasks.o(i.uxTaskResetEventItemValue)
    i.vApplicationGetIdleTaskMemory          0x080039f8   Section        0  cmsis_os2.o(i.vApplicationGetIdleTaskMemory)
    i.vApplicationGetTimerTaskMemory         0x08003a0c   Section        0  cmsis_os2.o(i.vApplicationGetTimerTaskMemory)
    i.vEventGroupClearBitsCallback           0x08003a24   Section        0  event_groups.o(i.vEventGroupClearBitsCallback)
    i.vEventGroupSetBitsCallback             0x08003a28   Section        0  event_groups.o(i.vEventGroupSetBitsCallback)
    i.vListInitialise                        0x08003a2c   Section        0  list.o(i.vListInitialise)
    i.vListInitialiseItem                    0x08003a42   Section        0  list.o(i.vListInitialiseItem)
    i.vListInsert                            0x08003a48   Section        0  list.o(i.vListInsert)
    i.vListInsertEnd                         0x08003a78   Section        0  list.o(i.vListInsertEnd)
    i.vPortEnterCritical                     0x08003a90   Section        0  port.o(i.vPortEnterCritical)
    i.vPortExitCritical                      0x08003ad0   Section        0  port.o(i.vPortExitCritical)
    i.vPortFree                              0x08003af8   Section        0  heap_4.o(i.vPortFree)
    i.vPortSetupTimerInterrupt               0x08003b5c   Section        0  port.o(i.vPortSetupTimerInterrupt)
    i.vPortValidateInterruptPriority         0x08003b80   Section        0  port.o(i.vPortValidateInterruptPriority)
    i.vQueueAddToRegistry                    0x08003bd4   Section        0  queue.o(i.vQueueAddToRegistry)
    i.vQueueWaitForMessageRestricted         0x08003bfc   Section        0  queue.o(i.vQueueWaitForMessageRestricted)
    i.vTaskDelay                             0x08003c40   Section        0  tasks.o(i.vTaskDelay)
    i.vTaskInternalSetTimeOutState           0x08003c8c   Section        0  tasks.o(i.vTaskInternalSetTimeOutState)
    i.vTaskMissedYield                       0x08003c9c   Section        0  tasks.o(i.vTaskMissedYield)
    i.vTaskPlaceOnEventList                  0x08003ca8   Section        0  tasks.o(i.vTaskPlaceOnEventList)
    i.vTaskPlaceOnEventListRestricted        0x08003cd8   Section        0  tasks.o(i.vTaskPlaceOnEventListRestricted)
    i.vTaskPlaceOnUnorderedEventList         0x08003d10   Section        0  tasks.o(i.vTaskPlaceOnUnorderedEventList)
    i.vTaskRemoveFromUnorderedEventList      0x08003d60   Section        0  tasks.o(i.vTaskRemoveFromUnorderedEventList)
    i.vTaskResume                            0x08003dd0   Section        0  tasks.o(i.vTaskResume)
    i.vTaskStartScheduler                    0x08003e4c   Section        0  tasks.o(i.vTaskStartScheduler)
    i.vTaskSuspend                           0x08003ed4   Section        0  tasks.o(i.vTaskSuspend)
    i.vTaskSuspendAll                        0x08003f70   Section        0  tasks.o(i.vTaskSuspendAll)
    i.vTaskSwitchContext                     0x08003f80   Section        0  tasks.o(i.vTaskSwitchContext)
    i.xEventGroupClearBits                   0x08003fe4   Section        0  event_groups.o(i.xEventGroupClearBits)
    i.xEventGroupClearBitsFromISR            0x08004024   Section        0  event_groups.o(i.xEventGroupClearBitsFromISR)
    i.xEventGroupCreate                      0x08004034   Section        0  event_groups.o(i.xEventGroupCreate)
    i.xEventGroupCreateStatic                0x08004050   Section        0  event_groups.o(i.xEventGroupCreateStatic)
    i.xEventGroupSetBits                     0x0800407c   Section        0  event_groups.o(i.xEventGroupSetBits)
    i.xEventGroupSetBitsFromISR              0x08004108   Section        0  event_groups.o(i.xEventGroupSetBitsFromISR)
    i.xEventGroupWaitBits                    0x08004118   Section        0  event_groups.o(i.xEventGroupWaitBits)
    i.xPortStartScheduler                    0x08004220   Section        0  port.o(i.xPortStartScheduler)
    i.xPortSysTickHandler                    0x08004314   Section        0  port.o(i.xPortSysTickHandler)
    i.xQueueGenericCreate                    0x08004340   Section        0  queue.o(i.xQueueGenericCreate)
    i.xQueueGenericCreateStatic              0x08004382   Section        0  queue.o(i.xQueueGenericCreateStatic)
    i.xQueueGenericReset                     0x080043e8   Section        0  queue.o(i.xQueueGenericReset)
    i.xQueueGenericSend                      0x08004470   Section        0  queue.o(i.xQueueGenericSend)
    i.xQueueGenericSendFromISR               0x080045d0   Section        0  queue.o(i.xQueueGenericSendFromISR)
    i.xQueueReceive                          0x08004690   Section        0  queue.o(i.xQueueReceive)
    i.xTaskCheckForTimeOut                   0x080047c8   Section        0  tasks.o(i.xTaskCheckForTimeOut)
    i.xTaskCreate                            0x0800483c   Section        0  tasks.o(i.xTaskCreate)
    i.xTaskCreateStatic                      0x08004896   Section        0  tasks.o(i.xTaskCreateStatic)
    i.xTaskGetSchedulerState                 0x080048ec   Section        0  tasks.o(i.xTaskGetSchedulerState)
    i.xTaskGetTickCount                      0x08004908   Section        0  tasks.o(i.xTaskGetTickCount)
    i.xTaskIncrementTick                     0x08004914   Section        0  tasks.o(i.xTaskIncrementTick)
    i.xTaskPriorityDisinherit                0x080049dc   Section        0  tasks.o(i.xTaskPriorityDisinherit)
    i.xTaskRemoveFromEventList               0x08004a5c   Section        0  tasks.o(i.xTaskRemoveFromEventList)
    i.xTaskResumeAll                         0x08004acc   Section        0  tasks.o(i.xTaskResumeAll)
    i.xTimerCreateTimerTask                  0x08004b90   Section        0  timers.o(i.xTimerCreateTimerTask)
    i.xTimerGenericCommand                   0x08004bf0   Section        0  timers.o(i.xTimerGenericCommand)
    i.xTimerPendFunctionCallFromISR          0x08004c58   Section        0  timers.o(i.xTimerPendFunctionCallFromISR)
    .constdata                               0x08004c80   Section      256  freertos.o(.constdata)
    .constdata                               0x08004d80   Section        8  stm32f4xx_hal_dma.o(.constdata)
    flagBitshiftOffset                       0x08004d80   Data           8  stm32f4xx_hal_dma.o(.constdata)
    .constdata                               0x08004d88   Section       16  system_stm32f4xx.o(.constdata)
    .constdata                               0x08004d98   Section        8  system_stm32f4xx.o(.constdata)
    .conststring                             0x08004da0   Section       96  freertos.o(.conststring)
    .data                                    0x20000000   Section       32  freertos.o(.data)
    .data                                    0x20000020   Section       12  stm32f4xx_hal.o(.data)
    .data                                    0x2000002c   Section        4  system_stm32f4xx.o(.data)
    .data                                    0x20000030   Section       60  tasks.o(.data)
    uxDeletedTasksWaitingCleanUp             0x20000034   Data           4  tasks.o(.data)
    uxCurrentNumberOfTasks                   0x20000038   Data           4  tasks.o(.data)
    xTickCount                               0x2000003c   Data           4  tasks.o(.data)
    uxTopReadyPriority                       0x20000040   Data           4  tasks.o(.data)
    xSchedulerRunning                        0x20000044   Data           4  tasks.o(.data)
    xPendedTicks                             0x20000048   Data           4  tasks.o(.data)
    xYieldPending                            0x2000004c   Data           4  tasks.o(.data)
    xNumOfOverflows                          0x20000050   Data           4  tasks.o(.data)
    uxTaskNumber                             0x20000054   Data           4  tasks.o(.data)
    xNextTaskUnblockTime                     0x20000058   Data           4  tasks.o(.data)
    xIdleTaskHandle                          0x2000005c   Data           4  tasks.o(.data)
    uxSchedulerSuspended                     0x20000060   Data           4  tasks.o(.data)
    pxDelayedTaskList                        0x20000064   Data           4  tasks.o(.data)
    pxOverflowDelayedTaskList                0x20000068   Data           4  tasks.o(.data)
    .data                                    0x2000006c   Section       20  timers.o(.data)
    xTimerQueue                              0x2000006c   Data           4  timers.o(.data)
    xTimerTaskHandle                         0x20000070   Data           4  timers.o(.data)
    xLastTime                                0x20000074   Data           4  timers.o(.data)
    pxCurrentTimerList                       0x20000078   Data           4  timers.o(.data)
    pxOverflowTimerList                      0x2000007c   Data           4  timers.o(.data)
    .data                                    0x20000080   Section        4  cmsis_os2.o(.data)
    KernelState                              0x20000080   Data           4  cmsis_os2.o(.data)
    .data                                    0x20000084   Section       32  heap_4.o(.data)
    pxEnd                                    0x20000084   Data           4  heap_4.o(.data)
    xFreeBytesRemaining                      0x20000088   Data           4  heap_4.o(.data)
    xMinimumEverFreeBytesRemaining           0x2000008c   Data           4  heap_4.o(.data)
    xNumberOfSuccessfulAllocations           0x20000090   Data           4  heap_4.o(.data)
    xNumberOfSuccessfulFrees                 0x20000094   Data           4  heap_4.o(.data)
    xBlockAllocatedBit                       0x20000098   Data           4  heap_4.o(.data)
    xStart                                   0x2000009c   Data           8  heap_4.o(.data)
    .data                                    0x200000a4   Section       12  port.o(.data)
    ucMaxSysCallPriority                     0x200000a4   Data           1  port.o(.data)
    uxCriticalNesting                        0x200000a8   Data           4  port.o(.data)
    ulMaxPRIGROUPValue                       0x200000ac   Data           4  port.o(.data)
    .data                                    0x200000b0   Section        4  stdout.o(.data)
    .bss                                     0x200000b4   Section       72  tim.o(.bss)
    .bss                                     0x200000fc   Section      520  usart.o(.bss)
    .bss                                     0x20000304   Section       72  stm32f4xx_hal_timebase_tim.o(.bss)
    .bss                                     0x2000034c   Section       64  queue.o(.bss)
    .bss                                     0x2000038c   Section     1220  tasks.o(.bss)
    pxReadyTasksLists                        0x2000038c   Data        1120  tasks.o(.bss)
    xDelayedTaskList1                        0x200007ec   Data          20  tasks.o(.bss)
    xDelayedTaskList2                        0x20000800   Data          20  tasks.o(.bss)
    xPendingReadyList                        0x20000814   Data          20  tasks.o(.bss)
    xTasksWaitingTermination                 0x20000828   Data          20  tasks.o(.bss)
    xSuspendedTaskList                       0x2000083c   Data          20  tasks.o(.bss)
    .bss                                     0x20000850   Section      280  timers.o(.bss)
    xStaticTimerQueue                        0x20000850   Data          80  timers.o(.bss)
    ucStaticTimerQueueStorage                0x200008a0   Data         160  timers.o(.bss)
    xActiveTimerList1                        0x20000940   Data          20  timers.o(.bss)
    xActiveTimerList2                        0x20000954   Data          20  timers.o(.bss)
    .bss                                     0x20000968   Section     1720  cmsis_os2.o(.bss)
    Idle_TCB                                 0x20000968   Data          92  cmsis_os2.o(.bss)
    Idle_Stack                               0x200009c4   Data         512  cmsis_os2.o(.bss)
    Timer_TCB                                0x20000bc4   Data          92  cmsis_os2.o(.bss)
    Timer_Stack                              0x20000c20   Data        1024  cmsis_os2.o(.bss)
    .bss                                     0x20001020   Section    15360  heap_4.o(.bss)
    ucHeap                                   0x20001020   Data       15360  heap_4.o(.bss)
    .bss                                     0x20004c20   Section      376  button_motor.o(.bss)
    .bss                                     0x20004d98   Section      148  self_def_message_1.o(.bss)
    STACK                                    0x20004e30   Section     1024  startup_stm32f427xx.o(STACK)

    Global Symbols

    Symbol Name                              Value     Ov Type        Size  Object(Section)

    BuildAttributes$$THM_ISAv4$E$P$D$K$B$S$7EM$VFPi3$EXTD16$VFPS$VFMA$PE$A:L22UL41UL21$X:L11$S22US41US21$IEEE1$IW$USESV6$~STKCKD$USESV7$~SHL$OSPACE$ROPI$EBA8$MICROLIB$REQ8$PRES8$EABIv2 0x00000000   Number         0  anon$$obj.o ABSOLUTE
    __ARM_use_no_argv                        0x00000000   Number         0  main.o ABSOLUTE
    _printf_a                                0x00000000   Number         0  stubs.o ABSOLUTE
    _printf_c                                0x00000000   Number         0  stubs.o ABSOLUTE
    _printf_charcount                        0x00000000   Number         0  stubs.o ABSOLUTE
    _printf_d                                0x00000000   Number         0  stubs.o ABSOLUTE
    _printf_e                                0x00000000   Number         0  stubs.o ABSOLUTE
    _printf_f                                0x00000000   Number         0  stubs.o ABSOLUTE
    _printf_flags                            0x00000000   Number         0  stubs.o ABSOLUTE
    _printf_fp_dec                           0x00000000   Number         0  stubs.o ABSOLUTE
    _printf_fp_hex                           0x00000000   Number         0  stubs.o ABSOLUTE
    _printf_g                                0x00000000   Number         0  stubs.o ABSOLUTE
    _printf_i                                0x00000000   Number         0  stubs.o ABSOLUTE
    _printf_int_dec                          0x00000000   Number         0  stubs.o ABSOLUTE
    _printf_l                                0x00000000   Number         0  stubs.o ABSOLUTE
    _printf_lc                               0x00000000   Number         0  stubs.o ABSOLUTE
    _printf_ll                               0x00000000   Number         0  stubs.o ABSOLUTE
    _printf_lld                              0x00000000   Number         0  stubs.o ABSOLUTE
    _printf_lli                              0x00000000   Number         0  stubs.o ABSOLUTE
    _printf_llo                              0x00000000   Number         0  stubs.o ABSOLUTE
    _printf_llu                              0x00000000   Number         0  stubs.o ABSOLUTE
    _printf_llx                              0x00000000   Number         0  stubs.o ABSOLUTE
    _printf_longlong_dec                     0x00000000   Number         0  stubs.o ABSOLUTE
    _printf_longlong_hex                     0x00000000   Number         0  stubs.o ABSOLUTE
    _printf_longlong_oct                     0x00000000   Number         0  stubs.o ABSOLUTE
    _printf_ls                               0x00000000   Number         0  stubs.o ABSOLUTE
    _printf_mbtowc                           0x00000000   Number         0  stubs.o ABSOLUTE
    _printf_n                                0x00000000   Number         0  stubs.o ABSOLUTE
    _printf_o                                0x00000000   Number         0  stubs.o ABSOLUTE
    _printf_p                                0x00000000   Number         0  stubs.o ABSOLUTE
    _printf_percent                          0x00000000   Number         0  stubs.o ABSOLUTE
    _printf_pre_padding                      0x00000000   Number         0  stubs.o ABSOLUTE
    _printf_return_value                     0x00000000   Number         0  stubs.o ABSOLUTE
    _printf_s                                0x00000000   Number         0  stubs.o ABSOLUTE
    _printf_sizespec                         0x00000000   Number         0  stubs.o ABSOLUTE
    _printf_str                              0x00000000   Number         0  stubs.o ABSOLUTE
    _printf_truncate_signed                  0x00000000   Number         0  stubs.o ABSOLUTE
    _printf_truncate_unsigned                0x00000000   Number         0  stubs.o ABSOLUTE
    _printf_u                                0x00000000   Number         0  stubs.o ABSOLUTE
    _printf_wc                               0x00000000   Number         0  stubs.o ABSOLUTE
    _printf_wctomb                           0x00000000   Number         0  stubs.o ABSOLUTE
    _printf_widthprec                        0x00000000   Number         0  stubs.o ABSOLUTE
    _printf_x                                0x00000000   Number         0  stubs.o ABSOLUTE
    __arm_fini_                               - Undefined Weak Reference
    __cpp_initialize__aeabi_                  - Undefined Weak Reference
    __cxa_finalize                            - Undefined Weak Reference
    __decompress                              - Undefined Weak Reference
    _clock_init                               - Undefined Weak Reference
    _microlib_exit                            - Undefined Weak Reference
    __Vectors_Size                           0x000001ac   Number         0  startup_stm32f427xx.o ABSOLUTE
    __Vectors                                0x08000000   Data           4  startup_stm32f427xx.o(RESET)
    __Vectors_End                            0x080001ac   Data           0  startup_stm32f427xx.o(RESET)
    __main                                   0x080001ad   Thumb Code     0  entry.o(.ARM.Collect$$$$00000000)
    _main_stk                                0x080001ad   Thumb Code     0  entry2.o(.ARM.Collect$$$$00000001)
    _main_scatterload                        0x080001b1   Thumb Code     0  entry5.o(.ARM.Collect$$$$00000004)
    __main_after_scatterload                 0x080001b5   Thumb Code     0  entry5.o(.ARM.Collect$$$$00000004)
    _main_clock                              0x080001b5   Thumb Code     0  entry7b.o(.ARM.Collect$$$$00000008)
    _main_cpp_init                           0x080001b5   Thumb Code     0  entry8b.o(.ARM.Collect$$$$0000000A)
    _main_init                               0x080001b5   Thumb Code     0  entry9a.o(.ARM.Collect$$$$0000000B)
    __rt_lib_shutdown_fini                   0x080001bd   Thumb Code     0  entry12b.o(.ARM.Collect$$$$0000000E)
    __rt_final_cpp                           0x080001c1   Thumb Code     0  entry10a.o(.ARM.Collect$$$$0000000F)
    __rt_final_exit                          0x080001c1   Thumb Code     0  entry11a.o(.ARM.Collect$$$$00000011)
    SVC_Handler                              0x080001c5   Thumb Code    28  port.o(.emb_text)
    __asm___6_port_c_39a90d8d__prvStartFirstTask 0x080001e5   Thumb Code    36  port.o(.emb_text)
    __asm___6_port_c_39a90d8d__prvEnableVFP  0x0800020d   Thumb Code    16  port.o(.emb_text)
    PendSV_Handler                           0x08000221   Thumb Code    88  port.o(.emb_text)
    vPortGetIPSR                             0x0800027d   Thumb Code     6  port.o(.emb_text)
    Reset_Handler                            0x08000285   Thumb Code     8  startup_stm32f427xx.o(.text)
    ADC_IRQHandler                           0x0800029f   Thumb Code     0  startup_stm32f427xx.o(.text)
    CAN1_RX0_IRQHandler                      0x0800029f   Thumb Code     0  startup_stm32f427xx.o(.text)
    CAN1_RX1_IRQHandler                      0x0800029f   Thumb Code     0  startup_stm32f427xx.o(.text)
    CAN1_SCE_IRQHandler                      0x0800029f   Thumb Code     0  startup_stm32f427xx.o(.text)
    CAN1_TX_IRQHandler                       0x0800029f   Thumb Code     0  startup_stm32f427xx.o(.text)
    CAN2_RX0_IRQHandler                      0x0800029f   Thumb Code     0  startup_stm32f427xx.o(.text)
    CAN2_RX1_IRQHandler                      0x0800029f   Thumb Code     0  startup_stm32f427xx.o(.text)
    CAN2_SCE_IRQHandler                      0x0800029f   Thumb Code     0  startup_stm32f427xx.o(.text)
    CAN2_TX_IRQHandler                       0x0800029f   Thumb Code     0  startup_stm32f427xx.o(.text)
    DCMI_IRQHandler                          0x0800029f   Thumb Code     0  startup_stm32f427xx.o(.text)
    DMA1_Stream0_IRQHandler                  0x0800029f   Thumb Code     0  startup_stm32f427xx.o(.text)
    DMA1_Stream2_IRQHandler                  0x0800029f   Thumb Code     0  startup_stm32f427xx.o(.text)
    DMA1_Stream4_IRQHandler                  0x0800029f   Thumb Code     0  startup_stm32f427xx.o(.text)
    DMA1_Stream5_IRQHandler                  0x0800029f   Thumb Code     0  startup_stm32f427xx.o(.text)
    DMA1_Stream6_IRQHandler                  0x0800029f   Thumb Code     0  startup_stm32f427xx.o(.text)
    DMA1_Stream7_IRQHandler                  0x0800029f   Thumb Code     0  startup_stm32f427xx.o(.text)
    DMA2D_IRQHandler                         0x0800029f   Thumb Code     0  startup_stm32f427xx.o(.text)
    DMA2_Stream0_IRQHandler                  0x0800029f   Thumb Code     0  startup_stm32f427xx.o(.text)
    DMA2_Stream2_IRQHandler                  0x0800029f   Thumb Code     0  startup_stm32f427xx.o(.text)
    DMA2_Stream3_IRQHandler                  0x0800029f   Thumb Code     0  startup_stm32f427xx.o(.text)
    DMA2_Stream4_IRQHandler                  0x0800029f   Thumb Code     0  startup_stm32f427xx.o(.text)
    DMA2_Stream5_IRQHandler                  0x0800029f   Thumb Code     0  startup_stm32f427xx.o(.text)
    DMA2_Stream7_IRQHandler                  0x0800029f   Thumb Code     0  startup_stm32f427xx.o(.text)
    ETH_IRQHandler                           0x0800029f   Thumb Code     0  startup_stm32f427xx.o(.text)
    ETH_WKUP_IRQHandler                      0x0800029f   Thumb Code     0  startup_stm32f427xx.o(.text)
    EXTI0_IRQHandler                         0x0800029f   Thumb Code     0  startup_stm32f427xx.o(.text)
    EXTI15_10_IRQHandler                     0x0800029f   Thumb Code     0  startup_stm32f427xx.o(.text)
    EXTI1_IRQHandler                         0x0800029f   Thumb Code     0  startup_stm32f427xx.o(.text)
    EXTI2_IRQHandler                         0x0800029f   Thumb Code     0  startup_stm32f427xx.o(.text)
    EXTI3_IRQHandler                         0x0800029f   Thumb Code     0  startup_stm32f427xx.o(.text)
    EXTI4_IRQHandler                         0x0800029f   Thumb Code     0  startup_stm32f427xx.o(.text)
    EXTI9_5_IRQHandler                       0x0800029f   Thumb Code     0  startup_stm32f427xx.o(.text)
    FLASH_IRQHandler                         0x0800029f   Thumb Code     0  startup_stm32f427xx.o(.text)
    FMC_IRQHandler                           0x0800029f   Thumb Code     0  startup_stm32f427xx.o(.text)
    FPU_IRQHandler                           0x0800029f   Thumb Code     0  startup_stm32f427xx.o(.text)
    HASH_RNG_IRQHandler                      0x0800029f   Thumb Code     0  startup_stm32f427xx.o(.text)
    I2C1_ER_IRQHandler                       0x0800029f   Thumb Code     0  startup_stm32f427xx.o(.text)
    I2C1_EV_IRQHandler                       0x0800029f   Thumb Code     0  startup_stm32f427xx.o(.text)
    I2C2_ER_IRQHandler                       0x0800029f   Thumb Code     0  startup_stm32f427xx.o(.text)
    I2C2_EV_IRQHandler                       0x0800029f   Thumb Code     0  startup_stm32f427xx.o(.text)
    I2C3_ER_IRQHandler                       0x0800029f   Thumb Code     0  startup_stm32f427xx.o(.text)
    I2C3_EV_IRQHandler                       0x0800029f   Thumb Code     0  startup_stm32f427xx.o(.text)
    OTG_FS_IRQHandler                        0x0800029f   Thumb Code     0  startup_stm32f427xx.o(.text)
    OTG_FS_WKUP_IRQHandler                   0x0800029f   Thumb Code     0  startup_stm32f427xx.o(.text)
    OTG_HS_EP1_IN_IRQHandler                 0x0800029f   Thumb Code     0  startup_stm32f427xx.o(.text)
    OTG_HS_EP1_OUT_IRQHandler                0x0800029f   Thumb Code     0  startup_stm32f427xx.o(.text)
    OTG_HS_IRQHandler                        0x0800029f   Thumb Code     0  startup_stm32f427xx.o(.text)
    OTG_HS_WKUP_IRQHandler                   0x0800029f   Thumb Code     0  startup_stm32f427xx.o(.text)
    PVD_IRQHandler                           0x0800029f   Thumb Code     0  startup_stm32f427xx.o(.text)
    RCC_IRQHandler                           0x0800029f   Thumb Code     0  startup_stm32f427xx.o(.text)
    RTC_Alarm_IRQHandler                     0x0800029f   Thumb Code     0  startup_stm32f427xx.o(.text)
    RTC_WKUP_IRQHandler                      0x0800029f   Thumb Code     0  startup_stm32f427xx.o(.text)
    SAI1_IRQHandler                          0x0800029f   Thumb Code     0  startup_stm32f427xx.o(.text)
    SDIO_IRQHandler                          0x0800029f   Thumb Code     0  startup_stm32f427xx.o(.text)
    SPI1_IRQHandler                          0x0800029f   Thumb Code     0  startup_stm32f427xx.o(.text)
    SPI2_IRQHandler                          0x0800029f   Thumb Code     0  startup_stm32f427xx.o(.text)
    SPI3_IRQHandler                          0x0800029f   Thumb Code     0  startup_stm32f427xx.o(.text)
    SPI4_IRQHandler                          0x0800029f   Thumb Code     0  startup_stm32f427xx.o(.text)
    SPI5_IRQHandler                          0x0800029f   Thumb Code     0  startup_stm32f427xx.o(.text)
    SPI6_IRQHandler                          0x0800029f   Thumb Code     0  startup_stm32f427xx.o(.text)
    TAMP_STAMP_IRQHandler                    0x0800029f   Thumb Code     0  startup_stm32f427xx.o(.text)
    TIM1_BRK_TIM9_IRQHandler                 0x0800029f   Thumb Code     0  startup_stm32f427xx.o(.text)
    TIM1_CC_IRQHandler                       0x0800029f   Thumb Code     0  startup_stm32f427xx.o(.text)
    TIM1_TRG_COM_TIM11_IRQHandler            0x0800029f   Thumb Code     0  startup_stm32f427xx.o(.text)
    TIM2_IRQHandler                          0x0800029f   Thumb Code     0  startup_stm32f427xx.o(.text)
    TIM3_IRQHandler                          0x0800029f   Thumb Code     0  startup_stm32f427xx.o(.text)
    TIM4_IRQHandler                          0x0800029f   Thumb Code     0  startup_stm32f427xx.o(.text)
    TIM5_IRQHandler                          0x0800029f   Thumb Code     0  startup_stm32f427xx.o(.text)
    TIM6_DAC_IRQHandler                      0x0800029f   Thumb Code     0  startup_stm32f427xx.o(.text)
    TIM7_IRQHandler                          0x0800029f   Thumb Code     0  startup_stm32f427xx.o(.text)
    TIM8_BRK_TIM12_IRQHandler                0x0800029f   Thumb Code     0  startup_stm32f427xx.o(.text)
    TIM8_CC_IRQHandler                       0x0800029f   Thumb Code     0  startup_stm32f427xx.o(.text)
    TIM8_TRG_COM_TIM14_IRQHandler            0x0800029f   Thumb Code     0  startup_stm32f427xx.o(.text)
    TIM8_UP_TIM13_IRQHandler                 0x0800029f   Thumb Code     0  startup_stm32f427xx.o(.text)
    UART4_IRQHandler                         0x0800029f   Thumb Code     0  startup_stm32f427xx.o(.text)
    UART5_IRQHandler                         0x0800029f   Thumb Code     0  startup_stm32f427xx.o(.text)
    UART8_IRQHandler                         0x0800029f   Thumb Code     0  startup_stm32f427xx.o(.text)
    USART1_IRQHandler                        0x0800029f   Thumb Code     0  startup_stm32f427xx.o(.text)
    USART2_IRQHandler                        0x0800029f   Thumb Code     0  startup_stm32f427xx.o(.text)
    USART3_IRQHandler                        0x0800029f   Thumb Code     0  startup_stm32f427xx.o(.text)
    WWDG_IRQHandler                          0x0800029f   Thumb Code     0  startup_stm32f427xx.o(.text)
    __aeabi_uldivmod                         0x080002a9   Thumb Code    98  uldiv.o(.text)
    __aeabi_memcpy                           0x0800030b   Thumb Code    36  memcpya.o(.text)
    __aeabi_memcpy4                          0x0800030b   Thumb Code     0  memcpya.o(.text)
    __aeabi_memcpy8                          0x0800030b   Thumb Code     0  memcpya.o(.text)
    __aeabi_memset                           0x0800032f   Thumb Code    14  memseta.o(.text)
    __aeabi_memset4                          0x0800032f   Thumb Code     0  memseta.o(.text)
    __aeabi_memset8                          0x0800032f   Thumb Code     0  memseta.o(.text)
    __aeabi_memclr                           0x0800033d   Thumb Code     4  memseta.o(.text)
    __aeabi_memclr4                          0x0800033d   Thumb Code     0  memseta.o(.text)
    __aeabi_memclr8                          0x0800033d   Thumb Code     0  memseta.o(.text)
    memset                                   0x08000341   Thumb Code    18  memseta.o(.text)
    __aeabi_uidiv                            0x08000353   Thumb Code     0  uidiv.o(.text)
    __aeabi_uidivmod                         0x08000353   Thumb Code    44  uidiv.o(.text)
    __aeabi_llsl                             0x0800037f   Thumb Code    30  llshl.o(.text)
    _ll_shift_l                              0x0800037f   Thumb Code     0  llshl.o(.text)
    __aeabi_llsr                             0x0800039d   Thumb Code    32  llushr.o(.text)
    _ll_ushift_r                             0x0800039d   Thumb Code     0  llushr.o(.text)
    __scatterload                            0x080003bd   Thumb Code    28  init.o(.text)
    __scatterload_rt2                        0x080003bd   Thumb Code     0  init.o(.text)
    BusFault_Handler                         0x080003e1   Thumb Code     2  stm32f4xx_it.o(i.BusFault_Handler)
    Buttonmotorinit                          0x080003e5   Thumb Code   110  button_motor.o(i.Buttonmotorinit)
    DMA1_Stream1_IRQHandler                  0x08000461   Thumb Code     6  stm32f4xx_it.o(i.DMA1_Stream1_IRQHandler)
    DMA1_Stream3_IRQHandler                  0x0800046d   Thumb Code     6  stm32f4xx_it.o(i.DMA1_Stream3_IRQHandler)
    DMA2_Stream1_IRQHandler                  0x08000479   Thumb Code     6  stm32f4xx_it.o(i.DMA2_Stream1_IRQHandler)
    DMA2_Stream6_IRQHandler                  0x08000485   Thumb Code     6  stm32f4xx_it.o(i.DMA2_Stream6_IRQHandler)
    DebugMon_Handler                         0x08000535   Thumb Code     2  stm32f4xx_it.o(i.DebugMon_Handler)
    Error_Handler                            0x08000537   Thumb Code     4  main.o(i.Error_Handler)
    HAL_DMA_Abort                            0x0800053b   Thumb Code   146  stm32f4xx_hal_dma.o(i.HAL_DMA_Abort)
    HAL_DMA_Abort_IT                         0x080005cd   Thumb Code    36  stm32f4xx_hal_dma.o(i.HAL_DMA_Abort_IT)
    HAL_DMA_IRQHandler                       0x080005f1   Thumb Code   412  stm32f4xx_hal_dma.o(i.HAL_DMA_IRQHandler)
    HAL_DMA_Init                             0x08000791   Thumb Code   206  stm32f4xx_hal_dma.o(i.HAL_DMA_Init)
    HAL_DMA_Start_IT                         0x08000865   Thumb Code   110  stm32f4xx_hal_dma.o(i.HAL_DMA_Start_IT)
    HAL_GPIO_Init                            0x080008d5   Thumb Code   510  stm32f4xx_hal_gpio.o(i.HAL_GPIO_Init)
    HAL_GetTick                              0x08000b09   Thumb Code     6  stm32f4xx_hal.o(i.HAL_GetTick)
    HAL_IncTick                              0x08000b15   Thumb Code    12  stm32f4xx_hal.o(i.HAL_IncTick)
    HAL_Init                                 0x08000b25   Thumb Code    48  stm32f4xx_hal.o(i.HAL_Init)
    HAL_InitTick                             0x08000b59   Thumb Code   120  stm32f4xx_hal_timebase_tim.o(i.HAL_InitTick)
    HAL_MspInit                              0x08000be5   Thumb Code    52  stm32f4xx_hal_msp.o(i.HAL_MspInit)
    HAL_NVIC_EnableIRQ                       0x08000c1d   Thumb Code    26  stm32f4xx_hal_cortex.o(i.HAL_NVIC_EnableIRQ)
    HAL_NVIC_SetPriority                     0x08000c39   Thumb Code    60  stm32f4xx_hal_cortex.o(i.HAL_NVIC_SetPriority)
    HAL_NVIC_SetPriorityGrouping             0x08000c79   Thumb Code    26  stm32f4xx_hal_cortex.o(i.HAL_NVIC_SetPriorityGrouping)
    HAL_NVIC_SystemReset                     0x08000c9d   Thumb Code    26  stm32f4xx_hal_cortex.o(i.HAL_NVIC_SystemReset)
    HAL_PWREx_EnableOverDrive                0x08000cc1   Thumb Code    98  stm32f4xx_hal_pwr_ex.o(i.HAL_PWREx_EnableOverDrive)
    HAL_RCC_ClockConfig                      0x08000d31   Thumb Code   288  stm32f4xx_hal_rcc.o(i.HAL_RCC_ClockConfig)
    HAL_RCC_GetClockConfig                   0x08000e65   Thumb Code    54  stm32f4xx_hal_rcc.o(i.HAL_RCC_GetClockConfig)
    HAL_RCC_GetPCLK1Freq                     0x08000ea5   Thumb Code    20  stm32f4xx_hal_rcc.o(i.HAL_RCC_GetPCLK1Freq)
    HAL_RCC_GetPCLK2Freq                     0x08000ec5   Thumb Code    20  stm32f4xx_hal_rcc.o(i.HAL_RCC_GetPCLK2Freq)
    HAL_RCC_GetSysClockFreq                  0x08000ee5   Thumb Code    88  stm32f4xx_hal_rcc.o(i.HAL_RCC_GetSysClockFreq)
    HAL_RCC_OscConfig                        0x08000f49   Thumb Code   856  stm32f4xx_hal_rcc.o(i.HAL_RCC_OscConfig)
    HAL_TIMEx_BreakCallback                  0x080012b5   Thumb Code     2  stm32f4xx_hal_tim_ex.o(i.HAL_TIMEx_BreakCallback)
    HAL_TIMEx_CommutCallback                 0x080012b7   Thumb Code     2  stm32f4xx_hal_tim_ex.o(i.HAL_TIMEx_CommutCallback)
    HAL_TIMEx_MasterConfigSynchronization    0x080012b9   Thumb Code   116  stm32f4xx_hal_tim_ex.o(i.HAL_TIMEx_MasterConfigSynchronization)
    HAL_TIM_Base_Init                        0x08001349   Thumb Code    90  stm32f4xx_hal_tim.o(i.HAL_TIM_Base_Init)
    HAL_TIM_Base_MspInit                     0x080013a5   Thumb Code    30  tim.o(i.HAL_TIM_Base_MspInit)
    HAL_TIM_Base_Start_IT                    0x080013c9   Thumb Code   100  stm32f4xx_hal_tim.o(i.HAL_TIM_Base_Start_IT)
    HAL_TIM_ConfigClockSource                0x08001449   Thumb Code   220  stm32f4xx_hal_tim.o(i.HAL_TIM_ConfigClockSource)
    HAL_TIM_IC_CaptureCallback               0x08001525   Thumb Code     2  stm32f4xx_hal_tim.o(i.HAL_TIM_IC_CaptureCallback)
    HAL_TIM_IRQHandler                       0x08001527   Thumb Code   358  stm32f4xx_hal_tim.o(i.HAL_TIM_IRQHandler)
    HAL_TIM_MspPostInit                      0x0800168d   Thumb Code   108  tim.o(i.HAL_TIM_MspPostInit)
    HAL_TIM_OC_DelayElapsedCallback          0x08001705   Thumb Code     2  stm32f4xx_hal_tim.o(i.HAL_TIM_OC_DelayElapsedCallback)
    HAL_TIM_PWM_ConfigChannel                0x08001707   Thumb Code   204  stm32f4xx_hal_tim.o(i.HAL_TIM_PWM_ConfigChannel)
    HAL_TIM_PWM_Init                         0x080017d3   Thumb Code    90  stm32f4xx_hal_tim.o(i.HAL_TIM_PWM_Init)
    HAL_TIM_PWM_MspInit                      0x0800182d   Thumb Code     2  stm32f4xx_hal_tim.o(i.HAL_TIM_PWM_MspInit)
    HAL_TIM_PWM_PulseFinishedCallback        0x0800182f   Thumb Code     2  stm32f4xx_hal_tim.o(i.HAL_TIM_PWM_PulseFinishedCallback)
    HAL_TIM_PeriodElapsedCallback            0x08001831   Thumb Code    14  main.o(i.HAL_TIM_PeriodElapsedCallback)
    HAL_TIM_TriggerCallback                  0x08001845   Thumb Code     2  stm32f4xx_hal_tim.o(i.HAL_TIM_TriggerCallback)
    HAL_UARTEx_ReceiveToIdle_DMA             0x08001847   Thumb Code    86  stm32f4xx_hal_uart.o(i.HAL_UARTEx_ReceiveToIdle_DMA)
    HAL_UARTEx_RxEventCallback               0x0800189d   Thumb Code   124  button_motor.o(i.HAL_UARTEx_RxEventCallback)
    HAL_UART_ErrorCallback                   0x08001925   Thumb Code    38  self_def_message_1.o(i.HAL_UART_ErrorCallback)
    HAL_UART_IRQHandler                      0x08001955   Thumb Code   610  stm32f4xx_hal_uart.o(i.HAL_UART_IRQHandler)
    HAL_UART_Init                            0x08001bbd   Thumb Code    98  stm32f4xx_hal_uart.o(i.HAL_UART_Init)
    HAL_UART_MspInit                         0x08001c21   Thumb Code   380  usart.o(i.HAL_UART_MspInit)
    HAL_UART_RxCpltCallback                  0x08001dc1   Thumb Code     2  stm32f4xx_hal_uart.o(i.HAL_UART_RxCpltCallback)
    HAL_UART_RxHalfCpltCallback              0x08001dc3   Thumb Code     2  stm32f4xx_hal_uart.o(i.HAL_UART_RxHalfCpltCallback)
    HAL_UART_Transmit                        0x08001dc5   Thumb Code   178  stm32f4xx_hal_uart.o(i.HAL_UART_Transmit)
    HAL_UART_TxCpltCallback                  0x08001e77   Thumb Code     2  stm32f4xx_hal_uart.o(i.HAL_UART_TxCpltCallback)
    HardFault_Handler                        0x08001e79   Thumb Code     2  stm32f4xx_it.o(i.HardFault_Handler)
    IsRingBufferEmpty                        0x08001e7b   Thumb Code    20  ring_buffer.o(i.IsRingBufferEmpty)
    IsRingBufferFull                         0x08001e8f   Thumb Code    32  ring_buffer.o(i.IsRingBufferFull)
    MX_DMA_Init                              0x08001eb1   Thumb Code   104  dma.o(i.MX_DMA_Init)
    MX_FREERTOS_Init                         0x08001f1d   Thumb Code   112  freertos.o(i.MX_FREERTOS_Init)
    MX_GPIO_Init                             0x08001fad   Thumb Code   144  gpio.o(i.MX_GPIO_Init)
    MX_TIM2_Init                             0x08002045   Thumb Code   190  tim.o(i.MX_TIM2_Init)
    MX_UART7_Init                            0x08002109   Thumb Code    48  usart.o(i.MX_UART7_Init)
    MX_USART6_UART_Init                      0x08002141   Thumb Code    48  usart.o(i.MX_USART6_UART_Init)
    MemManage_Handler                        0x08002179   Thumb Code     2  stm32f4xx_it.o(i.MemManage_Handler)
    NMI_Handler                              0x0800217b   Thumb Code     2  stm32f4xx_it.o(i.NMI_Handler)
    ReadOneByteFromRingBuffer                0x0800217d   Thumb Code    42  ring_buffer.o(i.ReadOneByteFromRingBuffer)
    ReadRingBuffer                           0x080021a7   Thumb Code    30  ring_buffer.o(i.ReadRingBuffer)
    RingBufferinit                           0x080021c5   Thumb Code    12  ring_buffer.o(i.RingBufferinit)
    StartDefaultTask                         0x080021d1   Thumb Code     8  freertos.o(i.StartDefaultTask)
    Stm32_SoftReset                          0x080021d9   Thumb Code    10  button_motor.o(i.Stm32_SoftReset)
    SysTick_Handler                          0x080021e3   Thumb Code    26  cmsis_os2.o(i.SysTick_Handler)
    SystemClock_Config                       0x080021fd   Thumb Code   150  main.o(i.SystemClock_Config)
    SystemInit                               0x0800229d   Thumb Code    12  system_stm32f4xx.o(i.SystemInit)
    TIM1_UP_TIM10_IRQHandler                 0x080022ad   Thumb Code     6  stm32f4xx_it.o(i.TIM1_UP_TIM10_IRQHandler)
    TIM_Base_SetConfig                       0x080022b9   Thumb Code   156  stm32f4xx_hal_tim.o(i.TIM_Base_SetConfig)
    TIM_ETR_SetConfig                        0x08002381   Thumb Code    20  stm32f4xx_hal_tim.o(i.TIM_ETR_SetConfig)
    TIM_OC2_SetConfig                        0x08002405   Thumb Code    98  stm32f4xx_hal_tim.o(i.TIM_OC2_SetConfig)
    UART7_IRQHandler                         0x08002571   Thumb Code    22  stm32f4xx_it.o(i.UART7_IRQHandler)
    UART_Receive_IT_enable                   0x080027b5   Thumb Code    58  bsp_usart.o(i.UART_Receive_IT_enable)
    UART_Start_Receive_DMA                   0x080028fd   Thumb Code   134  stm32f4xx_hal_uart.o(i.UART_Start_Receive_DMA)
    USART6_IRQHandler                        0x08002a09   Thumb Code     6  stm32f4xx_it.o(i.USART6_IRQHandler)
    Uart_Idle_rcDMA                          0x08002a15   Thumb Code    22  bsp_usart.o(i.Uart_Idle_rcDMA)
    UsageFault_Handler                       0x08002a31   Thumb Code     2  stm32f4xx_it.o(i.UsageFault_Handler)
    User_rx_Callback                         0x08002a35   Thumb Code   122  button_motor.o(i.User_rx_Callback)
    WriteOneByteToRingBuffer                 0x08002add   Thumb Code    40  ring_buffer.o(i.WriteOneByteToRingBuffer)
    WriteRingBuffer                          0x08002b05   Thumb Code    30  ring_buffer.o(i.WriteRingBuffer)
    __0printf$1                              0x08002b25   Thumb Code    22  printf1.o(i.__0printf$1)
    __1printf$1                              0x08002b25   Thumb Code     0  printf1.o(i.__0printf$1)
    __2printf                                0x08002b25   Thumb Code     0  printf1.o(i.__0printf$1)
    __scatterload_copy                       0x08002b65   Thumb Code    14  handlers.o(i.__scatterload_copy)
    __scatterload_null                       0x08002b73   Thumb Code     2  handlers.o(i.__scatterload_null)
    __scatterload_zeroinit                   0x08002b75   Thumb Code    14  handlers.o(i.__scatterload_zeroinit)
    bsp_usart_init                           0x08002cd9   Thumb Code    18  bsp_usart.o(i.bsp_usart_init)
    button_task                              0x08002ced   Thumb Code   168  button_motor.o(i.button_task)
    buzzer_task                              0x08002e15   Thumb Code    12  button_motor.o(i.buzzer_task)
    fputc                                    0x08002e21   Thumb Code    20  usart.o(i.fputc)
    frameInstance_init                       0x08002e39   Thumb Code    68  self_def_message_1.o(i.frameInstance_init)
    led1_task                                0x08002e8d   Thumb Code    14  button_motor.o(i.led1_task)
    led2_task                                0x08002ea9   Thumb Code    14  button_motor.o(i.led2_task)
    led3_task                                0x08002ec5   Thumb Code    14  button_motor.o(i.led3_task)
    main                                     0x08002ee1   Thumb Code    46  main.o(i.main)
    osDelay                                  0x08002f0f   Thumb Code    26  cmsis_os2.o(i.osDelay)
    osEventFlagsNew                          0x08002f29   Thumb Code    44  cmsis_os2.o(i.osEventFlagsNew)
    osKernelInitialize                       0x08002f55   Thumb Code    32  cmsis_os2.o(i.osKernelInitialize)
    osKernelStart                            0x08002f79   Thumb Code    48  cmsis_os2.o(i.osKernelStart)
    osMessageQueueNew                        0x08002fb1   Thumb Code    88  cmsis_os2.o(i.osMessageQueueNew)
    osThreadNew                              0x08003009   Thumb Code   138  cmsis_os2.o(i.osThreadNew)
    osThreadResume                           0x08003093   Thumb Code    32  cmsis_os2.o(i.osThreadResume)
    osThreadSuspend                          0x080030b3   Thumb Code    32  cmsis_os2.o(i.osThreadSuspend)
    pvPortMalloc                             0x080038b1   Thumb Code   216  heap_4.o(i.pvPortMalloc)
    pxPortInitialiseStack                    0x0800398d   Thumb Code    40  port.o(i.pxPortInitialiseStack)
    uxListRemove                             0x080039b9   Thumb Code    38  list.o(i.uxListRemove)
    uxTaskResetEventItemValue                0x080039e1   Thumb Code    20  tasks.o(i.uxTaskResetEventItemValue)
    vApplicationGetIdleTaskMemory            0x080039f9   Thumb Code    16  cmsis_os2.o(i.vApplicationGetIdleTaskMemory)
    vApplicationGetTimerTaskMemory           0x08003a0d   Thumb Code    18  cmsis_os2.o(i.vApplicationGetTimerTaskMemory)
    vEventGroupClearBitsCallback             0x08003a25   Thumb Code     4  event_groups.o(i.vEventGroupClearBitsCallback)
    vEventGroupSetBitsCallback               0x08003a29   Thumb Code     4  event_groups.o(i.vEventGroupSetBitsCallback)
    vListInitialise                          0x08003a2d   Thumb Code    22  list.o(i.vListInitialise)
    vListInitialiseItem                      0x08003a43   Thumb Code     6  list.o(i.vListInitialiseItem)
    vListInsert                              0x08003a49   Thumb Code    48  list.o(i.vListInsert)
    vListInsertEnd                           0x08003a79   Thumb Code    24  list.o(i.vListInsertEnd)
    vPortEnterCritical                       0x08003a91   Thumb Code    54  port.o(i.vPortEnterCritical)
    vPortExitCritical                        0x08003ad1   Thumb Code    34  port.o(i.vPortExitCritical)
    vPortFree                                0x08003af9   Thumb Code    94  heap_4.o(i.vPortFree)
    vPortSetupTimerInterrupt                 0x08003b5d   Thumb Code    32  port.o(i.vPortSetupTimerInterrupt)
    vPortValidateInterruptPriority           0x08003b81   Thumb Code    74  port.o(i.vPortValidateInterruptPriority)
    vQueueAddToRegistry                      0x08003bd5   Thumb Code    34  queue.o(i.vQueueAddToRegistry)
    vQueueWaitForMessageRestricted           0x08003bfd   Thumb Code    68  queue.o(i.vQueueWaitForMessageRestricted)
    vTaskDelay                               0x08003c41   Thumb Code    66  tasks.o(i.vTaskDelay)
    vTaskInternalSetTimeOutState             0x08003c8d   Thumb Code    12  tasks.o(i.vTaskInternalSetTimeOutState)
    vTaskMissedYield                         0x08003c9d   Thumb Code     8  tasks.o(i.vTaskMissedYield)
    vTaskPlaceOnEventList                    0x08003ca9   Thumb Code    44  tasks.o(i.vTaskPlaceOnEventList)
    vTaskPlaceOnEventListRestricted          0x08003cd9   Thumb Code    52  tasks.o(i.vTaskPlaceOnEventListRestricted)
    vTaskPlaceOnUnorderedEventList           0x08003d11   Thumb Code    76  tasks.o(i.vTaskPlaceOnUnorderedEventList)
    vTaskRemoveFromUnorderedEventList        0x08003d61   Thumb Code   102  tasks.o(i.vTaskRemoveFromUnorderedEventList)
    vTaskResume                              0x08003dd1   Thumb Code   110  tasks.o(i.vTaskResume)
    vTaskStartScheduler                      0x08003e4d   Thumb Code   118  tasks.o(i.vTaskStartScheduler)
    vTaskSuspend                             0x08003ed5   Thumb Code   144  tasks.o(i.vTaskSuspend)
    vTaskSuspendAll                          0x08003f71   Thumb Code    10  tasks.o(i.vTaskSuspendAll)
    vTaskSwitchContext                       0x08003f81   Thumb Code    90  tasks.o(i.vTaskSwitchContext)
    xEventGroupClearBits                     0x08003fe5   Thumb Code    64  event_groups.o(i.xEventGroupClearBits)
    xEventGroupClearBitsFromISR              0x08004025   Thumb Code    12  event_groups.o(i.xEventGroupClearBitsFromISR)
    xEventGroupCreate                        0x08004035   Thumb Code    28  event_groups.o(i.xEventGroupCreate)
    xEventGroupCreateStatic                  0x08004051   Thumb Code    44  event_groups.o(i.xEventGroupCreateStatic)
    xEventGroupSetBits                       0x0800407d   Thumb Code   140  event_groups.o(i.xEventGroupSetBits)
    xEventGroupSetBitsFromISR                0x08004109   Thumb Code    12  event_groups.o(i.xEventGroupSetBitsFromISR)
    xEventGroupWaitBits                      0x08004119   Thumb Code   260  event_groups.o(i.xEventGroupWaitBits)
    xPortStartScheduler                      0x08004221   Thumb Code   222  port.o(i.xPortStartScheduler)
    xPortSysTickHandler                      0x08004315   Thumb Code    38  port.o(i.xPortSysTickHandler)
    xQueueGenericCreate                      0x08004341   Thumb Code    66  queue.o(i.xQueueGenericCreate)
    xQueueGenericCreateStatic                0x08004383   Thumb Code   102  queue.o(i.xQueueGenericCreateStatic)
    xQueueGenericReset                       0x080043e9   Thumb Code   132  queue.o(i.xQueueGenericReset)
    xQueueGenericSend                        0x08004471   Thumb Code   346  queue.o(i.xQueueGenericSend)
    xQueueGenericSendFromISR                 0x080045d1   Thumb Code   190  queue.o(i.xQueueGenericSendFromISR)
    xQueueReceive                            0x08004691   Thumb Code   308  queue.o(i.xQueueReceive)
    xTaskCheckForTimeOut                     0x080047c9   Thumb Code   112  tasks.o(i.xTaskCheckForTimeOut)
    xTaskCreate                              0x0800483d   Thumb Code    90  tasks.o(i.xTaskCreate)
    xTaskCreateStatic                        0x08004897   Thumb Code    86  tasks.o(i.xTaskCreateStatic)
    xTaskGetSchedulerState                   0x080048ed   Thumb Code    22  tasks.o(i.xTaskGetSchedulerState)
    xTaskGetTickCount                        0x08004909   Thumb Code     6  tasks.o(i.xTaskGetTickCount)
    xTaskIncrementTick                       0x08004915   Thumb Code   192  tasks.o(i.xTaskIncrementTick)
    xTaskPriorityDisinherit                  0x080049dd   Thumb Code   118  tasks.o(i.xTaskPriorityDisinherit)
    xTaskRemoveFromEventList                 0x08004a5d   Thumb Code    98  tasks.o(i.xTaskRemoveFromEventList)
    xTaskResumeAll                           0x08004acd   Thumb Code   182  tasks.o(i.xTaskResumeAll)
    xTimerCreateTimerTask                    0x08004b91   Thumb Code    78  timers.o(i.xTimerCreateTimerTask)
    xTimerGenericCommand                     0x08004bf1   Thumb Code    98  timers.o(i.xTimerGenericCommand)
    xTimerPendFunctionCallFromISR            0x08004c59   Thumb Code    34  timers.o(i.xTimerPendFunctionCallFromISR)
    defaultTask_attributes                   0x08004c80   Data          36  freertos.o(.constdata)
    Button_task_attributes                   0x08004ca4   Data          36  freertos.o(.constdata)
    Buzzer_task_attributes                   0x08004cc8   Data          36  freertos.o(.constdata)
    LED1_task_attributes                     0x08004cec   Data          36  freertos.o(.constdata)
    LED2_task_attributes                     0x08004d10   Data          36  freertos.o(.constdata)
    LED3_task_attributes                     0x08004d34   Data          36  freertos.o(.constdata)
    queuekey1_attributes                     0x08004d58   Data          24  freertos.o(.constdata)
    EventKey1_attributes                     0x08004d70   Data          16  freertos.o(.constdata)
    AHBPrescTable                            0x08004d88   Data          16  system_stm32f4xx.o(.constdata)
    APBPrescTable                            0x08004d98   Data           8  system_stm32f4xx.o(.constdata)
    Region$$Table$$Base                      0x08004e00   Number         0  anon$$obj.o(Region$$Table)
    Region$$Table$$Limit                     0x08004e20   Number         0  anon$$obj.o(Region$$Table)
    defaultTaskHandle                        0x20000000   Data           4  freertos.o(.data)
    Button_taskHandle                        0x20000004   Data           4  freertos.o(.data)
    Buzzer_taskHandle                        0x20000008   Data           4  freertos.o(.data)
    LED1_taskHandle                          0x2000000c   Data           4  freertos.o(.data)
    LED2_taskHandle                          0x20000010   Data           4  freertos.o(.data)
    LED3_taskHandle                          0x20000014   Data           4  freertos.o(.data)
    queuekey1Handle                          0x20000018   Data           4  freertos.o(.data)
    EventKey1Handle                          0x2000001c   Data           4  freertos.o(.data)
    uwTickFreq                               0x20000020   Data           1  stm32f4xx_hal.o(.data)
    uwTickPrio                               0x20000024   Data           4  stm32f4xx_hal.o(.data)
    uwTick                                   0x20000028   Data           4  stm32f4xx_hal.o(.data)
    SystemCoreClock                          0x2000002c   Data           4  system_stm32f4xx.o(.data)
    pxCurrentTCB                             0x20000030   Data           4  tasks.o(.data)
    __stdout                                 0x200000b0   Data           4  stdout.o(.data)
    htim2                                    0x200000b4   Data          72  tim.o(.bss)
    huart7                                   0x200000fc   Data          68  usart.o(.bss)
    huart6                                   0x20000140   Data          68  usart.o(.bss)
    hdma_uart7_rx                            0x20000184   Data          96  usart.o(.bss)
    hdma_uart7_tx                            0x200001e4   Data          96  usart.o(.bss)
    hdma_usart6_rx                           0x20000244   Data          96  usart.o(.bss)
    hdma_usart6_tx                           0x200002a4   Data          96  usart.o(.bss)
    htim1                                    0x20000304   Data          72  stm32f4xx_hal_timebase_tim.o(.bss)
    xQueueRegistry                           0x2000034c   Data          64  queue.o(.bss)
    frame1                                   0x20004c20   Data         140  button_motor.o(.bss)
    Data1                                    0x20004cac   Data          18  button_motor.o(.bss)
    Ring_Buff                                0x20004cc0   Data          16  button_motor.o(.bss)
    ringbuff                                 0x20004cd0   Data         200  button_motor.o(.bss)
    Usart_SendBuf                            0x20004d98   Data          64  self_def_message_1.o(.bss)
    DataBuff                                 0x20004dd8   Data          64  self_def_message_1.o(.bss)
    Uart_frame                               0x20004e18   Data          20  self_def_message_1.o(.bss)
    __initial_sp                             0x20005230   Data           0  startup_stm32f427xx.o(STACK)



==============================================================================

Memory Map of the image

  Image Entry point : 0x080001ad

  Load Region LR_IROM1 (Base: 0x08000000, Size: 0x00004ed4, Max: 0x00200000, ABSOLUTE)

    Execution Region ER_IROM1 (Exec base: 0x08000000, Load base: 0x08000000, Size: 0x00004e20, Max: 0x00200000, ABSOLUTE)

    Exec Addr    Load Addr    Size         Type   Attr      Idx    E Section Name        Object

    0x08000000   0x08000000   0x000001ac   Data   RO            3    RESET               startup_stm32f427xx.o
    0x080001ac   0x080001ac   0x00000000   Code   RO         5187  * .ARM.Collect$$$$00000000  mc_w.l(entry.o)
    0x080001ac   0x080001ac   0x00000004   Code   RO         5461    .ARM.Collect$$$$00000001  mc_w.l(entry2.o)
    0x080001b0   0x080001b0   0x00000004   Code   RO         5464    .ARM.Collect$$$$00000004  mc_w.l(entry5.o)
    0x080001b4   0x080001b4   0x00000000   Code   RO         5466    .ARM.Collect$$$$00000008  mc_w.l(entry7b.o)
    0x080001b4   0x080001b4   0x00000000   Code   RO         5468    .ARM.Collect$$$$0000000A  mc_w.l(entry8b.o)
    0x080001b4   0x080001b4   0x00000008   Code   RO         5469    .ARM.Collect$$$$0000000B  mc_w.l(entry9a.o)
    0x080001bc   0x080001bc   0x00000004   Code   RO         5476    .ARM.Collect$$$$0000000E  mc_w.l(entry12b.o)
    0x080001c0   0x080001c0   0x00000000   Code   RO         5471    .ARM.Collect$$$$0000000F  mc_w.l(entry10a.o)
    0x080001c0   0x080001c0   0x00000000   Code   RO         5473    .ARM.Collect$$$$00000011  mc_w.l(entry11a.o)
    0x080001c0   0x080001c0   0x00000004   Code   RO         5462    .ARM.Collect$$$$00002712  mc_w.l(entry2.o)
    0x080001c4   0x080001c4   0x000000be   Code   RO         4835    .emb_text           port.o
    0x08000282   0x08000282   0x00000002   PAD
    0x08000284   0x08000284   0x00000024   Code   RO            4    .text               startup_stm32f427xx.o
    0x080002a8   0x080002a8   0x00000062   Code   RO         5190    .text               mc_w.l(uldiv.o)
    0x0800030a   0x0800030a   0x00000024   Code   RO         5192    .text               mc_w.l(memcpya.o)
    0x0800032e   0x0800032e   0x00000024   Code   RO         5196    .text               mc_w.l(memseta.o)
    0x08000352   0x08000352   0x0000002c   Code   RO         5478    .text               mc_w.l(uidiv.o)
    0x0800037e   0x0800037e   0x0000001e   Code   RO         5480    .text               mc_w.l(llshl.o)
    0x0800039c   0x0800039c   0x00000020   Code   RO         5482    .text               mc_w.l(llushr.o)
    0x080003bc   0x080003bc   0x00000024   Code   RO         5495    .text               mc_w.l(init.o)
    0x080003e0   0x080003e0   0x00000002   Code   RO          405    i.BusFault_Handler  stm32f4xx_it.o
    0x080003e2   0x080003e2   0x00000002   PAD
    0x080003e4   0x080003e4   0x0000007c   Code   RO         4915    i.Buttonmotorinit   button_motor.o
    0x08000460   0x08000460   0x0000000c   Code   RO          406    i.DMA1_Stream1_IRQHandler  stm32f4xx_it.o
    0x0800046c   0x0800046c   0x0000000c   Code   RO          407    i.DMA1_Stream3_IRQHandler  stm32f4xx_it.o
    0x08000478   0x08000478   0x0000000c   Code   RO          408    i.DMA2_Stream1_IRQHandler  stm32f4xx_it.o
    0x08000484   0x08000484   0x0000000c   Code   RO          409    i.DMA2_Stream6_IRQHandler  stm32f4xx_it.o
    0x08000490   0x08000490   0x00000028   Code   RO         1086    i.DMA_CalcBaseAndBitshift  stm32f4xx_hal_dma.o
    0x080004b8   0x080004b8   0x00000054   Code   RO         1087    i.DMA_CheckFifoParam  stm32f4xx_hal_dma.o
    0x0800050c   0x0800050c   0x00000028   Code   RO         1088    i.DMA_SetConfig     stm32f4xx_hal_dma.o
    0x08000534   0x08000534   0x00000002   Code   RO          410    i.DebugMon_Handler  stm32f4xx_it.o
    0x08000536   0x08000536   0x00000004   Code   RO           13    i.Error_Handler     main.o
    0x0800053a   0x0800053a   0x00000092   Code   RO         1089    i.HAL_DMA_Abort     stm32f4xx_hal_dma.o
    0x080005cc   0x080005cc   0x00000024   Code   RO         1090    i.HAL_DMA_Abort_IT  stm32f4xx_hal_dma.o
    0x080005f0   0x080005f0   0x000001a0   Code   RO         1094    i.HAL_DMA_IRQHandler  stm32f4xx_hal_dma.o
    0x08000790   0x08000790   0x000000d4   Code   RO         1095    i.HAL_DMA_Init      stm32f4xx_hal_dma.o
    0x08000864   0x08000864   0x0000006e   Code   RO         1099    i.HAL_DMA_Start_IT  stm32f4xx_hal_dma.o
    0x080008d2   0x080008d2   0x00000002   PAD
    0x080008d4   0x080008d4   0x00000234   Code   RO          982    i.HAL_GPIO_Init     stm32f4xx_hal_gpio.o
    0x08000b08   0x08000b08   0x0000000c   Code   RO         1534    i.HAL_GetTick       stm32f4xx_hal.o
    0x08000b14   0x08000b14   0x00000010   Code   RO         1540    i.HAL_IncTick       stm32f4xx_hal.o
    0x08000b24   0x08000b24   0x00000034   Code   RO         1541    i.HAL_Init          stm32f4xx_hal.o
    0x08000b58   0x08000b58   0x0000008c   Code   RO          536    i.HAL_InitTick      stm32f4xx_hal_timebase_tim.o
    0x08000be4   0x08000be4   0x00000038   Code   RO          512    i.HAL_MspInit       stm32f4xx_hal_msp.o
    0x08000c1c   0x08000c1c   0x0000001a   Code   RO         1389    i.HAL_NVIC_EnableIRQ  stm32f4xx_hal_cortex.o
    0x08000c36   0x08000c36   0x00000002   PAD
    0x08000c38   0x08000c38   0x00000040   Code   RO         1395    i.HAL_NVIC_SetPriority  stm32f4xx_hal_cortex.o
    0x08000c78   0x08000c78   0x00000024   Code   RO         1396    i.HAL_NVIC_SetPriorityGrouping  stm32f4xx_hal_cortex.o
    0x08000c9c   0x08000c9c   0x00000024   Code   RO         1397    i.HAL_NVIC_SystemReset  stm32f4xx_hal_cortex.o
    0x08000cc0   0x08000cc0   0x00000070   Code   RO         1318    i.HAL_PWREx_EnableOverDrive  stm32f4xx_hal_pwr_ex.o
    0x08000d30   0x08000d30   0x00000134   Code   RO          576    i.HAL_RCC_ClockConfig  stm32f4xx_hal_rcc.o
    0x08000e64   0x08000e64   0x00000040   Code   RO          580    i.HAL_RCC_GetClockConfig  stm32f4xx_hal_rcc.o
    0x08000ea4   0x08000ea4   0x00000020   Code   RO          583    i.HAL_RCC_GetPCLK1Freq  stm32f4xx_hal_rcc.o
    0x08000ec4   0x08000ec4   0x00000020   Code   RO          584    i.HAL_RCC_GetPCLK2Freq  stm32f4xx_hal_rcc.o
    0x08000ee4   0x08000ee4   0x00000064   Code   RO          585    i.HAL_RCC_GetSysClockFreq  stm32f4xx_hal_rcc.o
    0x08000f48   0x08000f48   0x0000036c   Code   RO          588    i.HAL_RCC_OscConfig  stm32f4xx_hal_rcc.o
    0x080012b4   0x080012b4   0x00000002   Code   RO         2495    i.HAL_TIMEx_BreakCallback  stm32f4xx_hal_tim_ex.o
    0x080012b6   0x080012b6   0x00000002   Code   RO         2496    i.HAL_TIMEx_CommutCallback  stm32f4xx_hal_tim_ex.o
    0x080012b8   0x080012b8   0x00000090   Code   RO         2514    i.HAL_TIMEx_MasterConfigSynchronization  stm32f4xx_hal_tim_ex.o
    0x08001348   0x08001348   0x0000005a   Code   RO         1791    i.HAL_TIM_Base_Init  stm32f4xx_hal_tim.o
    0x080013a2   0x080013a2   0x00000002   PAD
    0x080013a4   0x080013a4   0x00000024   Code   RO          298    i.HAL_TIM_Base_MspInit  tim.o
    0x080013c8   0x080013c8   0x00000080   Code   RO         1796    i.HAL_TIM_Base_Start_IT  stm32f4xx_hal_tim.o
    0x08001448   0x08001448   0x000000dc   Code   RO         1800    i.HAL_TIM_ConfigClockSource  stm32f4xx_hal_tim.o
    0x08001524   0x08001524   0x00000002   Code   RO         1825    i.HAL_TIM_IC_CaptureCallback  stm32f4xx_hal_tim.o
    0x08001526   0x08001526   0x00000166   Code   RO         1839    i.HAL_TIM_IRQHandler  stm32f4xx_hal_tim.o
    0x0800168c   0x0800168c   0x00000078   Code   RO          299    i.HAL_TIM_MspPostInit  tim.o
    0x08001704   0x08001704   0x00000002   Code   RO         1842    i.HAL_TIM_OC_DelayElapsedCallback  stm32f4xx_hal_tim.o
    0x08001706   0x08001706   0x000000cc   Code   RO         1863    i.HAL_TIM_PWM_ConfigChannel  stm32f4xx_hal_tim.o
    0x080017d2   0x080017d2   0x0000005a   Code   RO         1866    i.HAL_TIM_PWM_Init  stm32f4xx_hal_tim.o
    0x0800182c   0x0800182c   0x00000002   Code   RO         1868    i.HAL_TIM_PWM_MspInit  stm32f4xx_hal_tim.o
    0x0800182e   0x0800182e   0x00000002   Code   RO         1869    i.HAL_TIM_PWM_PulseFinishedCallback  stm32f4xx_hal_tim.o
    0x08001830   0x08001830   0x00000014   Code   RO           14    i.HAL_TIM_PeriodElapsedCallback  main.o
    0x08001844   0x08001844   0x00000002   Code   RO         1882    i.HAL_TIM_TriggerCallback  stm32f4xx_hal_tim.o
    0x08001846   0x08001846   0x00000056   Code   RO         2771    i.HAL_UARTEx_ReceiveToIdle_DMA  stm32f4xx_hal_uart.o
    0x0800189c   0x0800189c   0x00000088   Code   RO         4916    i.HAL_UARTEx_RxEventCallback  button_motor.o
    0x08001924   0x08001924   0x00000030   Code   RO         5026    i.HAL_UART_ErrorCallback  self_def_message_1.o
    0x08001954   0x08001954   0x00000268   Code   RO         2790    i.HAL_UART_IRQHandler  stm32f4xx_hal_uart.o
    0x08001bbc   0x08001bbc   0x00000062   Code   RO         2791    i.HAL_UART_Init     stm32f4xx_hal_uart.o
    0x08001c1e   0x08001c1e   0x00000002   PAD
    0x08001c20   0x08001c20   0x000001a0   Code   RO          346    i.HAL_UART_MspInit  usart.o
    0x08001dc0   0x08001dc0   0x00000002   Code   RO         2797    i.HAL_UART_RxCpltCallback  stm32f4xx_hal_uart.o
    0x08001dc2   0x08001dc2   0x00000002   Code   RO         2798    i.HAL_UART_RxHalfCpltCallback  stm32f4xx_hal_uart.o
    0x08001dc4   0x08001dc4   0x000000b2   Code   RO         2799    i.HAL_UART_Transmit  stm32f4xx_hal_uart.o
    0x08001e76   0x08001e76   0x00000002   Code   RO         2802    i.HAL_UART_TxCpltCallback  stm32f4xx_hal_uart.o
    0x08001e78   0x08001e78   0x00000002   Code   RO          411    i.HardFault_Handler  stm32f4xx_it.o
    0x08001e7a   0x08001e7a   0x00000014   Code   RO         5070    i.IsRingBufferEmpty  ring_buffer.o
    0x08001e8e   0x08001e8e   0x00000020   Code   RO         5071    i.IsRingBufferFull  ring_buffer.o
    0x08001eae   0x08001eae   0x00000002   PAD
    0x08001eb0   0x08001eb0   0x0000006c   Code   RO          273    i.MX_DMA_Init       dma.o
    0x08001f1c   0x08001f1c   0x00000090   Code   RO          230    i.MX_FREERTOS_Init  freertos.o
    0x08001fac   0x08001fac   0x00000098   Code   RO          206    i.MX_GPIO_Init      gpio.o
    0x08002044   0x08002044   0x000000c4   Code   RO          300    i.MX_TIM2_Init      tim.o
    0x08002108   0x08002108   0x00000038   Code   RO          347    i.MX_UART7_Init     usart.o
    0x08002140   0x08002140   0x00000038   Code   RO          348    i.MX_USART6_UART_Init  usart.o
    0x08002178   0x08002178   0x00000002   Code   RO          412    i.MemManage_Handler  stm32f4xx_it.o
    0x0800217a   0x0800217a   0x00000002   Code   RO          413    i.NMI_Handler       stm32f4xx_it.o
    0x0800217c   0x0800217c   0x0000002a   Code   RO         5072    i.ReadOneByteFromRingBuffer  ring_buffer.o
    0x080021a6   0x080021a6   0x0000001e   Code   RO         5073    i.ReadRingBuffer    ring_buffer.o
    0x080021c4   0x080021c4   0x0000000c   Code   RO         5074    i.RingBufferinit    ring_buffer.o
    0x080021d0   0x080021d0   0x00000008   Code   RO          231    i.StartDefaultTask  freertos.o
    0x080021d8   0x080021d8   0x0000000a   Code   RO         4917    i.Stm32_SoftReset   button_motor.o
    0x080021e2   0x080021e2   0x0000001a   Code   RO         4267    i.SysTick_Handler   cmsis_os2.o
    0x080021fc   0x080021fc   0x000000a0   Code   RO           15    i.SystemClock_Config  main.o
    0x0800229c   0x0800229c   0x00000010   Code   RO         3120    i.SystemInit        system_stm32f4xx.o
    0x080022ac   0x080022ac   0x0000000c   Code   RO          414    i.TIM1_UP_TIM10_IRQHandler  stm32f4xx_it.o
    0x080022b8   0x080022b8   0x000000c8   Code   RO         1884    i.TIM_Base_SetConfig  stm32f4xx_hal_tim.o
    0x08002380   0x08002380   0x00000014   Code   RO         1895    i.TIM_ETR_SetConfig  stm32f4xx_hal_tim.o
    0x08002394   0x08002394   0x00000010   Code   RO         1896    i.TIM_ITRx_SetConfig  stm32f4xx_hal_tim.o
    0x080023a4   0x080023a4   0x00000060   Code   RO         1897    i.TIM_OC1_SetConfig  stm32f4xx_hal_tim.o
    0x08002404   0x08002404   0x0000006c   Code   RO         1898    i.TIM_OC2_SetConfig  stm32f4xx_hal_tim.o
    0x08002470   0x08002470   0x00000068   Code   RO         1899    i.TIM_OC3_SetConfig  stm32f4xx_hal_tim.o
    0x080024d8   0x080024d8   0x00000050   Code   RO         1900    i.TIM_OC4_SetConfig  stm32f4xx_hal_tim.o
    0x08002528   0x08002528   0x00000022   Code   RO         1902    i.TIM_TI1_ConfigInputStage  stm32f4xx_hal_tim.o
    0x0800254a   0x0800254a   0x00000024   Code   RO         1904    i.TIM_TI2_ConfigInputStage  stm32f4xx_hal_tim.o
    0x0800256e   0x0800256e   0x00000002   PAD
    0x08002570   0x08002570   0x00000024   Code   RO          415    i.UART7_IRQHandler  stm32f4xx_it.o
    0x08002594   0x08002594   0x00000010   Code   RO         2804    i.UART_DMAAbortOnError  stm32f4xx_hal_uart.o
    0x080025a4   0x080025a4   0x0000004a   Code   RO         2805    i.UART_DMAError     stm32f4xx_hal_uart.o
    0x080025ee   0x080025ee   0x00000082   Code   RO         2806    i.UART_DMAReceiveCplt  stm32f4xx_hal_uart.o
    0x08002670   0x08002670   0x0000001a   Code   RO         2808    i.UART_DMARxHalfCplt  stm32f4xx_hal_uart.o
    0x0800268a   0x0800268a   0x0000004e   Code   RO         2814    i.UART_EndRxTransfer  stm32f4xx_hal_uart.o
    0x080026d8   0x080026d8   0x0000001c   Code   RO         2815    i.UART_EndTxTransfer  stm32f4xx_hal_uart.o
    0x080026f4   0x080026f4   0x000000c0   Code   RO         2816    i.UART_Receive_IT   stm32f4xx_hal_uart.o
    0x080027b4   0x080027b4   0x0000003a   Code   RO         5135    i.UART_Receive_IT_enable  bsp_usart.o
    0x080027ee   0x080027ee   0x00000002   PAD
    0x080027f0   0x080027f0   0x0000010c   Code   RO         2817    i.UART_SetConfig    stm32f4xx_hal_uart.o
    0x080028fc   0x080028fc   0x00000094   Code   RO         2818    i.UART_Start_Receive_DMA  stm32f4xx_hal_uart.o
    0x08002990   0x08002990   0x00000078   Code   RO         2820    i.UART_WaitOnFlagUntilTimeout  stm32f4xx_hal_uart.o
    0x08002a08   0x08002a08   0x0000000c   Code   RO          416    i.USART6_IRQHandler  stm32f4xx_it.o
    0x08002a14   0x08002a14   0x0000001c   Code   RO         5138    i.Uart_Idle_rcDMA   bsp_usart.o
    0x08002a30   0x08002a30   0x00000002   Code   RO          417    i.UsageFault_Handler  stm32f4xx_it.o
    0x08002a32   0x08002a32   0x00000002   PAD
    0x08002a34   0x08002a34   0x000000a8   Code   RO         4918    i.User_rx_Callback  button_motor.o
    0x08002adc   0x08002adc   0x00000028   Code   RO         5075    i.WriteOneByteToRingBuffer  ring_buffer.o
    0x08002b04   0x08002b04   0x0000001e   Code   RO         5076    i.WriteRingBuffer   ring_buffer.o
    0x08002b22   0x08002b22   0x00000002   PAD
    0x08002b24   0x08002b24   0x00000020   Code   RO         5245    i.__0printf$1       mc_w.l(printf1.o)
    0x08002b44   0x08002b44   0x00000020   Code   RO         1402    i.__NVIC_SetPriority  stm32f4xx_hal_cortex.o
    0x08002b64   0x08002b64   0x0000000e   Code   RO         5503    i.__scatterload_copy  mc_w.l(handlers.o)
    0x08002b72   0x08002b72   0x00000002   Code   RO         5504    i.__scatterload_null  mc_w.l(handlers.o)
    0x08002b74   0x08002b74   0x0000000e   Code   RO         5505    i.__scatterload_zeroinit  mc_w.l(handlers.o)
    0x08002b82   0x08002b82   0x00000002   PAD
    0x08002b84   0x08002b84   0x00000154   Code   RO         5252    i._printf_core      mc_w.l(printf1.o)
    0x08002cd8   0x08002cd8   0x00000012   Code   RO         5139    i.bsp_usart_init    bsp_usart.o
    0x08002cea   0x08002cea   0x00000002   PAD
    0x08002cec   0x08002cec   0x00000128   Code   RO         4919    i.button_task       button_motor.o
    0x08002e14   0x08002e14   0x0000000c   Code   RO         4920    i.buzzer_task       button_motor.o
    0x08002e20   0x08002e20   0x00000018   Code   RO          350    i.fputc             usart.o
    0x08002e38   0x08002e38   0x00000054   Code   RO         5027    i.frameInstance_init  self_def_message_1.o
    0x08002e8c   0x08002e8c   0x0000001c   Code   RO         4921    i.led1_task         button_motor.o
    0x08002ea8   0x08002ea8   0x0000001c   Code   RO         4922    i.led2_task         button_motor.o
    0x08002ec4   0x08002ec4   0x0000001c   Code   RO         4923    i.led3_task         button_motor.o
    0x08002ee0   0x08002ee0   0x0000002e   Code   RO           16    i.main              main.o
    0x08002f0e   0x08002f0e   0x0000001a   Code   RO         4269    i.osDelay           cmsis_os2.o
    0x08002f28   0x08002f28   0x0000002c   Code   RO         4274    i.osEventFlagsNew   cmsis_os2.o
    0x08002f54   0x08002f54   0x00000024   Code   RO         4283    i.osKernelInitialize  cmsis_os2.o
    0x08002f78   0x08002f78   0x00000038   Code   RO         4286    i.osKernelStart     cmsis_os2.o
    0x08002fb0   0x08002fb0   0x00000058   Code   RO         4303    i.osMessageQueueNew  cmsis_os2.o
    0x08003008   0x08003008   0x0000008a   Code   RO         4328    i.osThreadNew       cmsis_os2.o
    0x08003092   0x08003092   0x00000020   Code   RO         4329    i.osThreadResume    cmsis_os2.o
    0x080030b2   0x080030b2   0x00000020   Code   RO         4331    i.osThreadSuspend   cmsis_os2.o
    0x080030d2   0x080030d2   0x00000002   PAD
    0x080030d4   0x080030d4   0x0000005c   Code   RO         3728    i.prvAddCurrentTaskToDelayedList  tasks.o
    0x08003130   0x08003130   0x000000d0   Code   RO         3729    i.prvAddNewTaskToReadyList  tasks.o
    0x08003200   0x08003200   0x00000058   Code   RO         4093    i.prvCheckForValidListAndQueue  timers.o
    0x08003258   0x08003258   0x00000026   Code   RO         3325    i.prvCopyDataFromQueue  queue.o
    0x0800327e   0x0800327e   0x0000006c   Code   RO         3326    i.prvCopyDataToQueue  queue.o
    0x080032ea   0x080032ea   0x00000034   Code   RO         3730    i.prvDeleteTCB      tasks.o
    0x0800331e   0x0800331e   0x00000002   PAD
    0x08003320   0x08003320   0x0000004c   Code   RO         4780    i.prvHeapInit       heap_4.o
    0x0800336c   0x0800336c   0x00000060   Code   RO         3731    i.prvIdleTask       tasks.o
    0x080033cc   0x080033cc   0x00000022   Code   RO         3328    i.prvInitialiseNewQueue  queue.o
    0x080033ee   0x080033ee   0x00000002   PAD
    0x080033f0   0x080033f0   0x000000b0   Code   RO         3732    i.prvInitialiseNewTask  tasks.o
    0x080034a0   0x080034a0   0x0000004c   Code   RO         4781    i.prvInsertBlockIntoFreeList  heap_4.o
    0x080034ec   0x080034ec   0x00000038   Code   RO         4095    i.prvInsertTimerInActiveList  timers.o
    0x08003524   0x08003524   0x0000001c   Code   RO         3329    i.prvIsQueueEmpty   queue.o
    0x08003540   0x08003540   0x000000fc   Code   RO         4096    i.prvProcessReceivedCommands  timers.o
    0x0800363c   0x0800363c   0x000000c0   Code   RO         4097    i.prvProcessTimerOrBlockTask  timers.o
    0x080036fc   0x080036fc   0x00000020   Code   RO         3734    i.prvResetNextTaskUnblockTime  tasks.o
    0x0800371c   0x0800371c   0x00000028   Code   RO         4098    i.prvSampleTimeNow  timers.o
    0x08003744   0x08003744   0x0000006c   Code   RO         4099    i.prvSwitchTimerLists  timers.o
    0x080037b0   0x080037b0   0x00000028   Code   RO         4836    i.prvTaskExitError  port.o
    0x080037d8   0x080037d8   0x00000034   Code   RO         3736    i.prvTaskIsTaskSuspended  tasks.o
    0x0800380c   0x0800380c   0x00000014   Code   RO         3163    i.prvTestWaitCondition  event_groups.o
    0x08003820   0x08003820   0x00000024   Code   RO         4100    i.prvTimerTask      timers.o
    0x08003844   0x08003844   0x0000006a   Code   RO         3330    i.prvUnlockQueue    queue.o
    0x080038ae   0x080038ae   0x00000002   PAD
    0x080038b0   0x080038b0   0x000000dc   Code   RO         4782    i.pvPortMalloc      heap_4.o
    0x0800398c   0x0800398c   0x0000002c   Code   RO         4837    i.pxPortInitialiseStack  port.o
    0x080039b8   0x080039b8   0x00000026   Code   RO         3285    i.uxListRemove      list.o
    0x080039de   0x080039de   0x00000002   PAD
    0x080039e0   0x080039e0   0x00000018   Code   RO         3746    i.uxTaskResetEventItemValue  tasks.o
    0x080039f8   0x080039f8   0x00000014   Code   RO         4340    i.vApplicationGetIdleTaskMemory  cmsis_os2.o
    0x08003a0c   0x08003a0c   0x00000018   Code   RO         4341    i.vApplicationGetTimerTaskMemory  cmsis_os2.o
    0x08003a24   0x08003a24   0x00000004   Code   RO         3165    i.vEventGroupClearBitsCallback  event_groups.o
    0x08003a28   0x08003a28   0x00000004   Code   RO         3167    i.vEventGroupSetBitsCallback  event_groups.o
    0x08003a2c   0x08003a2c   0x00000016   Code   RO         3286    i.vListInitialise   list.o
    0x08003a42   0x08003a42   0x00000006   Code   RO         3287    i.vListInitialiseItem  list.o
    0x08003a48   0x08003a48   0x00000030   Code   RO         3288    i.vListInsert       list.o
    0x08003a78   0x08003a78   0x00000018   Code   RO         3289    i.vListInsertEnd    list.o
    0x08003a90   0x08003a90   0x00000040   Code   RO         4839    i.vPortEnterCritical  port.o
    0x08003ad0   0x08003ad0   0x00000028   Code   RO         4840    i.vPortExitCritical  port.o
    0x08003af8   0x08003af8   0x00000064   Code   RO         4783    i.vPortFree         heap_4.o
    0x08003b5c   0x08003b5c   0x00000024   Code   RO         4841    i.vPortSetupTimerInterrupt  port.o
    0x08003b80   0x08003b80   0x00000054   Code   RO         4842    i.vPortValidateInterruptPriority  port.o
    0x08003bd4   0x08003bd4   0x00000028   Code   RO         3336    i.vQueueAddToRegistry  queue.o
    0x08003bfc   0x08003bfc   0x00000044   Code   RO         3340    i.vQueueWaitForMessageRestricted  queue.o
    0x08003c40   0x08003c40   0x0000004c   Code   RO         3747    i.vTaskDelay        tasks.o
    0x08003c8c   0x08003c8c   0x00000010   Code   RO         3752    i.vTaskInternalSetTimeOutState  tasks.o
    0x08003c9c   0x08003c9c   0x0000000c   Code   RO         3753    i.vTaskMissedYield  tasks.o
    0x08003ca8   0x08003ca8   0x00000030   Code   RO         3755    i.vTaskPlaceOnEventList  tasks.o
    0x08003cd8   0x08003cd8   0x00000038   Code   RO         3756    i.vTaskPlaceOnEventListRestricted  tasks.o
    0x08003d10   0x08003d10   0x00000050   Code   RO         3757    i.vTaskPlaceOnUnorderedEventList  tasks.o
    0x08003d60   0x08003d60   0x00000070   Code   RO         3760    i.vTaskRemoveFromUnorderedEventList  tasks.o
    0x08003dd0   0x08003dd0   0x0000007c   Code   RO         3761    i.vTaskResume       tasks.o
    0x08003e4c   0x08003e4c   0x00000088   Code   RO         3764    i.vTaskStartScheduler  tasks.o
    0x08003ed4   0x08003ed4   0x0000009c   Code   RO         3765    i.vTaskSuspend      tasks.o
    0x08003f70   0x08003f70   0x00000010   Code   RO         3766    i.vTaskSuspendAll   tasks.o
    0x08003f80   0x08003f80   0x00000064   Code   RO         3767    i.vTaskSwitchContext  tasks.o
    0x08003fe4   0x08003fe4   0x00000040   Code   RO         3169    i.xEventGroupClearBits  event_groups.o
    0x08004024   0x08004024   0x00000010   Code   RO         3170    i.xEventGroupClearBitsFromISR  event_groups.o
    0x08004034   0x08004034   0x0000001c   Code   RO         3171    i.xEventGroupCreate  event_groups.o
    0x08004050   0x08004050   0x0000002c   Code   RO         3172    i.xEventGroupCreateStatic  event_groups.o
    0x0800407c   0x0800407c   0x0000008c   Code   RO         3174    i.xEventGroupSetBits  event_groups.o
    0x08004108   0x08004108   0x00000010   Code   RO         3175    i.xEventGroupSetBitsFromISR  event_groups.o
    0x08004118   0x08004118   0x00000108   Code   RO         3177    i.xEventGroupWaitBits  event_groups.o
    0x08004220   0x08004220   0x000000f4   Code   RO         4843    i.xPortStartScheduler  port.o
    0x08004314   0x08004314   0x0000002c   Code   RO         4844    i.xPortSysTickHandler  port.o
    0x08004340   0x08004340   0x00000042   Code   RO         3345    i.xQueueGenericCreate  queue.o
    0x08004382   0x08004382   0x00000066   Code   RO         3346    i.xQueueGenericCreateStatic  queue.o
    0x080043e8   0x080043e8   0x00000088   Code   RO         3347    i.xQueueGenericReset  queue.o
    0x08004470   0x08004470   0x00000160   Code   RO         3348    i.xQueueGenericSend  queue.o
    0x080045d0   0x080045d0   0x000000be   Code   RO         3349    i.xQueueGenericSendFromISR  queue.o
    0x0800468e   0x0800468e   0x00000002   PAD
    0x08004690   0x08004690   0x00000138   Code   RO         3358    i.xQueueReceive     queue.o
    0x080047c8   0x080047c8   0x00000074   Code   RO         3769    i.xTaskCheckForTimeOut  tasks.o
    0x0800483c   0x0800483c   0x0000005a   Code   RO         3770    i.xTaskCreate       tasks.o
    0x08004896   0x08004896   0x00000056   Code   RO         3771    i.xTaskCreateStatic  tasks.o
    0x080048ec   0x080048ec   0x0000001c   Code   RO         3775    i.xTaskGetSchedulerState  tasks.o
    0x08004908   0x08004908   0x0000000c   Code   RO         3776    i.xTaskGetTickCount  tasks.o
    0x08004914   0x08004914   0x000000c8   Code   RO         3778    i.xTaskIncrementTick  tasks.o
    0x080049dc   0x080049dc   0x00000080   Code   RO         3781    i.xTaskPriorityDisinherit  tasks.o
    0x08004a5c   0x08004a5c   0x00000070   Code   RO         3783    i.xTaskRemoveFromEventList  tasks.o
    0x08004acc   0x08004acc   0x000000c4   Code   RO         3784    i.xTaskResumeAll    tasks.o
    0x08004b90   0x08004b90   0x00000060   Code   RO         4109    i.xTimerCreateTimerTask  timers.o
    0x08004bf0   0x08004bf0   0x00000068   Code   RO         4110    i.xTimerGenericCommand  timers.o
    0x08004c58   0x08004c58   0x00000028   Code   RO         4116    i.xTimerPendFunctionCallFromISR  timers.o
    0x08004c80   0x08004c80   0x00000100   Data   RO          232    .constdata          freertos.o
    0x08004d80   0x08004d80   0x00000008   Data   RO         1101    .constdata          stm32f4xx_hal_dma.o
    0x08004d88   0x08004d88   0x00000010   Data   RO         3121    .constdata          system_stm32f4xx.o
    0x08004d98   0x08004d98   0x00000008   Data   RO         3122    .constdata          system_stm32f4xx.o
    0x08004da0   0x08004da0   0x00000060   Data   RO          233    .conststring        freertos.o
    0x08004e00   0x08004e00   0x00000020   Data   RO         5501    Region$$Table       anon$$obj.o


    Execution Region RW_IRAM2 (Exec base: 0x10000000, Load base: 0x08004ed4, Size: 0x00000000, Max: 0x00010000, ABSOLUTE)

    **** No section assigned to this execution region ****


    Execution Region RW_IRAM1 (Exec base: 0x20000000, Load base: 0x08004e20, Size: 0x00005230, Max: 0x00030000, ABSOLUTE)

    Exec Addr    Load Addr    Size         Type   Attr      Idx    E Section Name        Object

    0x20000000   0x08004e20   0x00000020   Data   RW          234    .data               freertos.o
    0x20000020   0x08004e40   0x0000000c   Data   RW         1548    .data               stm32f4xx_hal.o
    0x2000002c   0x08004e4c   0x00000004   Data   RW         3123    .data               system_stm32f4xx.o
    0x20000030   0x08004e50   0x0000003c   Data   RW         3787    .data               tasks.o
    0x2000006c   0x08004e8c   0x00000014   Data   RW         4118    .data               timers.o
    0x20000080   0x08004ea0   0x00000004   Data   RW         4343    .data               cmsis_os2.o
    0x20000084   0x08004ea4   0x00000020   Data   RW         4789    .data               heap_4.o
    0x200000a4   0x08004ec4   0x0000000c   Data   RW         4845    .data               port.o
    0x200000b0   0x08004ed0   0x00000004   Data   RW         5477    .data               mc_w.l(stdout.o)
    0x200000b4        -       0x00000048   Zero   RW          301    .bss                tim.o
    0x200000fc        -       0x00000208   Zero   RW          351    .bss                usart.o
    0x20000304        -       0x00000048   Zero   RW          539    .bss                stm32f4xx_hal_timebase_tim.o
    0x2000034c        -       0x00000040   Zero   RW         3362    .bss                queue.o
    0x2000038c        -       0x000004c4   Zero   RW         3786    .bss                tasks.o
    0x20000850        -       0x00000118   Zero   RW         4117    .bss                timers.o
    0x20000968        -       0x000006b8   Zero   RW         4342    .bss                cmsis_os2.o
    0x20001020        -       0x00003c00   Zero   RW         4788    .bss                heap_4.o
    0x20004c20        -       0x00000178   Zero   RW         4924    .bss                button_motor.o
    0x20004d98        -       0x00000094   Zero   RW         5029    .bss                self_def_message_1.o
    0x20004e2c   0x08004ed4   0x00000004   PAD
    0x20004e30        -       0x00000400   Zero   RW            1    STACK               startup_stm32f427xx.o


==============================================================================

Image component sizes


      Code (inc. data)   RO Data    RW Data    ZI Data      Debug   Object Name

       104          6          0          0          0       2993   bsp_usart.o
       830        242          0          0        376      13087   button_motor.o
       522         22          0          4       1720      69276   cmsis_os2.o
       108          4          0          0          0        854   dma.o
       600         12          0          0          0      30018   event_groups.o
       152         32        352         32          0       2560   freertos.o
       152          8          0          0          0       1039   gpio.o
       472         24          0         32      15360       4919   heap_4.o
       138          0          0          0          0       3602   list.o
       230         16          0          0          0     759264   main.o
       786         82          0         12          0      11625   port.o
      1580         20          0          0         64      18598   queue.o
       206          0          0          0          0       5512   ring_buffer.o
       132         26          0          0        148       3079   self_def_message_1.o
        36          8        428          0       1024        844   startup_stm32f427xx.o
        80         14          0         12          0       8286   stm32f4xx_hal.o
       194         24          0          0          0      33829   stm32f4xx_hal_cortex.o
      1084         16          8          0          0       7438   stm32f4xx_hal_dma.o
       564         54          0          0          0       1572   stm32f4xx_hal_gpio.o
        56          4          0          0          0        886   stm32f4xx_hal_msp.o
       112         14          0          0          0       1308   stm32f4xx_hal_pwr_ex.o
      1412         86          0          0          0       5969   stm32f4xx_hal_rcc.o
      1794        108          0          0          0      15638   stm32f4xx_hal_tim.o
       148         28          0          0          0       2497   stm32f4xx_hal_tim_ex.o
       140         20          0          0         72       1463   stm32f4xx_hal_timebase_tim.o
      2064         30          0          0          0      14500   stm32f4xx_hal_uart.o
       120         50          0          0          0       7820   stm32f4xx_it.o
         0          0          0          0          0        384   stream_buffer.o
        16          4         24          4          0       1159   system_stm32f4xx.o
      2632        216          0         60       1220      32350   tasks.o
       352         24          0          0         72       2504   tim.o
      1012         86          0         20        280      33155   timers.o
       552         56          0          0        520       3395   usart.o

    ----------------------------------------------------------------------
     18416       1336        844        176      20860    1101423   Object Totals
         0          0         32          0          0          0   (incl. Generated)
        36          0          0          0          4          0   (incl. Padding)

    ----------------------------------------------------------------------

      Code (inc. data)   RO Data    RW Data    ZI Data      Debug   Library Member Name

         0          0          0          0          0          0   entry.o
         0          0          0          0          0          0   entry10a.o
         0          0          0          0          0          0   entry11a.o
         4          0          0          0          0          0   entry12b.o
         8          4          0          0          0          0   entry2.o
         4          0          0          0          0          0   entry5.o
         0          0          0          0          0          0   entry7b.o
         0          0          0          0          0          0   entry8b.o
         8          4          0          0          0          0   entry9a.o
        30          0          0          0          0          0   handlers.o
        36          8          0          0          0         68   init.o
        30          0          0          0          0         68   llshl.o
        32          0          0          0          0         68   llushr.o
        36          0          0          0          0         68   memcpya.o
        36          0          0          0          0        108   memseta.o
       372         14          0          0          0        184   printf1.o
         0          0          0          4          0          0   stdout.o
        44          0          0          0          0         80   uidiv.o
        98          0          0          0          0         92   uldiv.o

    ----------------------------------------------------------------------
       740         30          0          4          0        736   Library Totals
         2          0          0          0          0          0   (incl. Padding)

    ----------------------------------------------------------------------

      Code (inc. data)   RO Data    RW Data    ZI Data      Debug   Library Name

       738         30          0          4          0        736   mc_w.l

    ----------------------------------------------------------------------
       740         30          0          4          0        736   Library Totals

    ----------------------------------------------------------------------

==============================================================================


      Code (inc. data)   RO Data    RW Data    ZI Data      Debug   

     19156       1366        844        180      20860    1082151   Grand Totals
     19156       1366        844        180      20860    1082151   ELF Image Totals
     19156       1366        844        180          0          0   ROM Totals

==============================================================================

    Total RO  Size (Code + RO Data)                20000 (  19.53kB)
    Total RW  Size (RW Data + ZI Data)             21040 (  20.55kB)
    Total ROM Size (Code + RO Data + RW Data)      20180 (  19.71kB)

==============================================================================

